Archive member included to satisfy reference by file (symbol)

/home/paul/RIOT/examples/LwM2M_Port/bin/native/application_LwM2M.a(main.o)
                              /usr/lib/gcc/x86_64-linux-gnu/7/../../../../lib32/Scrt1.o (main)
/home/paul/RIOT/examples/LwM2M_Port/bin/native/M2M.a(m2mstring.o)
                              /home/paul/RIOT/examples/LwM2M_Port/bin/native/application_LwM2M.a(main.o) (m2m::String::String())
/home/paul/RIOT/examples/LwM2M_Port/bin/native/M2M.a(m2mbase.o)
                              /home/paul/RIOT/examples/LwM2M_Port/bin/native/application_LwM2M.a(main.o) (M2MBase::uri_path() const)
/home/paul/RIOT/examples/LwM2M_Port/bin/native/M2M.a(m2mstringbufferbase.o)
                              /home/paul/RIOT/examples/LwM2M_Port/bin/native/M2M.a(m2mbase.o) (StringBufferBase::ensure_space(unsigned int, unsigned int) const)
/home/paul/RIOT/examples/LwM2M_Port/bin/native/M2M.a(m2msecurity.o)
                              /home/paul/RIOT/examples/LwM2M_Port/bin/native/application_LwM2M.a(main.o) (M2MSecurity::delete_instance())
/home/paul/RIOT/examples/LwM2M_Port/bin/native/M2M.a(m2mcallbackstorage.o)
                              /home/paul/RIOT/examples/LwM2M_Port/bin/native/M2M.a(m2mbase.o) (M2MCallbackStorage::add_callback(M2MBase const&, void*, M2MCallbackAssociation::M2MCallbackType, void*))
/home/paul/RIOT/examples/LwM2M_Port/bin/native/M2M.a(m2mobjectinstance.o)
                              /home/paul/RIOT/examples/LwM2M_Port/bin/native/M2M.a(m2msecurity.o) (M2MObjectInstance::resource(char const*) const)
/home/paul/RIOT/examples/LwM2M_Port/bin/native/M2M.a(m2mtlvserializer.o)
                              /home/paul/RIOT/examples/LwM2M_Port/bin/native/M2M.a(m2mobjectinstance.o) (M2MTLVSerializer::serialize(m2m::Vector<M2MResource*> const&, unsigned int&))
/home/paul/RIOT/examples/LwM2M_Port/bin/native/M2M.a(m2mresourceinstance.o)
                              /home/paul/RIOT/examples/LwM2M_Port/bin/native/M2M.a(m2mobjectinstance.o) (M2MResourceInstance::M2MResourceInstance(M2MResource&, m2m::String const&, M2MBase::Mode, m2m::String const&, M2MBase::DataType, char*, bool, bool))
/home/paul/RIOT/examples/LwM2M_Port/bin/native/M2M.a(nsdlaccesshelper.o)
                              /home/paul/RIOT/examples/LwM2M_Port/bin/native/M2M.a(m2mbase.o) (__nsdl_c_callback)
/home/paul/RIOT/examples/LwM2M_Port/bin/native/M2M.a(m2mresourcebase.o)
                              /home/paul/RIOT/examples/LwM2M_Port/bin/native/M2M.a(m2mresourceinstance.o) (M2MResourceBase::M2MResourceBase(m2m::String const&, M2MBase::Mode, m2m::String const&, M2MBase::DataType, char*, bool, bool))
/home/paul/RIOT/examples/LwM2M_Port/bin/native/M2M.a(m2mreporthandler.o)
                              /home/paul/RIOT/examples/LwM2M_Port/bin/native/M2M.a(m2mbase.o) (M2MReportHandler::M2MReportHandler(M2MReportObserver&))
/home/paul/RIOT/examples/LwM2M_Port/bin/native/M2M.a(m2mtlvdeserializer.o)
                              /home/paul/RIOT/examples/LwM2M_Port/bin/native/M2M.a(m2mobjectinstance.o) (M2MTLVDeserializer::deserialize_resources(unsigned char const*, unsigned int, M2MObjectInstance&, M2MTLVDeserializer::Operation))
/home/paul/RIOT/examples/LwM2M_Port/bin/native/M2M.a(m2mobject.o)
                              /home/paul/RIOT/examples/LwM2M_Port/bin/native/M2M.a(m2msecurity.o) (M2MObject::M2MObject(m2m::String const&, char*, bool))
/home/paul/RIOT/examples/LwM2M_Port/bin/native/M2M.a(m2mblockmessage.o)
                              /home/paul/RIOT/examples/LwM2M_Port/bin/native/M2M.a(m2mresourcebase.o) (M2MBlockMessage::M2MBlockMessage())
/home/paul/RIOT/examples/LwM2M_Port/bin/native/M2M.a(m2mnsdlinterface.o)
                              /home/paul/RIOT/examples/LwM2M_Port/bin/native/M2M.a(nsdlaccesshelper.o) (M2MNsdlInterface::send_to_server_callback(nsdl_s*, sn_nsdl_capab_, unsigned char*, unsigned short, sn_nsdl_addr_*))
/home/paul/RIOT/examples/LwM2M_Port/bin/native/M2M.a(m2mdevice.o)
                              /home/paul/RIOT/examples/LwM2M_Port/bin/native/M2M.a(m2mnsdlinterface.o) (M2MDevice::create_resource(M2MDevice::DeviceResource, long long))
/home/paul/RIOT/examples/LwM2M_Port/bin/native/M2M.a(m2mresource.o)
                              /home/paul/RIOT/examples/LwM2M_Port/bin/native/M2M.a(m2mobjectinstance.o) (M2MResource::M2MResource(M2MObjectInstance&, m2m::String const&, M2MBase::Mode, m2m::String const&, M2MBase::DataType, unsigned char const*, unsigned char, char*, bool, bool))
/home/paul/RIOT/examples/LwM2M_Port/bin/native/M2M.a(m2mserver.o)
                              /home/paul/RIOT/examples/LwM2M_Port/bin/native/M2M.a(m2mnsdlinterface.o) (M2MServer::M2MServer())
/home/paul/RIOT/examples/LwM2M_Port/bin/native/M2M.a(m2minterfacefactory.o)
                              /home/paul/RIOT/examples/LwM2M_Port/bin/native/M2M.a(m2mnsdlinterface.o) (M2MInterfaceFactory::create_device())
/home/paul/RIOT/examples/LwM2M_Port/bin/native/M2M.a(m2mfirmware.o)
                              /home/paul/RIOT/examples/LwM2M_Port/bin/native/M2M.a(m2minterfacefactory.o) (M2MFirmware::get_instance())
/home/paul/RIOT/examples/LwM2M_Port/bin/native/M2M.a(m2minterfaceimpl.o)
                              /home/paul/RIOT/examples/LwM2M_Port/bin/native/M2M.a(m2minterfacefactory.o) (M2MInterfaceImpl::M2MInterfaceImpl(M2MInterfaceObserver&, m2m::String const&, m2m::String const&, int, unsigned short, m2m::String const&, M2MInterface::BindingMode, M2MInterface::NetworkStack, m2m::String const&))
/home/paul/RIOT/examples/LwM2M_Port/bin/native/M2MEventLoop.a(event.o)
                              /home/paul/RIOT/examples/LwM2M_Port/bin/native/M2M.a(m2mnsdlinterface.o) (eventOS_event_handler_create)
/home/paul/RIOT/examples/LwM2M_Port/bin/native/M2MEventLoop.a(system_timer.o)
                              /home/paul/RIOT/examples/LwM2M_Port/bin/native/M2MEventLoop.a(event.o) (timer_sys_init)
/home/paul/RIOT/examples/LwM2M_Port/bin/native/M2MEventLoop.a(ns_timer.o)
                              /home/paul/RIOT/examples/LwM2M_Port/bin/native/M2MEventLoop.a(system_timer.o) (eventOS_callback_timer_register)
/home/paul/RIOT/examples/LwM2M_Port/bin/native/M2MRIOT.a(m2mtimer.o)
                              /home/paul/RIOT/examples/LwM2M_Port/bin/native/M2M.a(m2mreporthandler.o) (M2MTimer::M2MTimer(M2MTimerObserver&))
/home/paul/RIOT/examples/LwM2M_Port/bin/native/M2MRIOT.a(m2mtimerpimpl.o)
                              /home/paul/RIOT/examples/LwM2M_Port/bin/native/M2MRIOT.a(m2mtimer.o) (M2MTimerPimpl::M2MTimerPimpl(M2MTimerObserver&))
/home/paul/RIOT/examples/LwM2M_Port/bin/native/M2MRIOT.a(m2mconnectionhandler.o)
                              /home/paul/RIOT/examples/LwM2M_Port/bin/native/M2M.a(m2minterfaceimpl.o) (M2MConnectionHandler::M2MConnectionHandler(M2MConnectionObserver&, M2MConnectionSecurity*, M2MInterface::BindingMode, M2MInterface::NetworkStack))
/home/paul/RIOT/examples/LwM2M_Port/bin/native/M2MRIOT.a(m2mconnectionhandlerpimpl.o)
                              /home/paul/RIOT/examples/LwM2M_Port/bin/native/M2MRIOT.a(m2mconnectionhandler.o) (M2MConnectionHandlerPimpl::M2MConnectionHandlerPimpl(M2MConnectionHandler*, M2MConnectionObserver&, M2MConnectionSecurity*, M2MInterface::BindingMode, M2MInterface::NetworkStack))
/home/paul/RIOT/examples/LwM2M_Port/bin/native/M2MUTIL.a(common_functions.o)
                              /home/paul/RIOT/examples/LwM2M_Port/bin/native/M2M.a(m2mtlvserializer.o) (common_write_64_bit)
/home/paul/RIOT/examples/LwM2M_Port/bin/native/M2MUTIL.a(ns_list.o)
                              /home/paul/RIOT/examples/LwM2M_Port/bin/native/M2M.a(m2mnsdlinterface.o) (ns_list_init_)
/home/paul/RIOT/examples/LwM2M_Port/bin/native/M2MUTIL.a(randLIB.o)
                              /home/paul/RIOT/examples/LwM2M_Port/bin/native/M2M.a(m2minterfaceimpl.o) (randLIB_seed_random)
/home/paul/RIOT/examples/LwM2M_Port/bin/native/M2MUTIL.a(nsdynmemLIB.o)
                              /home/paul/RIOT/examples/LwM2M_Port/bin/native/M2MEventLoop.a(event.o) (ns_dyn_mem_alloc)
/home/paul/RIOT/examples/LwM2M_Port/bin/native/MCOAP.a(sn_nsdl.o)
                              /home/paul/RIOT/examples/LwM2M_Port/bin/native/M2M.a(m2mnsdlinterface.o) (sn_nsdl_destroy)
/home/paul/RIOT/examples/LwM2M_Port/bin/native/MCOAP.a(sn_grs.o)
                              /home/paul/RIOT/examples/LwM2M_Port/bin/native/MCOAP.a(sn_nsdl.o) (sn_grs_destroy)
/home/paul/RIOT/examples/LwM2M_Port/bin/native/board.a(board_init.o)
                              /home/paul/RIOT/examples/LwM2M_Port/bin/native/cpu/startup.o (board_init)
/home/paul/RIOT/examples/LwM2M_Port/bin/native/core.a(kernel_init.o)
                              /home/paul/RIOT/examples/LwM2M_Port/bin/native/cpu/startup.o (kernel_init)
/home/paul/RIOT/examples/LwM2M_Port/bin/native/core.a(assert.o)
                              /home/paul/RIOT/examples/LwM2M_Port/bin/native/cpu/startup.o (_assert_failure)
/home/paul/RIOT/examples/LwM2M_Port/bin/native/core.a(thread.o)
                              /home/paul/RIOT/examples/LwM2M_Port/bin/native/core.a(kernel_init.o) (thread_create)
/home/paul/RIOT/examples/LwM2M_Port/bin/native/core.a(panic.o)
                              /home/paul/RIOT/examples/LwM2M_Port/bin/native/core.a(assert.o) (assert_crash_message)
/home/paul/RIOT/examples/LwM2M_Port/bin/native/core.a(sched.o)
                              /home/paul/RIOT/examples/LwM2M_Port/bin/native/core.a(thread.o) (sched_num_threads)
/home/paul/RIOT/examples/LwM2M_Port/bin/native/cpu.a(syscalls.o)
                              /home/paul/RIOT/examples/LwM2M_Port/bin/native/cpu/startup.o (real_exit)
/home/paul/RIOT/examples/LwM2M_Port/bin/native/cpu.a(irq_cpu.o)
                              /home/paul/RIOT/examples/LwM2M_Port/bin/native/cpu.a(syscalls.o) (native_interrupts_enabled)
/home/paul/RIOT/examples/LwM2M_Port/bin/native/cpu.a(native_cpu.o)
                              /home/paul/RIOT/examples/LwM2M_Port/bin/native/core.a(thread.o) (thread_stack_init)
/home/paul/RIOT/examples/LwM2M_Port/bin/native/cpu.a(tramp.o)
                              /home/paul/RIOT/examples/LwM2M_Port/bin/native/cpu.a(irq_cpu.o) (_native_sig_leave_tramp)
/home/paul/RIOT/examples/LwM2M_Port/bin/native/native-drivers.a(native-led.o)
                              /home/paul/RIOT/examples/LwM2M_Port/bin/native/board.a(board_init.o) (_native_LED_GREEN_ON)
/home/paul/RIOT/examples/LwM2M_Port/bin/native/periph.a(uart.o)
                              /home/paul/RIOT/examples/LwM2M_Port/bin/native/cpu/startup.o (tty_uart_setup)
/home/paul/RIOT/examples/LwM2M_Port/bin/native/periph.a(pm.o)
                              /home/paul/RIOT/examples/LwM2M_Port/bin/native/core.a(kernel_init.o) (pm_set_lowest)
/home/paul/RIOT/examples/LwM2M_Port/bin/native/periph_common.a(init.o)
                              /home/paul/RIOT/examples/LwM2M_Port/bin/native/cpu/startup.o (periph_init)
/home/paul/RIOT/examples/LwM2M_Port/bin/native/COAP.a(sn_coap_parser.o)
                              /home/paul/RIOT/examples/LwM2M_Port/bin/native/MCOAP.a(sn_nsdl.o) (sn_coap_parser_init_message)
/home/paul/RIOT/examples/LwM2M_Port/bin/native/COAP.a(sn_coap_builder.o)
                              /home/paul/RIOT/examples/LwM2M_Port/bin/native/MCOAP.a(sn_nsdl.o) (sn_coap_build_response)
/home/paul/RIOT/examples/LwM2M_Port/bin/native/COAP.a(sn_coap_header_check.o)
                              /home/paul/RIOT/examples/LwM2M_Port/bin/native/COAP.a(sn_coap_builder.o) (sn_coap_header_validity_check)
/home/paul/RIOT/examples/LwM2M_Port/bin/native/COAP.a(sn_coap_protocol.o)
                              /home/paul/RIOT/examples/LwM2M_Port/bin/native/MCOAP.a(sn_nsdl.o) (sn_coap_protocol_destroy)
/home/paul/RIOT/examples/LwM2M_Port/bin/native/auto_init.a(auto_init.o)
                              /home/paul/RIOT/examples/LwM2M_Port/bin/native/core.a(kernel_init.o) (auto_init)
/home/paul/RIOT/examples/LwM2M_Port/bin/native/cpu.a(async_read.o)
                              /home/paul/RIOT/examples/LwM2M_Port/bin/native/periph.a(uart.o) (native_async_read_setup)
/usr/lib32/libc_nonshared.a(elf-init.oS)
                              /usr/lib/gcc/x86_64-linux-gnu/7/../../../../lib32/Scrt1.o (__libc_csu_init)
/usr/lib32/libc_nonshared.a(stack_chk_fail_local.oS)
                              /home/paul/RIOT/examples/LwM2M_Port/bin/native/cpu/startup.o (__stack_chk_fail_local)

As-needed library included to satisfy reference by file (symbol)

libdl.so.2                    /home/paul/RIOT/examples/LwM2M_Port/bin/native/cpu.a(syscalls.o) (dlsym@@GLIBC_2.0)
libstdc++.so.6                /home/paul/RIOT/examples/LwM2M_Port/bin/native/application_LwM2M.a(main.o) (std::__cxx11::basic_string<char, std::char_traits<char>, std::allocator<char> >::~basic_string()@@GLIBCXX_3.4.21)
libgcc_s.so.1                 /home/paul/RIOT/examples/LwM2M_Port/bin/native/M2M.a(m2mstring.o) (__moddi3@@GLIBC_2.0)
libc.so.6                     /home/paul/RIOT/examples/LwM2M_Port/bin/native/M2MUTIL.a(randLIB.o) (fopen@@GLIBC_2.1)
/home/paul/RIOT/examples/LwM2M_Port/bin/native/cpu.a(tramp.o): dynamic relocation against `_native_isr_ctx' in read-only section `.text'

Discarded input sections

 .rodata        0x0000000000000000        0x4 /usr/lib/gcc/x86_64-linux-gnu/7/../../../../lib32/Scrt1.o
 .data          0x0000000000000000        0x4 /usr/lib/gcc/x86_64-linux-gnu/7/../../../../lib32/Scrt1.o
 .bss           0x0000000000000000        0x0 /usr/lib/gcc/x86_64-linux-gnu/7/../../../../lib32/Scrt1.o
 .note.GNU-stack
                0x0000000000000000        0x0 /usr/lib/gcc/x86_64-linux-gnu/7/../../../../lib32/Scrt1.o
 .text          0x0000000000000000        0x0 /usr/lib/gcc/x86_64-linux-gnu/7/../../../../lib32/crti.o
 .data          0x0000000000000000        0x0 /usr/lib/gcc/x86_64-linux-gnu/7/../../../../lib32/crti.o
 .bss           0x0000000000000000        0x0 /usr/lib/gcc/x86_64-linux-gnu/7/../../../../lib32/crti.o
 .note.GNU-stack
                0x0000000000000000        0x0 /usr/lib/gcc/x86_64-linux-gnu/7/../../../../lib32/crti.o
 .group         0x0000000000000000        0x8 /usr/lib/gcc/x86_64-linux-gnu/7/32/crtbeginS.o
 .group         0x0000000000000000        0x8 /usr/lib/gcc/x86_64-linux-gnu/7/32/crtbeginS.o
 .data          0x0000000000000000        0x0 /usr/lib/gcc/x86_64-linux-gnu/7/32/crtbeginS.o
 .text.__x86.get_pc_thunk.bx
                0x0000000000000000        0x4 /usr/lib/gcc/x86_64-linux-gnu/7/32/crtbeginS.o
 .note.GNU-stack
                0x0000000000000000        0x0 /usr/lib/gcc/x86_64-linux-gnu/7/32/crtbeginS.o
 .group         0x0000000000000000        0x8 /home/paul/RIOT/examples/LwM2M_Port/bin/native/cpu/startup.o
 .text          0x0000000000000000        0x0 /home/paul/RIOT/examples/LwM2M_Port/bin/native/cpu/startup.o
 .data          0x0000000000000000        0x0 /home/paul/RIOT/examples/LwM2M_Port/bin/native/cpu/startup.o
 .bss           0x0000000000000000        0x0 /home/paul/RIOT/examples/LwM2M_Port/bin/native/cpu/startup.o
 .bss._native_unix_socket_path
                0x0000000000000000        0x4 /home/paul/RIOT/examples/LwM2M_Port/bin/native/cpu/startup.o
 .text.__x86.get_pc_thunk.bx
                0x0000000000000000        0x4 /home/paul/RIOT/examples/LwM2M_Port/bin/native/cpu/startup.o
 .note.GNU-stack
                0x0000000000000000        0x0 /home/paul/RIOT/examples/LwM2M_Port/bin/native/cpu/startup.o
 .group         0x0000000000000000        0xc /home/paul/RIOT/examples/LwM2M_Port/bin/native/application_LwM2M.a(main.o)
 .group         0x0000000000000000        0xc /home/paul/RIOT/examples/LwM2M_Port/bin/native/application_LwM2M.a(main.o)
 .group         0x0000000000000000        0xc /home/paul/RIOT/examples/LwM2M_Port/bin/native/application_LwM2M.a(main.o)
 .group         0x0000000000000000        0xc /home/paul/RIOT/examples/LwM2M_Port/bin/native/application_LwM2M.a(main.o)
 .group         0x0000000000000000        0xc /home/paul/RIOT/examples/LwM2M_Port/bin/native/application_LwM2M.a(main.o)
 .group         0x0000000000000000        0xc /home/paul/RIOT/examples/LwM2M_Port/bin/native/application_LwM2M.a(main.o)
 .group         0x0000000000000000        0xc /home/paul/RIOT/examples/LwM2M_Port/bin/native/application_LwM2M.a(main.o)
 .group         0x0000000000000000        0xc /home/paul/RIOT/examples/LwM2M_Port/bin/native/application_LwM2M.a(main.o)
 .group         0x0000000000000000       0x14 /home/paul/RIOT/examples/LwM2M_Port/bin/native/application_LwM2M.a(main.o)
 .group         0x0000000000000000        0xc /home/paul/RIOT/examples/LwM2M_Port/bin/native/application_LwM2M.a(main.o)
 .group         0x0000000000000000        0xc /home/paul/RIOT/examples/LwM2M_Port/bin/native/application_LwM2M.a(main.o)
 .group         0x0000000000000000        0xc /home/paul/RIOT/examples/LwM2M_Port/bin/native/application_LwM2M.a(main.o)
 .group         0x0000000000000000        0x8 /home/paul/RIOT/examples/LwM2M_Port/bin/native/application_LwM2M.a(main.o)
 .group         0x0000000000000000        0x8 /home/paul/RIOT/examples/LwM2M_Port/bin/native/application_LwM2M.a(main.o)
 .text          0x0000000000000000        0x0 /home/paul/RIOT/examples/LwM2M_Port/bin/native/application_LwM2M.a(main.o)
 .data          0x0000000000000000        0x0 /home/paul/RIOT/examples/LwM2M_Port/bin/native/application_LwM2M.a(main.o)
 .bss           0x0000000000000000        0x0 /home/paul/RIOT/examples/LwM2M_Port/bin/native/application_LwM2M.a(main.o)
 .rodata._ZStL19piecewise_construct
                0x0000000000000000        0x1 /home/paul/RIOT/examples/LwM2M_Port/bin/native/application_LwM2M.a(main.o)
 .data.NETWORK_STACK
                0x0000000000000000        0x4 /home/paul/RIOT/examples/LwM2M_Port/bin/native/application_LwM2M.a(main.o)
 .data.SOCKET_MODE
                0x0000000000000000        0x4 /home/paul/RIOT/examples/LwM2M_Port/bin/native/application_LwM2M.a(main.o)
 .text.__x86.get_pc_thunk.bx
                0x0000000000000000        0x4 /home/paul/RIOT/examples/LwM2M_Port/bin/native/application_LwM2M.a(main.o)
 .note.GNU-stack
                0x0000000000000000        0x0 /home/paul/RIOT/examples/LwM2M_Port/bin/native/application_LwM2M.a(main.o)
 .group         0x0000000000000000        0xc /home/paul/RIOT/examples/LwM2M_Port/bin/native/M2M.a(m2mstring.o)
 .group         0x0000000000000000        0xc /home/paul/RIOT/examples/LwM2M_Port/bin/native/M2M.a(m2mstring.o)
 .group         0x0000000000000000        0xc /home/paul/RIOT/examples/LwM2M_Port/bin/native/M2M.a(m2mstring.o)
 .group         0x0000000000000000        0xc /home/paul/RIOT/examples/LwM2M_Port/bin/native/M2M.a(m2mstring.o)
 .group         0x0000000000000000        0xc /home/paul/RIOT/examples/LwM2M_Port/bin/native/M2M.a(m2mstring.o)
 .group         0x0000000000000000        0xc /home/paul/RIOT/examples/LwM2M_Port/bin/native/M2M.a(m2mstring.o)
 .group         0x0000000000000000        0xc /home/paul/RIOT/examples/LwM2M_Port/bin/native/M2M.a(m2mstring.o)
 .group         0x0000000000000000        0x8 /home/paul/RIOT/examples/LwM2M_Port/bin/native/M2M.a(m2mstring.o)
 .group         0x0000000000000000        0x8 /home/paul/RIOT/examples/LwM2M_Port/bin/native/M2M.a(m2mstring.o)
 .text          0x0000000000000000        0x0 /home/paul/RIOT/examples/LwM2M_Port/bin/native/M2M.a(m2mstring.o)
 .data          0x0000000000000000        0x0 /home/paul/RIOT/examples/LwM2M_Port/bin/native/M2M.a(m2mstring.o)
 .bss           0x0000000000000000        0x0 /home/paul/RIOT/examples/LwM2M_Port/bin/native/M2M.a(m2mstring.o)
 .text._ZNK3m2m6String4sizeEv
                0x0000000000000000       0x3a /home/paul/RIOT/examples/LwM2M_Port/bin/native/M2M.a(m2mstring.o)
 .text._ZNK3m2m6String5c_strEv
                0x0000000000000000       0x39 /home/paul/RIOT/examples/LwM2M_Port/bin/native/M2M.a(m2mstring.o)
 .rodata._ZStL19piecewise_construct
                0x0000000000000000        0x1 /home/paul/RIOT/examples/LwM2M_Port/bin/native/M2M.a(m2mstring.o)
 .rodata._ZN3m2m6String4nposE
                0x0000000000000000        0x4 /home/paul/RIOT/examples/LwM2M_Port/bin/native/M2M.a(m2mstring.o)
 .text._ZN3m2m6StringC2ERKS0_
                0x0000000000000000       0xa1 /home/paul/RIOT/examples/LwM2M_Port/bin/native/M2M.a(m2mstring.o)
 .text._ZN3m2m6StringC2EPKc
                0x0000000000000000       0x53 /home/paul/RIOT/examples/LwM2M_Port/bin/native/M2M.a(m2mstring.o)
 .text._ZN3m2m6StringC2EPKcj
                0x0000000000000000       0x98 /home/paul/RIOT/examples/LwM2M_Port/bin/native/M2M.a(m2mstring.o)
 .text._ZN3m2m6StringaSEPKc
                0x0000000000000000       0xb8 /home/paul/RIOT/examples/LwM2M_Port/bin/native/M2M.a(m2mstring.o)
 .text._ZN3m2m6StringaSERKS0_
                0x0000000000000000       0x4e /home/paul/RIOT/examples/LwM2M_Port/bin/native/M2M.a(m2mstring.o)
 .text._ZN3m2m6StringpLERKS0_
                0x0000000000000000       0xa9 /home/paul/RIOT/examples/LwM2M_Port/bin/native/M2M.a(m2mstring.o)
 .text._ZN3m2m6StringpLEPKc
                0x0000000000000000      0x128 /home/paul/RIOT/examples/LwM2M_Port/bin/native/M2M.a(m2mstring.o)
 .text._ZN3m2m6StringpLEc
                0x0000000000000000       0x52 /home/paul/RIOT/examples/LwM2M_Port/bin/native/M2M.a(m2mstring.o)
 .text._ZN3m2m6String9push_backEc
                0x0000000000000000       0xba /home/paul/RIOT/examples/LwM2M_Port/bin/native/M2M.a(m2mstring.o)
 .text._ZNK3m2m6StringeqEPKc
                0x0000000000000000       0x81 /home/paul/RIOT/examples/LwM2M_Port/bin/native/M2M.a(m2mstring.o)
 .text._ZNK3m2m6StringeqERKS0_
                0x0000000000000000       0x67 /home/paul/RIOT/examples/LwM2M_Port/bin/native/M2M.a(m2mstring.o)
 .text._ZN3m2m6String5clearEv
                0x0000000000000000       0x47 /home/paul/RIOT/examples/LwM2M_Port/bin/native/M2M.a(m2mstring.o)
 .text._ZNK3m2m6String6substrEjj
                0x0000000000000000       0xcd /home/paul/RIOT/examples/LwM2M_Port/bin/native/M2M.a(m2mstring.o)
 .text._ZNK3m2m6String2atEj
                0x0000000000000000       0x6b /home/paul/RIOT/examples/LwM2M_Port/bin/native/M2M.a(m2mstring.o)
 .text._ZN3m2m6String5eraseEjj
                0x0000000000000000       0xb6 /home/paul/RIOT/examples/LwM2M_Port/bin/native/M2M.a(m2mstring.o)
 .text._ZN3m2m6String6appendEPKcj
                0x0000000000000000       0xc7 /home/paul/RIOT/examples/LwM2M_Port/bin/native/M2M.a(m2mstring.o)
 .text._ZN3m2m6String10append_rawEPKcj
                0x0000000000000000       0xa8 /home/paul/RIOT/examples/LwM2M_Port/bin/native/M2M.a(m2mstring.o)
 .text._ZN3m2m6String10append_intEi
                0x0000000000000000       0x69 /home/paul/RIOT/examples/LwM2M_Port/bin/native/M2M.a(m2mstring.o)
 .text._ZSt3minIjERKT_S2_S2_
                0x0000000000000000       0x50 /home/paul/RIOT/examples/LwM2M_Port/bin/native/M2M.a(m2mstring.o)
 .text._ZNK3m2m6String7compareEjjRKS0_
                0x0000000000000000       0xf5 /home/paul/RIOT/examples/LwM2M_Port/bin/native/M2M.a(m2mstring.o)
 .text._ZNK3m2m6String7compareEjjPKc
                0x0000000000000000       0xf2 /home/paul/RIOT/examples/LwM2M_Port/bin/native/M2M.a(m2mstring.o)
 .text._ZNK3m2m6String12find_last_ofEc
                0x0000000000000000       0x8d /home/paul/RIOT/examples/LwM2M_Port/bin/native/M2M.a(m2mstring.o)
 .text._ZN3m2m6String11new_reallocEj
                0x0000000000000000       0x6d /home/paul/RIOT/examples/LwM2M_Port/bin/native/M2M.a(m2mstring.o)
 .text._ZN3m2m6String7reserveEj
                0x0000000000000000       0x67 /home/paul/RIOT/examples/LwM2M_Port/bin/native/M2M.a(m2mstring.o)
 .text._ZN3m2m6String6resizeEj
                0x0000000000000000       0x4e /home/paul/RIOT/examples/LwM2M_Port/bin/native/M2M.a(m2mstring.o)
 .text._ZN3m2m6String6resizeEjc
                0x0000000000000000       0xbf /home/paul/RIOT/examples/LwM2M_Port/bin/native/M2M.a(m2mstring.o)
 .text._ZN3m2m6String4swapERS0_
                0x0000000000000000       0x80 /home/paul/RIOT/examples/LwM2M_Port/bin/native/M2M.a(m2mstring.o)
 .text._ZN3m2mltERKNS_6StringES2_
                0x0000000000000000       0x70 /home/paul/RIOT/examples/LwM2M_Port/bin/native/M2M.a(m2mstring.o)
 .text._ZN3m2m7reverseEPcj
                0x0000000000000000       0x8e /home/paul/RIOT/examples/LwM2M_Port/bin/native/M2M.a(m2mstring.o)
 .text._ZN3m2m6itoa_cExPc
                0x0000000000000000      0x112 /home/paul/RIOT/examples/LwM2M_Port/bin/native/M2M.a(m2mstring.o)
 .text._ZN3m2m6String24convert_integer_to_arrayExRhPKhj
                0x0000000000000000      0x1dd /home/paul/RIOT/examples/LwM2M_Port/bin/native/M2M.a(m2mstring.o)
 .text._ZN3m2m6String24convert_array_to_integerEPKhj
                0x0000000000000000       0xac /home/paul/RIOT/examples/LwM2M_Port/bin/native/M2M.a(m2mstring.o)
 .text._ZSt4moveIRjEONSt16remove_referenceIT_E4typeEOS2_
                0x0000000000000000       0x37 /home/paul/RIOT/examples/LwM2M_Port/bin/native/M2M.a(m2mstring.o)
 .text._ZSt4swapIjENSt9enable_ifIXsrSt6__and_IJSt6__not_ISt15__is_tuple_likeIT_EESt21is_move_constructibleIS4_ESt18is_move_assignableIS4_EEE5valueEvE4typeERS4_SE_
                0x0000000000000000       0x79 /home/paul/RIOT/examples/LwM2M_Port/bin/native/M2M.a(m2mstring.o)
 .text._ZSt4moveIRPcEONSt16remove_referenceIT_E4typeEOS3_
                0x0000000000000000       0x37 /home/paul/RIOT/examples/LwM2M_Port/bin/native/M2M.a(m2mstring.o)
 .text._ZSt4swapIPcENSt9enable_ifIXsrSt6__and_IJSt6__not_ISt15__is_tuple_likeIT_EESt21is_move_constructibleIS5_ESt18is_move_assignableIS5_EEE5valueEvE4typeERS5_SF_
                0x0000000000000000       0x79 /home/paul/RIOT/examples/LwM2M_Port/bin/native/M2M.a(m2mstring.o)
 .text.__x86.get_pc_thunk.ax
                0x0000000000000000        0x4 /home/paul/RIOT/examples/LwM2M_Port/bin/native/M2M.a(m2mstring.o)
 .text.__x86.get_pc_thunk.bx
                0x0000000000000000        0x4 /home/paul/RIOT/examples/LwM2M_Port/bin/native/M2M.a(m2mstring.o)
 .note.GNU-stack
                0x0000000000000000        0x0 /home/paul/RIOT/examples/LwM2M_Port/bin/native/M2M.a(m2mstring.o)
 .group         0x0000000000000000        0xc /home/paul/RIOT/examples/LwM2M_Port/bin/native/M2M.a(m2mbase.o)
 .group         0x0000000000000000        0xc /home/paul/RIOT/examples/LwM2M_Port/bin/native/M2M.a(m2mbase.o)
 .group         0x0000000000000000        0xc /home/paul/RIOT/examples/LwM2M_Port/bin/native/M2M.a(m2mbase.o)
 .group         0x0000000000000000        0xc /home/paul/RIOT/examples/LwM2M_Port/bin/native/M2M.a(m2mbase.o)
 .group         0x0000000000000000        0xc /home/paul/RIOT/examples/LwM2M_Port/bin/native/M2M.a(m2mbase.o)
 .group         0x0000000000000000        0xc /home/paul/RIOT/examples/LwM2M_Port/bin/native/M2M.a(m2mbase.o)
 .group         0x0000000000000000        0xc /home/paul/RIOT/examples/LwM2M_Port/bin/native/M2M.a(m2mbase.o)
 .group         0x0000000000000000        0xc /home/paul/RIOT/examples/LwM2M_Port/bin/native/M2M.a(m2mbase.o)
 .group         0x0000000000000000        0xc /home/paul/RIOT/examples/LwM2M_Port/bin/native/M2M.a(m2mbase.o)
 .group         0x0000000000000000        0xc /home/paul/RIOT/examples/LwM2M_Port/bin/native/M2M.a(m2mbase.o)
 .group         0x0000000000000000        0xc /home/paul/RIOT/examples/LwM2M_Port/bin/native/M2M.a(m2mbase.o)
 .group         0x0000000000000000        0xc /home/paul/RIOT/examples/LwM2M_Port/bin/native/M2M.a(m2mbase.o)
 .group         0x0000000000000000        0xc /home/paul/RIOT/examples/LwM2M_Port/bin/native/M2M.a(m2mbase.o)
 .group         0x0000000000000000        0xc /home/paul/RIOT/examples/LwM2M_Port/bin/native/M2M.a(m2mbase.o)
 .group         0x0000000000000000        0xc /home/paul/RIOT/examples/LwM2M_Port/bin/native/M2M.a(m2mbase.o)
 .group         0x0000000000000000        0xc /home/paul/RIOT/examples/LwM2M_Port/bin/native/M2M.a(m2mbase.o)
 .group         0x0000000000000000        0xc /home/paul/RIOT/examples/LwM2M_Port/bin/native/M2M.a(m2mbase.o)
 .group         0x0000000000000000        0xc /home/paul/RIOT/examples/LwM2M_Port/bin/native/M2M.a(m2mbase.o)
 .group         0x0000000000000000        0xc /home/paul/RIOT/examples/LwM2M_Port/bin/native/M2M.a(m2mbase.o)
 .group         0x0000000000000000        0xc /home/paul/RIOT/examples/LwM2M_Port/bin/native/M2M.a(m2mbase.o)
 .group         0x0000000000000000        0xc /home/paul/RIOT/examples/LwM2M_Port/bin/native/M2M.a(m2mbase.o)
 .group         0x0000000000000000        0xc /home/paul/RIOT/examples/LwM2M_Port/bin/native/M2M.a(m2mbase.o)
 .group         0x0000000000000000        0xc /home/paul/RIOT/examples/LwM2M_Port/bin/native/M2M.a(m2mbase.o)
 .group         0x0000000000000000        0xc /home/paul/RIOT/examples/LwM2M_Port/bin/native/M2M.a(m2mbase.o)
 .group         0x0000000000000000        0xc /home/paul/RIOT/examples/LwM2M_Port/bin/native/M2M.a(m2mbase.o)
 .group         0x0000000000000000        0xc /home/paul/RIOT/examples/LwM2M_Port/bin/native/M2M.a(m2mbase.o)
 .group         0x0000000000000000        0xc /home/paul/RIOT/examples/LwM2M_Port/bin/native/M2M.a(m2mbase.o)
 .group         0x0000000000000000        0xc /home/paul/RIOT/examples/LwM2M_Port/bin/native/M2M.a(m2mbase.o)
 .group         0x0000000000000000        0xc /home/paul/RIOT/examples/LwM2M_Port/bin/native/M2M.a(m2mbase.o)
 .group         0x0000000000000000        0xc /home/paul/RIOT/examples/LwM2M_Port/bin/native/M2M.a(m2mbase.o)
 .group         0x0000000000000000        0xc /home/paul/RIOT/examples/LwM2M_Port/bin/native/M2M.a(m2mbase.o)
 .group         0x0000000000000000        0xc /home/paul/RIOT/examples/LwM2M_Port/bin/native/M2M.a(m2mbase.o)
 .group         0x0000000000000000        0x8 /home/paul/RIOT/examples/LwM2M_Port/bin/native/M2M.a(m2mbase.o)
 .group         0x0000000000000000        0x8 /home/paul/RIOT/examples/LwM2M_Port/bin/native/M2M.a(m2mbase.o)
 .group         0x0000000000000000        0x8 /home/paul/RIOT/examples/LwM2M_Port/bin/native/M2M.a(m2mbase.o)
 .group         0x0000000000000000        0x8 /home/paul/RIOT/examples/LwM2M_Port/bin/native/M2M.a(m2mbase.o)
 .text          0x0000000000000000        0x0 /home/paul/RIOT/examples/LwM2M_Port/bin/native/M2M.a(m2mbase.o)
 .data          0x0000000000000000        0x0 /home/paul/RIOT/examples/LwM2M_Port/bin/native/M2M.a(m2mbase.o)
 .bss           0x0000000000000000        0x0 /home/paul/RIOT/examples/LwM2M_Port/bin/native/M2M.a(m2mbase.o)
 .text._ZNK3m2m6String6lengthEv
                0x0000000000000000       0x3a /home/paul/RIOT/examples/LwM2M_Port/bin/native/M2M.a(m2mbase.o)
 .text._ZNK3m2m6String5emptyEv
                0x0000000000000000       0x3f /home/paul/RIOT/examples/LwM2M_Port/bin/native/M2M.a(m2mbase.o)
 .text._ZNK3m2m6String5c_strEv
                0x0000000000000000       0x39 /home/paul/RIOT/examples/LwM2M_Port/bin/native/M2M.a(m2mbase.o)
 .text._ZN16StringBufferBaseC2Ev
                0x0000000000000000       0x3e /home/paul/RIOT/examples/LwM2M_Port/bin/native/M2M.a(m2mbase.o)
 .rodata._ZL16MAX_VALUE_LENGTH
                0x0000000000000000        0x4 /home/paul/RIOT/examples/LwM2M_Port/bin/native/M2M.a(m2mbase.o)
 .rodata._ZL13BUFFER_LENGTH
                0x0000000000000000        0x4 /home/paul/RIOT/examples/LwM2M_Port/bin/native/M2M.a(m2mbase.o)
 .rodata._ZL25MINIMUM_REGISTRATION_TIME
                0x0000000000000000        0x1 /home/paul/RIOT/examples/LwM2M_Port/bin/native/M2M.a(m2mbase.o)
 .rodata._ZL16ONE_SECOND_TIMER
                0x0000000000000000        0x1 /home/paul/RIOT/examples/LwM2M_Port/bin/native/M2M.a(m2mbase.o)
 .rodata._ZL25MAX_ALLOWED_STRING_LENGTH
                0x0000000000000000        0x1 /home/paul/RIOT/examples/LwM2M_Port/bin/native/M2M.a(m2mbase.o)
 .rodata._ZL31MAX_ALLOWED_ERROR_STRING_LENGTH
                0x0000000000000000        0x1 /home/paul/RIOT/examples/LwM2M_Port/bin/native/M2M.a(m2mbase.o)
 .rodata._ZL16OPTIMUM_LIFETIME
                0x0000000000000000        0x2 /home/paul/RIOT/examples/LwM2M_Port/bin/native/M2M.a(m2mbase.o)
 .rodata._ZL15REDUCE_LIFETIME
                0x0000000000000000        0x2 /home/paul/RIOT/examples/LwM2M_Port/bin/native/M2M.a(m2mbase.o)
 .rodata._ZL16REDUCTION_FACTOR
                0x0000000000000000        0x4 /home/paul/RIOT/examples/LwM2M_Port/bin/native/M2M.a(m2mbase.o)
 .rodata._ZL13TYPE_RESOURCE
                0x0000000000000000        0x1 /home/paul/RIOT/examples/LwM2M_Port/bin/native/M2M.a(m2mbase.o)
 .rodata._ZL22TYPE_MULTIPLE_RESOURCE
                0x0000000000000000        0x1 /home/paul/RIOT/examples/LwM2M_Port/bin/native/M2M.a(m2mbase.o)
 .rodata._ZL22TYPE_RESOURCE_INSTANCE
                0x0000000000000000        0x1 /home/paul/RIOT/examples/LwM2M_Port/bin/native/M2M.a(m2mbase.o)
 .rodata._ZL20TYPE_OBJECT_INSTANCE
                0x0000000000000000        0x1 /home/paul/RIOT/examples/LwM2M_Port/bin/native/M2M.a(m2mbase.o)
 .rodata._ZL3ID8
                0x0000000000000000        0x1 /home/paul/RIOT/examples/LwM2M_Port/bin/native/M2M.a(m2mbase.o)
 .rodata._ZL4ID16
                0x0000000000000000        0x1 /home/paul/RIOT/examples/LwM2M_Port/bin/native/M2M.a(m2mbase.o)
 .rodata._ZL7LENGTH8
                0x0000000000000000        0x1 /home/paul/RIOT/examples/LwM2M_Port/bin/native/M2M.a(m2mbase.o)
 .rodata._ZL8LENGTH16
                0x0000000000000000        0x1 /home/paul/RIOT/examples/LwM2M_Port/bin/native/M2M.a(m2mbase.o)
 .rodata._ZL8LENGTH24
                0x0000000000000000        0x1 /home/paul/RIOT/examples/LwM2M_Port/bin/native/M2M.a(m2mbase.o)
 .rodata._ZL32COAP_CONTENT_OMA_PLAIN_TEXT_TYPE
                0x0000000000000000        0x1 /home/paul/RIOT/examples/LwM2M_Port/bin/native/M2M.a(m2mbase.o)
 .rodata._ZL29COAP_CONTENT_OMA_TLV_TYPE_OLD
                0x0000000000000000        0x1 /home/paul/RIOT/examples/LwM2M_Port/bin/native/M2M.a(m2mbase.o)
 .rodata._ZL25COAP_CONTENT_OMA_TLV_TYPE
                0x0000000000000000        0x2 /home/paul/RIOT/examples/LwM2M_Port/bin/native/M2M.a(m2mbase.o)
 .rodata._ZL26COAP_CONTENT_OMA_JSON_TYPE
                0x0000000000000000        0x2 /home/paul/RIOT/examples/LwM2M_Port/bin/native/M2M.a(m2mbase.o)
 .rodata._ZL28COAP_CONTENT_OMA_OPAQUE_TYPE
                0x0000000000000000        0x1 /home/paul/RIOT/examples/LwM2M_Port/bin/native/M2M.a(m2mbase.o)
 .rodata._ZL18MAX_UNINT_16_COUNT
                0x0000000000000000        0x2 /home/paul/RIOT/examples/LwM2M_Port/bin/native/M2M.a(m2mbase.o)
 .text._ZN17M2MReportObserverC2Ev
                0x0000000000000000       0x41 /home/paul/RIOT/examples/LwM2M_Port/bin/native/M2M.a(m2mbase.o)
 .text._ZN7M2MBaseC2ERKN3m2m6StringENS_4ModeES3_PcbbNS_8DataTypeE
                0x0000000000000000      0x32d /home/paul/RIOT/examples/LwM2M_Port/bin/native/M2M.a(m2mbase.o)
 .text._ZN7M2MBaseC2EPKNS_16lwm2m_parametersE
                0x0000000000000000       0x7e /home/paul/RIOT/examples/LwM2M_Port/bin/native/M2M.a(m2mbase.o)
 .text._ZN7M2MBaseD2Ev
                0x0000000000000000       0xae /home/paul/RIOT/examples/LwM2M_Port/bin/native/M2M.a(m2mbase.o)
 .text._ZN7M2MBaseD0Ev
                0x0000000000000000       0x57 /home/paul/RIOT/examples/LwM2M_Port/bin/native/M2M.a(m2mbase.o)
 .text._ZN7M2MBase16create_path_baseERKS_PKc
                0x0000000000000000       0xd9 /home/paul/RIOT/examples/LwM2M_Port/bin/native/M2M.a(m2mbase.o)
 .text._ZN7M2MBase11create_pathERK9M2MObjectt
                0x0000000000000000       0x81 /home/paul/RIOT/examples/LwM2M_Port/bin/native/M2M.a(m2mbase.o)
 .text._ZN7M2MBase11create_pathERK9M2MObjectPKc
                0x0000000000000000       0x4c /home/paul/RIOT/examples/LwM2M_Port/bin/native/M2M.a(m2mbase.o)
 .text._ZN7M2MBase11create_pathERK11M2MResourcet
                0x0000000000000000       0x81 /home/paul/RIOT/examples/LwM2M_Port/bin/native/M2M.a(m2mbase.o)
 .text._ZN7M2MBase11create_pathERK11M2MResourcePKc
                0x0000000000000000       0x4c /home/paul/RIOT/examples/LwM2M_Port/bin/native/M2M.a(m2mbase.o)
 .text._ZN7M2MBase11create_pathERK17M2MObjectInstancePKc
                0x0000000000000000       0x4c /home/paul/RIOT/examples/LwM2M_Port/bin/native/M2M.a(m2mbase.o)
 .text._ZN7M2MBase13set_operationENS_9OperationE
                0x0000000000000000       0x8a /home/paul/RIOT/examples/LwM2M_Port/bin/native/M2M.a(m2mbase.o)
 .text._ZN7M2MBase25set_interface_descriptionEPKc
                0x0000000000000000       0xd6 /home/paul/RIOT/examples/LwM2M_Port/bin/native/M2M.a(m2mbase.o)
 .text._ZN7M2MBase25set_interface_descriptionERKN3m2m6StringE
                0x0000000000000000       0x90 /home/paul/RIOT/examples/LwM2M_Port/bin/native/M2M.a(m2mbase.o)
 .text._ZN7M2MBase17set_resource_typeERKN3m2m6StringE
                0x0000000000000000       0x97 /home/paul/RIOT/examples/LwM2M_Port/bin/native/M2M.a(m2mbase.o)
 .text._ZN7M2MBase17set_resource_typeEPKc
                0x0000000000000000       0xd3 /home/paul/RIOT/examples/LwM2M_Port/bin/native/M2M.a(m2mbase.o)
 .text._ZN7M2MBase21set_coap_content_typeEt
                0x0000000000000000       0x4f /home/paul/RIOT/examples/LwM2M_Port/bin/native/M2M.a(m2mbase.o)
 .text._ZN7M2MBase14set_observableEb
                0x0000000000000000       0x5b /home/paul/RIOT/examples/LwM2M_Port/bin/native/M2M.a(m2mbase.o)
 .text._ZN7M2MBase19set_auto_observableEb
                0x0000000000000000       0x5c /home/paul/RIOT/examples/LwM2M_Port/bin/native/M2M.a(m2mbase.o)
 .text._ZN7M2MBase21add_observation_levelENS_11ObservationE
                0x0000000000000000       0x61 /home/paul/RIOT/examples/LwM2M_Port/bin/native/M2M.a(m2mbase.o)
 .text._ZN7M2MBase24remove_observation_levelENS_11ObservationE
                0x0000000000000000       0x61 /home/paul/RIOT/examples/LwM2M_Port/bin/native/M2M.a(m2mbase.o)
 .text._ZN7M2MBase21set_under_observationEbP21M2MObservationHandler
                0x0000000000000000      0x12e /home/paul/RIOT/examples/LwM2M_Port/bin/native/M2M.a(m2mbase.o)
 .text._ZN7M2MBase21set_observation_tokenEPKhh
                0x0000000000000000       0x6e /home/paul/RIOT/examples/LwM2M_Port/bin/native/M2M.a(m2mbase.o)
 .text._ZN7M2MBase15set_instance_idEt
                0x0000000000000000       0x56 /home/paul/RIOT/examples/LwM2M_Port/bin/native/M2M.a(m2mbase.o)
 .text._ZN7M2MBase11set_max_ageEj
                0x0000000000000000       0x46 /home/paul/RIOT/examples/LwM2M_Port/bin/native/M2M.a(m2mbase.o)
 .text._ZNK7M2MBase9base_typeEv
                0x0000000000000000       0x44 /home/paul/RIOT/examples/LwM2M_Port/bin/native/M2M.a(m2mbase.o)
 .text._ZNK7M2MBase9operationEv
                0x0000000000000000       0x47 /home/paul/RIOT/examples/LwM2M_Port/bin/native/M2M.a(m2mbase.o)
 .text._ZNK7M2MBase7name_idEv
                0x0000000000000000       0xd7 /home/paul/RIOT/examples/LwM2M_Port/bin/native/M2M.a(m2mbase.o)
 .text._ZNK7M2MBase11instance_idEv
                0x0000000000000000       0x6b /home/paul/RIOT/examples/LwM2M_Port/bin/native/M2M.a(m2mbase.o)
 .text._ZNK7M2MBase21interface_descriptionEv
                0x0000000000000000       0x43 /home/paul/RIOT/examples/LwM2M_Port/bin/native/M2M.a(m2mbase.o)
 .text._ZNK7M2MBase17coap_content_typeEv
                0x0000000000000000       0x41 /home/paul/RIOT/examples/LwM2M_Port/bin/native/M2M.a(m2mbase.o)
 .text._ZNK7M2MBase13is_observableEv
                0x0000000000000000       0x61 /home/paul/RIOT/examples/LwM2M_Port/bin/native/M2M.a(m2mbase.o)
 .text._ZNK7M2MBase17observation_levelEv
                0x0000000000000000       0x64 /home/paul/RIOT/examples/LwM2M_Port/bin/native/M2M.a(m2mbase.o)
 .text._ZNK7M2MBase21get_observation_tokenEPhRh
                0x0000000000000000       0x6a /home/paul/RIOT/examples/LwM2M_Port/bin/native/M2M.a(m2mbase.o)
 .text._ZNK7M2MBase4modeEv
                0x0000000000000000       0x4c /home/paul/RIOT/examples/LwM2M_Port/bin/native/M2M.a(m2mbase.o)
 .text._ZNK7M2MBase18observation_numberEv
                0x0000000000000000       0x65 /home/paul/RIOT/examples/LwM2M_Port/bin/native/M2M.a(m2mbase.o)
 .text._ZNK7M2MBase7max_ageEv
                0x0000000000000000       0x3c /home/paul/RIOT/examples/LwM2M_Port/bin/native/M2M.a(m2mbase.o)
 .text._ZN7M2MBase28handle_observation_attributeEPKc
                0x0000000000000000       0xdf /home/paul/RIOT/examples/LwM2M_Port/bin/native/M2M.a(m2mbase.o)
 .text._ZN7M2MBase22observation_to_be_sentERKN3m2m6VectorItEEtb
                0x0000000000000000       0x8c /home/paul/RIOT/examples/LwM2M_Port/bin/native/M2M.a(m2mbase.o)
 .text._ZN7M2MBase13set_base_typeENS_8BaseTypeE
                0x0000000000000000       0x84 /home/paul/RIOT/examples/LwM2M_Port/bin/native/M2M.a(m2mbase.o)
 .text._ZN7M2MBase18handle_get_requestEP6nsdl_sP12sn_coap_hdr_P21M2MObservationHandler
                0x0000000000000000       0x4b /home/paul/RIOT/examples/LwM2M_Port/bin/native/M2M.a(m2mbase.o)
 .text._ZN7M2MBase18handle_put_requestEP6nsdl_sP12sn_coap_hdr_P21M2MObservationHandlerRb
                0x0000000000000000       0x51 /home/paul/RIOT/examples/LwM2M_Port/bin/native/M2M.a(m2mbase.o)
 .text._ZN7M2MBase19handle_post_requestEP6nsdl_sP12sn_coap_hdr_P21M2MObservationHandlerRbP13sn_nsdl_addr_
                0x0000000000000000       0x57 /home/paul/RIOT/examples/LwM2M_Port/bin/native/M2M.a(m2mbase.o)
 .text._ZN7M2MBase12memory_allocEj
                0x0000000000000000       0x56 /home/paul/RIOT/examples/LwM2M_Port/bin/native/M2M.a(m2mbase.o)
 .text._ZN7M2MBase11memory_freeEPv
                0x0000000000000000       0x4a /home/paul/RIOT/examples/LwM2M_Port/bin/native/M2M.a(m2mbase.o)
 .text._ZN7M2MBase17alloc_string_copyEPKc
                0x0000000000000000       0x79 /home/paul/RIOT/examples/LwM2M_Port/bin/native/M2M.a(m2mbase.o)
 .text._ZN7M2MBase17alloc_string_copyEPKhj
                0x0000000000000000       0x96 /home/paul/RIOT/examples/LwM2M_Port/bin/native/M2M.a(m2mbase.o)
 .text._ZN7M2MBase10alloc_copyEPKhj
                0x0000000000000000       0x87 /home/paul/RIOT/examples/LwM2M_Port/bin/native/M2M.a(m2mbase.o)
 .text._ZN7M2MBase22validate_string_lengthERKN3m2m6StringEjj
                0x0000000000000000       0x6d /home/paul/RIOT/examples/LwM2M_Port/bin/native/M2M.a(m2mbase.o)
 .text._ZN7M2MBase22validate_string_lengthEPKcjj
                0x0000000000000000       0x7a /home/paul/RIOT/examples/LwM2M_Port/bin/native/M2M.a(m2mbase.o)
 .text._ZN7M2MBase21create_report_handlerEv
                0x0000000000000000       0x71 /home/paul/RIOT/examples/LwM2M_Port/bin/native/M2M.a(m2mbase.o)
 .text._ZNK7M2MBase14report_handlerEv
                0x0000000000000000       0x3a /home/paul/RIOT/examples/LwM2M_Port/bin/native/M2M.a(m2mbase.o)
 .text._ZN7M2MBase16set_register_uriEb
                0x0000000000000000       0x5e /home/paul/RIOT/examples/LwM2M_Port/bin/native/M2M.a(m2mbase.o)
 .text._ZN7M2MBase12register_uriEv
                0x0000000000000000       0x47 /home/paul/RIOT/examples/LwM2M_Port/bin/native/M2M.a(m2mbase.o)
 .text._ZN7M2MBase10is_integerERKN3m2m6StringE
                0x0000000000000000       0xc5 /home/paul/RIOT/examples/LwM2M_Port/bin/native/M2M.a(m2mbase.o)
 .text._ZN7M2MBase10is_integerEPKc
                0x0000000000000000       0xae /home/paul/RIOT/examples/LwM2M_Port/bin/native/M2M.a(m2mbase.o)
 .text._ZNK7M2MBase20is_under_observationEv
                0x0000000000000000       0x62 /home/paul/RIOT/examples/LwM2M_Port/bin/native/M2M.a(m2mbase.o)
 .text._ZN7M2MBase26set_value_updated_functionE3FP1IvPKcE
                0x0000000000000000       0xad /home/paul/RIOT/examples/LwM2M_Port/bin/native/M2M.a(m2mbase.o)
 .text._ZN7M2MBase26set_value_updated_functionEPFvPKcE
                0x0000000000000000       0x61 /home/paul/RIOT/examples/LwM2M_Port/bin/native/M2M.a(m2mbase.o)
 .text._ZNK7M2MBase29is_value_updated_function_setEv
                0x0000000000000000       0x85 /home/paul/RIOT/examples/LwM2M_Port/bin/native/M2M.a(m2mbase.o)
 .text._ZN7M2MBase21execute_value_updatedERKN3m2m6StringE
                0x0000000000000000       0xa9 /home/paul/RIOT/examples/LwM2M_Port/bin/native/M2M.a(m2mbase.o)
 .text._ZN7M2MBase10build_pathER12StringBufferILi142EEPKctS4_t
                0x0000000000000000      0x117 /home/paul/RIOT/examples/LwM2M_Port/bin/native/M2M.a(m2mbase.o)
 .text._ZN7M2MBase10build_pathER12StringBufferILi136EEPKctS4_
                0x0000000000000000       0xeb /home/paul/RIOT/examples/LwM2M_Port/bin/native/M2M.a(m2mbase.o)
 .text._ZN7M2MBase10build_pathER12StringBufferILi77EEPKctt
                0x0000000000000000       0xdd /home/paul/RIOT/examples/LwM2M_Port/bin/native/M2M.a(m2mbase.o)
 .text._ZN7M2MBase10build_pathER12StringBufferILi71EEPKct
                0x0000000000000000       0xb1 /home/paul/RIOT/examples/LwM2M_Port/bin/native/M2M.a(m2mbase.o)
 .text._ZN7M2MBase9stringdupEPKc
                0x0000000000000000       0x95 /home/paul/RIOT/examples/LwM2M_Port/bin/native/M2M.a(m2mbase.o)
 .text._ZN7M2MBase14free_resourcesEv
                0x0000000000000000      0x171 /home/paul/RIOT/examples/LwM2M_Port/bin/native/M2M.a(m2mbase.o)
 .text._ZNK7M2MBase20resource_name_lengthEv
                0x0000000000000000       0x77 /home/paul/RIOT/examples/LwM2M_Port/bin/native/M2M.a(m2mbase.o)
 .text._ZNK7M2MBase17get_nsdl_resourceEv
                0x0000000000000000       0x3d /home/paul/RIOT/examples/LwM2M_Port/bin/native/M2M.a(m2mbase.o)
 .text._ZNK7M2MBase20get_lwm2m_parametersEv
                0x0000000000000000       0x3a /home/paul/RIOT/examples/LwM2M_Port/bin/native/M2M.a(m2mbase.o)
 .text._ZNK7M2MBase22get_notification_msgidEv
                0x0000000000000000       0x41 /home/paul/RIOT/examples/LwM2M_Port/bin/native/M2M.a(m2mbase.o)
 .text._ZN7M2MBase22set_notification_msgidEt
                0x0000000000000000       0x4f /home/paul/RIOT/examples/LwM2M_Port/bin/native/M2M.a(m2mbase.o)
 .text._ZN7M2MBase35set_notification_delivery_status_cbEPFvRKS_26NotificationDeliveryStatusPvES3_
                0x0000000000000000       0x68 /home/paul/RIOT/examples/LwM2M_Port/bin/native/M2M.a(m2mbase.o)
 .text._ZN7M2MBase33send_notification_delivery_statusERKS_26NotificationDeliveryStatus
                0x0000000000000000       0xad /home/paul/RIOT/examples/LwM2M_Port/bin/native/M2M.a(m2mbase.o)
 .text._ZNK7M2MBase32get_notification_delivery_statusEv
                0x0000000000000000       0x4a /home/paul/RIOT/examples/LwM2M_Port/bin/native/M2M.a(m2mbase.o)
 .text._ZN7M2MBase34clear_notification_delivery_statusEv
                0x0000000000000000       0x48 /home/paul/RIOT/examples/LwM2M_Port/bin/native/M2M.a(m2mbase.o)
 .text._ZN12StringBufferILi261EEC2Ev
                0x0000000000000000       0x4b /home/paul/RIOT/examples/LwM2M_Port/bin/native/M2M.a(m2mbase.o)
 .text._ZN12StringBufferILi261EE6appendEPKc
                0x0000000000000000       0x5c /home/paul/RIOT/examples/LwM2M_Port/bin/native/M2M.a(m2mbase.o)
 .text._ZN12StringBufferILi261EE6appendEc
                0x0000000000000000       0x60 /home/paul/RIOT/examples/LwM2M_Port/bin/native/M2M.a(m2mbase.o)
 .text._ZNK12StringBufferILi261EE5c_strEv
                0x0000000000000000       0x3a /home/paul/RIOT/examples/LwM2M_Port/bin/native/M2M.a(m2mbase.o)
 .text._ZN12StringBufferILi6EEC2Ev
                0x0000000000000000       0x4b /home/paul/RIOT/examples/LwM2M_Port/bin/native/M2M.a(m2mbase.o)
 .text._ZN12StringBufferILi6EE10append_intEt
                0x0000000000000000       0x5e /home/paul/RIOT/examples/LwM2M_Port/bin/native/M2M.a(m2mbase.o)
 .text._ZNK12StringBufferILi6EE5c_strEv
                0x0000000000000000       0x3a /home/paul/RIOT/examples/LwM2M_Port/bin/native/M2M.a(m2mbase.o)
 .text._ZN3FP1IvPKcEclES1_
                0x0000000000000000       0x4c /home/paul/RIOT/examples/LwM2M_Port/bin/native/M2M.a(m2mbase.o)
 .text._ZNK12StringBufferILi142EE12ensure_spaceEj
                0x0000000000000000       0x58 /home/paul/RIOT/examples/LwM2M_Port/bin/native/M2M.a(m2mbase.o)
 .text._ZN12StringBufferILi142EE6appendEPKc
                0x0000000000000000       0x5c /home/paul/RIOT/examples/LwM2M_Port/bin/native/M2M.a(m2mbase.o)
 .text._ZN12StringBufferILi142EE6appendEc
                0x0000000000000000       0x60 /home/paul/RIOT/examples/LwM2M_Port/bin/native/M2M.a(m2mbase.o)
 .text._ZN12StringBufferILi142EE10append_intEt
                0x0000000000000000       0x61 /home/paul/RIOT/examples/LwM2M_Port/bin/native/M2M.a(m2mbase.o)
 .text._ZNK12StringBufferILi136EE12ensure_spaceEj
                0x0000000000000000       0x58 /home/paul/RIOT/examples/LwM2M_Port/bin/native/M2M.a(m2mbase.o)
 .text._ZN12StringBufferILi136EE6appendEPKc
                0x0000000000000000       0x5c /home/paul/RIOT/examples/LwM2M_Port/bin/native/M2M.a(m2mbase.o)
 .text._ZN12StringBufferILi136EE6appendEc
                0x0000000000000000       0x60 /home/paul/RIOT/examples/LwM2M_Port/bin/native/M2M.a(m2mbase.o)
 .text._ZN12StringBufferILi136EE10append_intEt
                0x0000000000000000       0x61 /home/paul/RIOT/examples/LwM2M_Port/bin/native/M2M.a(m2mbase.o)
 .text._ZNK12StringBufferILi77EE12ensure_spaceEj
                0x0000000000000000       0x55 /home/paul/RIOT/examples/LwM2M_Port/bin/native/M2M.a(m2mbase.o)
 .text._ZN12StringBufferILi77EE6appendEPKc
                0x0000000000000000       0x59 /home/paul/RIOT/examples/LwM2M_Port/bin/native/M2M.a(m2mbase.o)
 .text._ZN12StringBufferILi77EE6appendEc
                0x0000000000000000       0x5d /home/paul/RIOT/examples/LwM2M_Port/bin/native/M2M.a(m2mbase.o)
 .text._ZN12StringBufferILi77EE10append_intEt
                0x0000000000000000       0x5e /home/paul/RIOT/examples/LwM2M_Port/bin/native/M2M.a(m2mbase.o)
 .text._ZNK12StringBufferILi71EE12ensure_spaceEj
                0x0000000000000000       0x55 /home/paul/RIOT/examples/LwM2M_Port/bin/native/M2M.a(m2mbase.o)
 .text._ZN12StringBufferILi71EE6appendEPKc
                0x0000000000000000       0x59 /home/paul/RIOT/examples/LwM2M_Port/bin/native/M2M.a(m2mbase.o)
 .text._ZN12StringBufferILi71EE6appendEc
                0x0000000000000000       0x5d /home/paul/RIOT/examples/LwM2M_Port/bin/native/M2M.a(m2mbase.o)
 .text._ZN12StringBufferILi71EE10append_intEt
                0x0000000000000000       0x5e /home/paul/RIOT/examples/LwM2M_Port/bin/native/M2M.a(m2mbase.o)
 .text._ZN3FP1IvPKcE4callES1_
                0x0000000000000000       0x93 /home/paul/RIOT/examples/LwM2M_Port/bin/native/M2M.a(m2mbase.o)
 .data.rel.ro._ZTV7M2MBase
                0x0000000000000000       0x3c /home/paul/RIOT/examples/LwM2M_Port/bin/native/M2M.a(m2mbase.o)
 .data.rel.ro._ZTV17M2MReportObserver
                0x0000000000000000        0xc /home/paul/RIOT/examples/LwM2M_Port/bin/native/M2M.a(m2mbase.o)
 .text.__x86.get_pc_thunk.ax
                0x0000000000000000        0x4 /home/paul/RIOT/examples/LwM2M_Port/bin/native/M2M.a(m2mbase.o)
 .text.__x86.get_pc_thunk.dx
                0x0000000000000000        0x4 /home/paul/RIOT/examples/LwM2M_Port/bin/native/M2M.a(m2mbase.o)
 .text.__x86.get_pc_thunk.cx
                0x0000000000000000        0x4 /home/paul/RIOT/examples/LwM2M_Port/bin/native/M2M.a(m2mbase.o)
 .text.__x86.get_pc_thunk.bx
                0x0000000000000000        0x4 /home/paul/RIOT/examples/LwM2M_Port/bin/native/M2M.a(m2mbase.o)
 .note.GNU-stack
                0x0000000000000000        0x0 /home/paul/RIOT/examples/LwM2M_Port/bin/native/M2M.a(m2mbase.o)
 .group         0x0000000000000000        0x8 /home/paul/RIOT/examples/LwM2M_Port/bin/native/M2M.a(m2mstringbufferbase.o)
 .group         0x0000000000000000        0x8 /home/paul/RIOT/examples/LwM2M_Port/bin/native/M2M.a(m2mstringbufferbase.o)
 .group         0x0000000000000000        0x8 /home/paul/RIOT/examples/LwM2M_Port/bin/native/M2M.a(m2mstringbufferbase.o)
 .text          0x0000000000000000        0x0 /home/paul/RIOT/examples/LwM2M_Port/bin/native/M2M.a(m2mstringbufferbase.o)
 .data          0x0000000000000000        0x0 /home/paul/RIOT/examples/LwM2M_Port/bin/native/M2M.a(m2mstringbufferbase.o)
 .bss           0x0000000000000000        0x0 /home/paul/RIOT/examples/LwM2M_Port/bin/native/M2M.a(m2mstringbufferbase.o)
 .text._ZNK16StringBufferBase12ensure_spaceEjj
                0x0000000000000000       0x63 /home/paul/RIOT/examples/LwM2M_Port/bin/native/M2M.a(m2mstringbufferbase.o)
 .rodata        0x0000000000000000       0x3f /home/paul/RIOT/examples/LwM2M_Port/bin/native/M2M.a(m2mstringbufferbase.o)
 .text._ZN16StringBufferBase6appendEPcjc
                0x0000000000000000       0xad /home/paul/RIOT/examples/LwM2M_Port/bin/native/M2M.a(m2mstringbufferbase.o)
 .text._ZN16StringBufferBase6appendEPcjPKc
                0x0000000000000000       0xcb /home/paul/RIOT/examples/LwM2M_Port/bin/native/M2M.a(m2mstringbufferbase.o)
 .text._ZN16StringBufferBase6appendEPcjPKcj
                0x0000000000000000       0xd3 /home/paul/RIOT/examples/LwM2M_Port/bin/native/M2M.a(m2mstringbufferbase.o)
 .text._ZN16StringBufferBase10append_intEPcjt
                0x0000000000000000       0x88 /home/paul/RIOT/examples/LwM2M_Port/bin/native/M2M.a(m2mstringbufferbase.o)
 .text._ZNK16StringBufferBase12find_last_ofEPKcc
                0x0000000000000000       0x78 /home/paul/RIOT/examples/LwM2M_Port/bin/native/M2M.a(m2mstringbufferbase.o)
 .text.__x86.get_pc_thunk.ax
                0x0000000000000000        0x4 /home/paul/RIOT/examples/LwM2M_Port/bin/native/M2M.a(m2mstringbufferbase.o)
 .text.__x86.get_pc_thunk.cx
                0x0000000000000000        0x4 /home/paul/RIOT/examples/LwM2M_Port/bin/native/M2M.a(m2mstringbufferbase.o)
 .text.__x86.get_pc_thunk.bx
                0x0000000000000000        0x4 /home/paul/RIOT/examples/LwM2M_Port/bin/native/M2M.a(m2mstringbufferbase.o)
 .note.GNU-stack
                0x0000000000000000        0x0 /home/paul/RIOT/examples/LwM2M_Port/bin/native/M2M.a(m2mstringbufferbase.o)
 .group         0x0000000000000000        0xc /home/paul/RIOT/examples/LwM2M_Port/bin/native/M2M.a(m2msecurity.o)
 .group         0x0000000000000000        0xc /home/paul/RIOT/examples/LwM2M_Port/bin/native/M2M.a(m2msecurity.o)
 .group         0x0000000000000000        0xc /home/paul/RIOT/examples/LwM2M_Port/bin/native/M2M.a(m2msecurity.o)
 .group         0x0000000000000000        0xc /home/paul/RIOT/examples/LwM2M_Port/bin/native/M2M.a(m2msecurity.o)
 .group         0x0000000000000000        0xc /home/paul/RIOT/examples/LwM2M_Port/bin/native/M2M.a(m2msecurity.o)
 .group         0x0000000000000000        0xc /home/paul/RIOT/examples/LwM2M_Port/bin/native/M2M.a(m2msecurity.o)
 .group         0x0000000000000000        0xc /home/paul/RIOT/examples/LwM2M_Port/bin/native/M2M.a(m2msecurity.o)
 .group         0x0000000000000000        0xc /home/paul/RIOT/examples/LwM2M_Port/bin/native/M2M.a(m2msecurity.o)
 .group         0x0000000000000000        0xc /home/paul/RIOT/examples/LwM2M_Port/bin/native/M2M.a(m2msecurity.o)
 .group         0x0000000000000000        0xc /home/paul/RIOT/examples/LwM2M_Port/bin/native/M2M.a(m2msecurity.o)
 .group         0x0000000000000000        0xc /home/paul/RIOT/examples/LwM2M_Port/bin/native/M2M.a(m2msecurity.o)
 .group         0x0000000000000000        0xc /home/paul/RIOT/examples/LwM2M_Port/bin/native/M2M.a(m2msecurity.o)
 .group         0x0000000000000000        0x8 /home/paul/RIOT/examples/LwM2M_Port/bin/native/M2M.a(m2msecurity.o)
 .group         0x0000000000000000        0x8 /home/paul/RIOT/examples/LwM2M_Port/bin/native/M2M.a(m2msecurity.o)
 .text          0x0000000000000000        0x0 /home/paul/RIOT/examples/LwM2M_Port/bin/native/M2M.a(m2msecurity.o)
 .data          0x0000000000000000        0x0 /home/paul/RIOT/examples/LwM2M_Port/bin/native/M2M.a(m2msecurity.o)
 .bss           0x0000000000000000        0x0 /home/paul/RIOT/examples/LwM2M_Port/bin/native/M2M.a(m2msecurity.o)
 .text._ZNK3m2m6String6lengthEv
                0x0000000000000000       0x3a /home/paul/RIOT/examples/LwM2M_Port/bin/native/M2M.a(m2msecurity.o)
 .text._ZNK3m2m6String5emptyEv
                0x0000000000000000       0x3f /home/paul/RIOT/examples/LwM2M_Port/bin/native/M2M.a(m2msecurity.o)
 .text._ZNK3m2m6String5c_strEv
                0x0000000000000000       0x39 /home/paul/RIOT/examples/LwM2M_Port/bin/native/M2M.a(m2msecurity.o)
 .rodata._ZL16MAX_VALUE_LENGTH
                0x0000000000000000        0x4 /home/paul/RIOT/examples/LwM2M_Port/bin/native/M2M.a(m2msecurity.o)
 .rodata._ZL13BUFFER_LENGTH
                0x0000000000000000        0x4 /home/paul/RIOT/examples/LwM2M_Port/bin/native/M2M.a(m2msecurity.o)
 .rodata._ZL25MINIMUM_REGISTRATION_TIME
                0x0000000000000000        0x1 /home/paul/RIOT/examples/LwM2M_Port/bin/native/M2M.a(m2msecurity.o)
 .rodata._ZL16ONE_SECOND_TIMER
                0x0000000000000000        0x1 /home/paul/RIOT/examples/LwM2M_Port/bin/native/M2M.a(m2msecurity.o)
 .rodata._ZL25MAX_ALLOWED_STRING_LENGTH
                0x0000000000000000        0x1 /home/paul/RIOT/examples/LwM2M_Port/bin/native/M2M.a(m2msecurity.o)
 .rodata._ZL31MAX_ALLOWED_ERROR_STRING_LENGTH
                0x0000000000000000        0x1 /home/paul/RIOT/examples/LwM2M_Port/bin/native/M2M.a(m2msecurity.o)
 .rodata._ZL16OPTIMUM_LIFETIME
                0x0000000000000000        0x2 /home/paul/RIOT/examples/LwM2M_Port/bin/native/M2M.a(m2msecurity.o)
 .rodata._ZL15REDUCE_LIFETIME
                0x0000000000000000        0x2 /home/paul/RIOT/examples/LwM2M_Port/bin/native/M2M.a(m2msecurity.o)
 .rodata._ZL16REDUCTION_FACTOR
                0x0000000000000000        0x4 /home/paul/RIOT/examples/LwM2M_Port/bin/native/M2M.a(m2msecurity.o)
 .rodata._ZL13TYPE_RESOURCE
                0x0000000000000000        0x1 /home/paul/RIOT/examples/LwM2M_Port/bin/native/M2M.a(m2msecurity.o)
 .rodata._ZL22TYPE_MULTIPLE_RESOURCE
                0x0000000000000000        0x1 /home/paul/RIOT/examples/LwM2M_Port/bin/native/M2M.a(m2msecurity.o)
 .rodata._ZL22TYPE_RESOURCE_INSTANCE
                0x0000000000000000        0x1 /home/paul/RIOT/examples/LwM2M_Port/bin/native/M2M.a(m2msecurity.o)
 .rodata._ZL20TYPE_OBJECT_INSTANCE
                0x0000000000000000        0x1 /home/paul/RIOT/examples/LwM2M_Port/bin/native/M2M.a(m2msecurity.o)
 .rodata._ZL3ID8
                0x0000000000000000        0x1 /home/paul/RIOT/examples/LwM2M_Port/bin/native/M2M.a(m2msecurity.o)
 .rodata._ZL4ID16
                0x0000000000000000        0x1 /home/paul/RIOT/examples/LwM2M_Port/bin/native/M2M.a(m2msecurity.o)
 .rodata._ZL7LENGTH8
                0x0000000000000000        0x1 /home/paul/RIOT/examples/LwM2M_Port/bin/native/M2M.a(m2msecurity.o)
 .rodata._ZL8LENGTH16
                0x0000000000000000        0x1 /home/paul/RIOT/examples/LwM2M_Port/bin/native/M2M.a(m2msecurity.o)
 .rodata._ZL8LENGTH24
                0x0000000000000000        0x1 /home/paul/RIOT/examples/LwM2M_Port/bin/native/M2M.a(m2msecurity.o)
 .rodata._ZL32COAP_CONTENT_OMA_PLAIN_TEXT_TYPE
                0x0000000000000000        0x1 /home/paul/RIOT/examples/LwM2M_Port/bin/native/M2M.a(m2msecurity.o)
 .rodata._ZL29COAP_CONTENT_OMA_TLV_TYPE_OLD
                0x0000000000000000        0x1 /home/paul/RIOT/examples/LwM2M_Port/bin/native/M2M.a(m2msecurity.o)
 .rodata._ZL25COAP_CONTENT_OMA_TLV_TYPE
                0x0000000000000000        0x2 /home/paul/RIOT/examples/LwM2M_Port/bin/native/M2M.a(m2msecurity.o)
 .rodata._ZL26COAP_CONTENT_OMA_JSON_TYPE
                0x0000000000000000        0x2 /home/paul/RIOT/examples/LwM2M_Port/bin/native/M2M.a(m2msecurity.o)
 .rodata._ZL28COAP_CONTENT_OMA_OPAQUE_TYPE
                0x0000000000000000        0x1 /home/paul/RIOT/examples/LwM2M_Port/bin/native/M2M.a(m2msecurity.o)
 .rodata._ZL18MAX_UNINT_16_COUNT
                0x0000000000000000        0x2 /home/paul/RIOT/examples/LwM2M_Port/bin/native/M2M.a(m2msecurity.o)
 .text._ZN11M2MSecurity12get_instanceEv
                0x0000000000000000       0x69 /home/paul/RIOT/examples/LwM2M_Port/bin/native/M2M.a(m2msecurity.o)
 .rodata        0x0000000000000000       0x1b /home/paul/RIOT/examples/LwM2M_Port/bin/native/M2M.a(m2msecurity.o)
 .text._ZN11M2MSecurityC2ENS_10ServerTypeE
                0x0000000000000000       0x9c /home/paul/RIOT/examples/LwM2M_Port/bin/native/M2M.a(m2msecurity.o)
 .text._ZN11M2MSecurityD2Ev
                0x0000000000000000       0x56 /home/paul/RIOT/examples/LwM2M_Port/bin/native/M2M.a(m2msecurity.o)
 .text._ZN11M2MSecurityD0Ev
                0x0000000000000000       0x57 /home/paul/RIOT/examples/LwM2M_Port/bin/native/M2M.a(m2msecurity.o)
 .text._ZN11M2MSecurity22create_object_instanceENS_10ServerTypeE
                0x0000000000000000      0x449 /home/paul/RIOT/examples/LwM2M_Port/bin/native/M2M.a(m2msecurity.o)
 .text._ZN11M2MSecurity25remove_security_instancesEv
                0x0000000000000000       0xaa /home/paul/RIOT/examples/LwM2M_Port/bin/native/M2M.a(m2msecurity.o)
 .text._ZN11M2MSecurity15create_resourceENS_16SecurityResourceEjt
                0x0000000000000000      0x1a8 /home/paul/RIOT/examples/LwM2M_Port/bin/native/M2M.a(m2msecurity.o)
 .text._ZN11M2MSecurity15delete_resourceENS_16SecurityResourceEt
                0x0000000000000000      0x111 /home/paul/RIOT/examples/LwM2M_Port/bin/native/M2M.a(m2msecurity.o)
 .text._ZN11M2MSecurity18set_resource_valueENS_16SecurityResourceERKN3m2m6StringEt
                0x0000000000000000       0xb2 /home/paul/RIOT/examples/LwM2M_Port/bin/native/M2M.a(m2msecurity.o)
 .text._ZN11M2MSecurity18set_resource_valueENS_16SecurityResourceEjt
                0x0000000000000000       0xb5 /home/paul/RIOT/examples/LwM2M_Port/bin/native/M2M.a(m2msecurity.o)
 .text._ZN11M2MSecurity18set_resource_valueENS_16SecurityResourceEPKhtt
                0x0000000000000000       0xb0 /home/paul/RIOT/examples/LwM2M_Port/bin/native/M2M.a(m2msecurity.o)
 .text._ZNK11M2MSecurity21resource_value_stringENS_16SecurityResourceEt
                0x0000000000000000       0xc2 /home/paul/RIOT/examples/LwM2M_Port/bin/native/M2M.a(m2msecurity.o)
 .text._ZNK11M2MSecurity21resource_value_bufferENS_16SecurityResourceERPht
                0x0000000000000000       0x9f /home/paul/RIOT/examples/LwM2M_Port/bin/native/M2M.a(m2msecurity.o)
 .text._ZNK11M2MSecurity21resource_value_bufferENS_16SecurityResourceERPKht
                0x0000000000000000       0xb1 /home/paul/RIOT/examples/LwM2M_Port/bin/native/M2M.a(m2msecurity.o)
 .text._ZNK11M2MSecurity18resource_value_intENS_16SecurityResourceEt
                0x0000000000000000       0xa7 /home/paul/RIOT/examples/LwM2M_Port/bin/native/M2M.a(m2msecurity.o)
 .text._ZNK11M2MSecurity19is_resource_presentENS_16SecurityResourceEt
                0x0000000000000000       0x6e /home/paul/RIOT/examples/LwM2M_Port/bin/native/M2M.a(m2msecurity.o)
 .text._ZNK11M2MSecurity20total_resource_countEt
                0x0000000000000000       0x87 /home/paul/RIOT/examples/LwM2M_Port/bin/native/M2M.a(m2msecurity.o)
 .text._ZNK11M2MSecurity11server_typeEt
                0x0000000000000000       0x6c /home/paul/RIOT/examples/LwM2M_Port/bin/native/M2M.a(m2msecurity.o)
 .text._ZNK11M2MSecurity12get_resourceENS_16SecurityResourceEt
                0x0000000000000000      0x141 /home/paul/RIOT/examples/LwM2M_Port/bin/native/M2M.a(m2msecurity.o)
 .rodata._ZNK11M2MSecurity12get_resourceENS_16SecurityResourceEt
                0x0000000000000000       0x30 /home/paul/RIOT/examples/LwM2M_Port/bin/native/M2M.a(m2msecurity.o)
 .text._ZN11M2MSecurity15clear_resourcesEt
                0x0000000000000000       0x85 /home/paul/RIOT/examples/LwM2M_Port/bin/native/M2M.a(m2msecurity.o)
 .text._ZNK11M2MSecurity24get_security_instance_idENS_10ServerTypeE
                0x0000000000000000       0xe5 /home/paul/RIOT/examples/LwM2M_Port/bin/native/M2M.a(m2msecurity.o)
 .text._ZNK3m2m6VectorIP11M2MResourceE4sizeEv
                0x0000000000000000       0x39 /home/paul/RIOT/examples/LwM2M_Port/bin/native/M2M.a(m2msecurity.o)
 .text._ZN3m2m6VectorIP17M2MObjectInstanceEC2ERKS3_
                0x0000000000000000       0x56 /home/paul/RIOT/examples/LwM2M_Port/bin/native/M2M.a(m2msecurity.o)
 .text._ZN3m2m6VectorIP17M2MObjectInstanceED2Ev
                0x0000000000000000       0x58 /home/paul/RIOT/examples/LwM2M_Port/bin/native/M2M.a(m2msecurity.o)
 .text._ZN3m2m6VectorIP17M2MObjectInstanceE5beginEv
                0x0000000000000000       0x3a /home/paul/RIOT/examples/LwM2M_Port/bin/native/M2M.a(m2msecurity.o)
 .text._ZN3m2m6VectorIP17M2MObjectInstanceE3endEv
                0x0000000000000000       0x44 /home/paul/RIOT/examples/LwM2M_Port/bin/native/M2M.a(m2msecurity.o)
 .text._ZN3m2m6VectorIP17M2MObjectInstanceEaSERKS3_
                0x0000000000000000      0x104 /home/paul/RIOT/examples/LwM2M_Port/bin/native/M2M.a(m2msecurity.o)
 .text._ZNK3m2m6VectorIP17M2MObjectInstanceE4sizeEv
                0x0000000000000000       0x39 /home/paul/RIOT/examples/LwM2M_Port/bin/native/M2M.a(m2msecurity.o)
 .text._ZNK3m2m6VectorIP17M2MObjectInstanceE8capacityEv
                0x0000000000000000       0x3a /home/paul/RIOT/examples/LwM2M_Port/bin/native/M2M.a(m2msecurity.o)
 .data.rel.ro._ZTV11M2MSecurity
                0x0000000000000000       0x3c /home/paul/RIOT/examples/LwM2M_Port/bin/native/M2M.a(m2msecurity.o)
 .text.__x86.get_pc_thunk.ax
                0x0000000000000000        0x4 /home/paul/RIOT/examples/LwM2M_Port/bin/native/M2M.a(m2msecurity.o)
 .text.__x86.get_pc_thunk.bx
                0x0000000000000000        0x4 /home/paul/RIOT/examples/LwM2M_Port/bin/native/M2M.a(m2msecurity.o)
 .note.GNU-stack
                0x0000000000000000        0x0 /home/paul/RIOT/examples/LwM2M_Port/bin/native/M2M.a(m2msecurity.o)
 .group         0x0000000000000000        0xc /home/paul/RIOT/examples/LwM2M_Port/bin/native/M2M.a(m2mcallbackstorage.o)
 .group         0x0000000000000000        0xc /home/paul/RIOT/examples/LwM2M_Port/bin/native/M2M.a(m2mcallbackstorage.o)
 .group         0x0000000000000000        0xc /home/paul/RIOT/examples/LwM2M_Port/bin/native/M2M.a(m2mcallbackstorage.o)
 .group         0x0000000000000000        0xc /home/paul/RIOT/examples/LwM2M_Port/bin/native/M2M.a(m2mcallbackstorage.o)
 .group         0x0000000000000000        0xc /home/paul/RIOT/examples/LwM2M_Port/bin/native/M2M.a(m2mcallbackstorage.o)
 .group         0x0000000000000000        0xc /home/paul/RIOT/examples/LwM2M_Port/bin/native/M2M.a(m2mcallbackstorage.o)
 .group         0x0000000000000000        0xc /home/paul/RIOT/examples/LwM2M_Port/bin/native/M2M.a(m2mcallbackstorage.o)
 .group         0x0000000000000000        0xc /home/paul/RIOT/examples/LwM2M_Port/bin/native/M2M.a(m2mcallbackstorage.o)
 .group         0x0000000000000000        0xc /home/paul/RIOT/examples/LwM2M_Port/bin/native/M2M.a(m2mcallbackstorage.o)
 .group         0x0000000000000000        0xc /home/paul/RIOT/examples/LwM2M_Port/bin/native/M2M.a(m2mcallbackstorage.o)
 .group         0x0000000000000000        0xc /home/paul/RIOT/examples/LwM2M_Port/bin/native/M2M.a(m2mcallbackstorage.o)
 .group         0x0000000000000000        0x8 /home/paul/RIOT/examples/LwM2M_Port/bin/native/M2M.a(m2mcallbackstorage.o)
 .group         0x0000000000000000        0x8 /home/paul/RIOT/examples/LwM2M_Port/bin/native/M2M.a(m2mcallbackstorage.o)
 .group         0x0000000000000000        0x8 /home/paul/RIOT/examples/LwM2M_Port/bin/native/M2M.a(m2mcallbackstorage.o)
 .text          0x0000000000000000        0x0 /home/paul/RIOT/examples/LwM2M_Port/bin/native/M2M.a(m2mcallbackstorage.o)
 .data          0x0000000000000000        0x0 /home/paul/RIOT/examples/LwM2M_Port/bin/native/M2M.a(m2mcallbackstorage.o)
 .bss           0x0000000000000000        0x0 /home/paul/RIOT/examples/LwM2M_Port/bin/native/M2M.a(m2mcallbackstorage.o)
 .text._ZN22M2MCallbackAssociationC2Ev
                0x0000000000000000       0x35 /home/paul/RIOT/examples/LwM2M_Port/bin/native/M2M.a(m2mcallbackstorage.o)
 .text._ZN22M2MCallbackAssociationC2EPK7M2MBasePvNS_15M2MCallbackTypeES3_
                0x0000000000000000       0x70 /home/paul/RIOT/examples/LwM2M_Port/bin/native/M2M.a(m2mcallbackstorage.o)
 .bss._ZN18M2MCallbackStorage16_static_instanceE
                0x0000000000000000        0x4 /home/paul/RIOT/examples/LwM2M_Port/bin/native/M2M.a(m2mcallbackstorage.o)
 .text._ZN18M2MCallbackStorageC2Ev
                0x0000000000000000       0x46 /home/paul/RIOT/examples/LwM2M_Port/bin/native/M2M.a(m2mcallbackstorage.o)
 .text._ZN18M2MCallbackStorage12get_instanceEv
                0x0000000000000000       0x7d /home/paul/RIOT/examples/LwM2M_Port/bin/native/M2M.a(m2mcallbackstorage.o)
 .text._ZN18M2MCallbackStorage15delete_instanceEv
                0x0000000000000000       0x67 /home/paul/RIOT/examples/LwM2M_Port/bin/native/M2M.a(m2mcallbackstorage.o)
 .text._ZN18M2MCallbackStorageD2Ev
                0x0000000000000000       0x44 /home/paul/RIOT/examples/LwM2M_Port/bin/native/M2M.a(m2mcallbackstorage.o)
 .text._ZN18M2MCallbackStorage12add_callbackERK7M2MBasePvN22M2MCallbackAssociation15M2MCallbackTypeES3_
                0x0000000000000000       0x79 /home/paul/RIOT/examples/LwM2M_Port/bin/native/M2M.a(m2mcallbackstorage.o)
 .text._ZN18M2MCallbackStorage15do_add_callbackERK7M2MBasePvN22M2MCallbackAssociation15M2MCallbackTypeES3_
                0x0000000000000000       0xa1 /home/paul/RIOT/examples/LwM2M_Port/bin/native/M2M.a(m2mcallbackstorage.o)
 .text._ZN18M2MCallbackStorage15remove_callbackERK7M2MBaseN22M2MCallbackAssociation15M2MCallbackTypeE
                0x0000000000000000       0x6b /home/paul/RIOT/examples/LwM2M_Port/bin/native/M2M.a(m2mcallbackstorage.o)
 .text._ZN18M2MCallbackStorage18do_remove_callbackERK7M2MBaseN22M2MCallbackAssociation15M2MCallbackTypeE
                0x0000000000000000       0xe2 /home/paul/RIOT/examples/LwM2M_Port/bin/native/M2M.a(m2mcallbackstorage.o)
 .text._ZN18M2MCallbackStorage12get_callbackERK7M2MBaseN22M2MCallbackAssociation15M2MCallbackTypeE
                0x0000000000000000       0x69 /home/paul/RIOT/examples/LwM2M_Port/bin/native/M2M.a(m2mcallbackstorage.o)
 .text._ZNK18M2MCallbackStorage15do_get_callbackERK7M2MBaseN22M2MCallbackAssociation15M2MCallbackTypeE
                0x0000000000000000       0xb1 /home/paul/RIOT/examples/LwM2M_Port/bin/native/M2M.a(m2mcallbackstorage.o)
 .text._ZN18M2MCallbackStorage20get_association_itemERK7M2MBaseN22M2MCallbackAssociation15M2MCallbackTypeE
                0x0000000000000000       0x69 /home/paul/RIOT/examples/LwM2M_Port/bin/native/M2M.a(m2mcallbackstorage.o)
 .text._ZNK18M2MCallbackStorage23do_get_association_itemERK7M2MBaseN22M2MCallbackAssociation15M2MCallbackTypeE
                0x0000000000000000       0xae /home/paul/RIOT/examples/LwM2M_Port/bin/native/M2M.a(m2mcallbackstorage.o)
 .text._ZN18M2MCallbackStorage19does_callback_existERK7M2MBaseN22M2MCallbackAssociation15M2MCallbackTypeE
                0x0000000000000000       0x60 /home/paul/RIOT/examples/LwM2M_Port/bin/native/M2M.a(m2mcallbackstorage.o)
 .text._ZNK18M2MCallbackStorage19does_callback_existERK7M2MBasePvN22M2MCallbackAssociation15M2MCallbackTypeE
                0x0000000000000000       0xbb /home/paul/RIOT/examples/LwM2M_Port/bin/native/M2M.a(m2mcallbackstorage.o)
 .text._ZN3m2m6VectorI22M2MCallbackAssociationEC2Ei
                0x0000000000000000       0xb6 /home/paul/RIOT/examples/LwM2M_Port/bin/native/M2M.a(m2mcallbackstorage.o)
 .text._ZN3m2m6VectorI22M2MCallbackAssociationED2Ev
                0x0000000000000000       0x58 /home/paul/RIOT/examples/LwM2M_Port/bin/native/M2M.a(m2mcallbackstorage.o)
 .text._ZN3m2m6VectorI22M2MCallbackAssociationE9push_backERKS1_
                0x0000000000000000       0x9a /home/paul/RIOT/examples/LwM2M_Port/bin/native/M2M.a(m2mcallbackstorage.o)
 .text._ZNK3m2m6VectorI22M2MCallbackAssociationE4sizeEv
                0x0000000000000000       0x39 /home/paul/RIOT/examples/LwM2M_Port/bin/native/M2M.a(m2mcallbackstorage.o)
 .text._ZN3m2m6VectorI22M2MCallbackAssociationEixEi
                0x0000000000000000       0x48 /home/paul/RIOT/examples/LwM2M_Port/bin/native/M2M.a(m2mcallbackstorage.o)
 .text._ZN3m2m6VectorI22M2MCallbackAssociationE5eraseEi
                0x0000000000000000       0xa2 /home/paul/RIOT/examples/LwM2M_Port/bin/native/M2M.a(m2mcallbackstorage.o)
 .text._ZNK3m2m6VectorI22M2MCallbackAssociationE5emptyEv
                0x0000000000000000       0x47 /home/paul/RIOT/examples/LwM2M_Port/bin/native/M2M.a(m2mcallbackstorage.o)
 .text._ZNK3m2m6VectorI22M2MCallbackAssociationE5beginEv
                0x0000000000000000       0x3a /home/paul/RIOT/examples/LwM2M_Port/bin/native/M2M.a(m2mcallbackstorage.o)
 .text._ZNK3m2m6VectorI22M2MCallbackAssociationE3endEv
                0x0000000000000000       0x44 /home/paul/RIOT/examples/LwM2M_Port/bin/native/M2M.a(m2mcallbackstorage.o)
 .text._ZN3m2m6VectorI22M2MCallbackAssociationE7reserveEi
                0x0000000000000000      0x117 /home/paul/RIOT/examples/LwM2M_Port/bin/native/M2M.a(m2mcallbackstorage.o)
 .text.__x86.get_pc_thunk.ax
                0x0000000000000000        0x4 /home/paul/RIOT/examples/LwM2M_Port/bin/native/M2M.a(m2mcallbackstorage.o)
 .text.__x86.get_pc_thunk.si
                0x0000000000000000        0x4 /home/paul/RIOT/examples/LwM2M_Port/bin/native/M2M.a(m2mcallbackstorage.o)
 .text.__x86.get_pc_thunk.di
                0x0000000000000000        0x4 /home/paul/RIOT/examples/LwM2M_Port/bin/native/M2M.a(m2mcallbackstorage.o)
 .note.GNU-stack
                0x0000000000000000        0x0 /home/paul/RIOT/examples/LwM2M_Port/bin/native/M2M.a(m2mcallbackstorage.o)
 .group         0x0000000000000000        0xc /home/paul/RIOT/examples/LwM2M_Port/bin/native/M2M.a(m2mobjectinstance.o)
 .group         0x0000000000000000        0xc /home/paul/RIOT/examples/LwM2M_Port/bin/native/M2M.a(m2mobjectinstance.o)
 .group         0x0000000000000000        0xc /home/paul/RIOT/examples/LwM2M_Port/bin/native/M2M.a(m2mobjectinstance.o)
 .group         0x0000000000000000        0xc /home/paul/RIOT/examples/LwM2M_Port/bin/native/M2M.a(m2mobjectinstance.o)
 .group         0x0000000000000000        0xc /home/paul/RIOT/examples/LwM2M_Port/bin/native/M2M.a(m2mobjectinstance.o)
 .group         0x0000000000000000        0xc /home/paul/RIOT/examples/LwM2M_Port/bin/native/M2M.a(m2mobjectinstance.o)
 .group         0x0000000000000000        0xc /home/paul/RIOT/examples/LwM2M_Port/bin/native/M2M.a(m2mobjectinstance.o)
 .group         0x0000000000000000        0xc /home/paul/RIOT/examples/LwM2M_Port/bin/native/M2M.a(m2mobjectinstance.o)
 .group         0x0000000000000000        0xc /home/paul/RIOT/examples/LwM2M_Port/bin/native/M2M.a(m2mobjectinstance.o)
 .group         0x0000000000000000        0xc /home/paul/RIOT/examples/LwM2M_Port/bin/native/M2M.a(m2mobjectinstance.o)
 .group         0x0000000000000000        0xc /home/paul/RIOT/examples/LwM2M_Port/bin/native/M2M.a(m2mobjectinstance.o)
 .group         0x0000000000000000        0xc /home/paul/RIOT/examples/LwM2M_Port/bin/native/M2M.a(m2mobjectinstance.o)
 .group         0x0000000000000000        0xc /home/paul/RIOT/examples/LwM2M_Port/bin/native/M2M.a(m2mobjectinstance.o)
 .group         0x0000000000000000        0xc /home/paul/RIOT/examples/LwM2M_Port/bin/native/M2M.a(m2mobjectinstance.o)
 .group         0x0000000000000000        0xc /home/paul/RIOT/examples/LwM2M_Port/bin/native/M2M.a(m2mobjectinstance.o)
 .group         0x0000000000000000        0xc /home/paul/RIOT/examples/LwM2M_Port/bin/native/M2M.a(m2mobjectinstance.o)
 .group         0x0000000000000000        0xc /home/paul/RIOT/examples/LwM2M_Port/bin/native/M2M.a(m2mobjectinstance.o)
 .group         0x0000000000000000        0xc /home/paul/RIOT/examples/LwM2M_Port/bin/native/M2M.a(m2mobjectinstance.o)
 .group         0x0000000000000000        0xc /home/paul/RIOT/examples/LwM2M_Port/bin/native/M2M.a(m2mobjectinstance.o)
 .group         0x0000000000000000        0xc /home/paul/RIOT/examples/LwM2M_Port/bin/native/M2M.a(m2mobjectinstance.o)
 .group         0x0000000000000000        0xc /home/paul/RIOT/examples/LwM2M_Port/bin/native/M2M.a(m2mobjectinstance.o)
 .group         0x0000000000000000        0xc /home/paul/RIOT/examples/LwM2M_Port/bin/native/M2M.a(m2mobjectinstance.o)
 .group         0x0000000000000000        0xc /home/paul/RIOT/examples/LwM2M_Port/bin/native/M2M.a(m2mobjectinstance.o)
 .group         0x0000000000000000        0xc /home/paul/RIOT/examples/LwM2M_Port/bin/native/M2M.a(m2mobjectinstance.o)
 .group         0x0000000000000000        0xc /home/paul/RIOT/examples/LwM2M_Port/bin/native/M2M.a(m2mobjectinstance.o)
 .group         0x0000000000000000        0x8 /home/paul/RIOT/examples/LwM2M_Port/bin/native/M2M.a(m2mobjectinstance.o)
 .group         0x0000000000000000        0x8 /home/paul/RIOT/examples/LwM2M_Port/bin/native/M2M.a(m2mobjectinstance.o)
 .text          0x0000000000000000        0x0 /home/paul/RIOT/examples/LwM2M_Port/bin/native/M2M.a(m2mobjectinstance.o)
 .data          0x0000000000000000        0x0 /home/paul/RIOT/examples/LwM2M_Port/bin/native/M2M.a(m2mobjectinstance.o)
 .bss           0x0000000000000000        0x0 /home/paul/RIOT/examples/LwM2M_Port/bin/native/M2M.a(m2mobjectinstance.o)
 .text._ZNK3m2m6String5c_strEv
                0x0000000000000000       0x39 /home/paul/RIOT/examples/LwM2M_Port/bin/native/M2M.a(m2mobjectinstance.o)
 .text._ZN16StringBufferBaseC2Ev
                0x0000000000000000       0x3e /home/paul/RIOT/examples/LwM2M_Port/bin/native/M2M.a(m2mobjectinstance.o)
 .rodata._ZL16MAX_VALUE_LENGTH
                0x0000000000000000        0x4 /home/paul/RIOT/examples/LwM2M_Port/bin/native/M2M.a(m2mobjectinstance.o)
 .rodata._ZL13BUFFER_LENGTH
                0x0000000000000000        0x4 /home/paul/RIOT/examples/LwM2M_Port/bin/native/M2M.a(m2mobjectinstance.o)
 .rodata._ZL25MINIMUM_REGISTRATION_TIME
                0x0000000000000000        0x1 /home/paul/RIOT/examples/LwM2M_Port/bin/native/M2M.a(m2mobjectinstance.o)
 .rodata._ZL16ONE_SECOND_TIMER
                0x0000000000000000        0x1 /home/paul/RIOT/examples/LwM2M_Port/bin/native/M2M.a(m2mobjectinstance.o)
 .rodata._ZL25MAX_ALLOWED_STRING_LENGTH
                0x0000000000000000        0x1 /home/paul/RIOT/examples/LwM2M_Port/bin/native/M2M.a(m2mobjectinstance.o)
 .rodata._ZL31MAX_ALLOWED_ERROR_STRING_LENGTH
                0x0000000000000000        0x1 /home/paul/RIOT/examples/LwM2M_Port/bin/native/M2M.a(m2mobjectinstance.o)
 .rodata._ZL16OPTIMUM_LIFETIME
                0x0000000000000000        0x2 /home/paul/RIOT/examples/LwM2M_Port/bin/native/M2M.a(m2mobjectinstance.o)
 .rodata._ZL15REDUCE_LIFETIME
                0x0000000000000000        0x2 /home/paul/RIOT/examples/LwM2M_Port/bin/native/M2M.a(m2mobjectinstance.o)
 .rodata._ZL16REDUCTION_FACTOR
                0x0000000000000000        0x4 /home/paul/RIOT/examples/LwM2M_Port/bin/native/M2M.a(m2mobjectinstance.o)
 .rodata._ZL13TYPE_RESOURCE
                0x0000000000000000        0x1 /home/paul/RIOT/examples/LwM2M_Port/bin/native/M2M.a(m2mobjectinstance.o)
 .rodata._ZL22TYPE_MULTIPLE_RESOURCE
                0x0000000000000000        0x1 /home/paul/RIOT/examples/LwM2M_Port/bin/native/M2M.a(m2mobjectinstance.o)
 .rodata._ZL22TYPE_RESOURCE_INSTANCE
                0x0000000000000000        0x1 /home/paul/RIOT/examples/LwM2M_Port/bin/native/M2M.a(m2mobjectinstance.o)
 .rodata._ZL20TYPE_OBJECT_INSTANCE
                0x0000000000000000        0x1 /home/paul/RIOT/examples/LwM2M_Port/bin/native/M2M.a(m2mobjectinstance.o)
 .rodata._ZL3ID8
                0x0000000000000000        0x1 /home/paul/RIOT/examples/LwM2M_Port/bin/native/M2M.a(m2mobjectinstance.o)
 .rodata._ZL4ID16
                0x0000000000000000        0x1 /home/paul/RIOT/examples/LwM2M_Port/bin/native/M2M.a(m2mobjectinstance.o)
 .rodata._ZL7LENGTH8
                0x0000000000000000        0x1 /home/paul/RIOT/examples/LwM2M_Port/bin/native/M2M.a(m2mobjectinstance.o)
 .rodata._ZL8LENGTH16
                0x0000000000000000        0x1 /home/paul/RIOT/examples/LwM2M_Port/bin/native/M2M.a(m2mobjectinstance.o)
 .rodata._ZL8LENGTH24
                0x0000000000000000        0x1 /home/paul/RIOT/examples/LwM2M_Port/bin/native/M2M.a(m2mobjectinstance.o)
 .rodata._ZL32COAP_CONTENT_OMA_PLAIN_TEXT_TYPE
                0x0000000000000000        0x1 /home/paul/RIOT/examples/LwM2M_Port/bin/native/M2M.a(m2mobjectinstance.o)
 .rodata._ZL29COAP_CONTENT_OMA_TLV_TYPE_OLD
[...]
                0x000000000000e188        0x4 /home/paul/RIOT/examples/LwM2M_Port/bin/native/cpu.a(syscalls.o)
                0x000000000000e188                real_freeaddrinfo
 .bss.real_freeifaddrs
                0x000000000000e18c        0x4 /home/paul/RIOT/examples/LwM2M_Port/bin/native/cpu.a(syscalls.o)
                0x000000000000e18c                real_freeifaddrs
 .bss.real_srandom
                0x000000000000e190        0x4 /home/paul/RIOT/examples/LwM2M_Port/bin/native/cpu.a(syscalls.o)
                0x000000000000e190                real_srandom
 .bss.real_accept
                0x000000000000e194        0x4 /home/paul/RIOT/examples/LwM2M_Port/bin/native/cpu.a(syscalls.o)
                0x000000000000e194                real_accept
 .bss.real_bind
                0x000000000000e198        0x4 /home/paul/RIOT/examples/LwM2M_Port/bin/native/cpu.a(syscalls.o)
                0x000000000000e198                real_bind
 .bss.real_connect
                0x000000000000e19c        0x4 /home/paul/RIOT/examples/LwM2M_Port/bin/native/cpu.a(syscalls.o)
                0x000000000000e19c                real_connect
 .bss.real_printf
                0x000000000000e1a0        0x4 /home/paul/RIOT/examples/LwM2M_Port/bin/native/cpu.a(syscalls.o)
                0x000000000000e1a0                real_printf
 .bss.real_getaddrinfo
                0x000000000000e1a4        0x4 /home/paul/RIOT/examples/LwM2M_Port/bin/native/cpu.a(syscalls.o)
                0x000000000000e1a4                real_getaddrinfo
 .bss.real_getifaddrs
                0x000000000000e1a8        0x4 /home/paul/RIOT/examples/LwM2M_Port/bin/native/cpu.a(syscalls.o)
                0x000000000000e1a8                real_getifaddrs
 .bss.real_gettimeofday
                0x000000000000e1ac        0x4 /home/paul/RIOT/examples/LwM2M_Port/bin/native/cpu.a(syscalls.o)
                0x000000000000e1ac                real_gettimeofday
 .bss.real_getpid
                0x000000000000e1b0        0x4 /home/paul/RIOT/examples/LwM2M_Port/bin/native/cpu.a(syscalls.o)
                0x000000000000e1b0                real_getpid
 .bss.real_chdir
                0x000000000000e1b4        0x4 /home/paul/RIOT/examples/LwM2M_Port/bin/native/cpu.a(syscalls.o)
                0x000000000000e1b4                real_chdir
 .bss.real_close
                0x000000000000e1b8        0x4 /home/paul/RIOT/examples/LwM2M_Port/bin/native/cpu.a(syscalls.o)
                0x000000000000e1b8                real_close
 .bss.real_fcntl
                0x000000000000e1bc        0x4 /home/paul/RIOT/examples/LwM2M_Port/bin/native/cpu.a(syscalls.o)
                0x000000000000e1bc                real_fcntl
 .bss.real_creat
                0x000000000000e1c0        0x4 /home/paul/RIOT/examples/LwM2M_Port/bin/native/cpu.a(syscalls.o)
                0x000000000000e1c0                real_creat
 .bss.real_dup2
                0x000000000000e1c4        0x4 /home/paul/RIOT/examples/LwM2M_Port/bin/native/cpu.a(syscalls.o)
                0x000000000000e1c4                real_dup2
 .bss.real_execve
                0x000000000000e1c8        0x4 /home/paul/RIOT/examples/LwM2M_Port/bin/native/cpu.a(syscalls.o)
                0x000000000000e1c8                real_execve
 .bss.real_fork
                0x000000000000e1cc        0x4 /home/paul/RIOT/examples/LwM2M_Port/bin/native/cpu.a(syscalls.o)
                0x000000000000e1cc                real_fork
 .bss.real_feof
                0x000000000000e1d0        0x4 /home/paul/RIOT/examples/LwM2M_Port/bin/native/cpu.a(syscalls.o)
                0x000000000000e1d0                real_feof
 .bss.real_ferror
                0x000000000000e1d4        0x4 /home/paul/RIOT/examples/LwM2M_Port/bin/native/cpu.a(syscalls.o)
                0x000000000000e1d4                real_ferror
 .bss.real_listen
                0x000000000000e1d8        0x4 /home/paul/RIOT/examples/LwM2M_Port/bin/native/cpu.a(syscalls.o)
                0x000000000000e1d8                real_listen
 .bss.real_ioctl
                0x000000000000e1dc        0x4 /home/paul/RIOT/examples/LwM2M_Port/bin/native/cpu.a(syscalls.o)
                0x000000000000e1dc                real_ioctl
 .bss.real_open
                0x000000000000e1e0        0x4 /home/paul/RIOT/examples/LwM2M_Port/bin/native/cpu.a(syscalls.o)
                0x000000000000e1e0                real_open
 .bss.real_pause
                0x000000000000e1e4        0x4 /home/paul/RIOT/examples/LwM2M_Port/bin/native/cpu.a(syscalls.o)
                0x000000000000e1e4                real_pause
 .bss.real_pipe
                0x000000000000e1e8        0x4 /home/paul/RIOT/examples/LwM2M_Port/bin/native/cpu.a(syscalls.o)
                0x000000000000e1e8                real_pipe
 .bss.real_select
                0x000000000000e1ec        0x4 /home/paul/RIOT/examples/LwM2M_Port/bin/native/cpu.a(syscalls.o)
                0x000000000000e1ec                real_select
 .bss.real_setitimer
                0x000000000000e1f0        0x4 /home/paul/RIOT/examples/LwM2M_Port/bin/native/cpu.a(syscalls.o)
                0x000000000000e1f0                real_setitimer
 .bss.real_setsid
                0x000000000000e1f4        0x4 /home/paul/RIOT/examples/LwM2M_Port/bin/native/cpu.a(syscalls.o)
                0x000000000000e1f4                real_setsid
 .bss.real_setsockopt
                0x000000000000e1f8        0x4 /home/paul/RIOT/examples/LwM2M_Port/bin/native/cpu.a(syscalls.o)
                0x000000000000e1f8                real_setsockopt
 .bss.real_socket
                0x000000000000e1fc        0x4 /home/paul/RIOT/examples/LwM2M_Port/bin/native/cpu.a(syscalls.o)
                0x000000000000e1fc                real_socket
 .bss.real_unlink
                0x000000000000e200        0x4 /home/paul/RIOT/examples/LwM2M_Port/bin/native/cpu.a(syscalls.o)
                0x000000000000e200                real_unlink
 .bss.real_random
                0x000000000000e204        0x4 /home/paul/RIOT/examples/LwM2M_Port/bin/native/cpu.a(syscalls.o)
                0x000000000000e204                real_random
 .bss.real_gai_strerror
                0x000000000000e208        0x4 /home/paul/RIOT/examples/LwM2M_Port/bin/native/cpu.a(syscalls.o)
                0x000000000000e208                real_gai_strerror
 .bss.real_fopen
                0x000000000000e20c        0x4 /home/paul/RIOT/examples/LwM2M_Port/bin/native/cpu.a(syscalls.o)
                0x000000000000e20c                real_fopen
 .bss.real_fclose
                0x000000000000e210        0x4 /home/paul/RIOT/examples/LwM2M_Port/bin/native/cpu.a(syscalls.o)
                0x000000000000e210                real_fclose
 .bss.real_fseek
                0x000000000000e214        0x4 /home/paul/RIOT/examples/LwM2M_Port/bin/native/cpu.a(syscalls.o)
                0x000000000000e214                real_fseek
 .bss.real_fputc
                0x000000000000e218        0x4 /home/paul/RIOT/examples/LwM2M_Port/bin/native/cpu.a(syscalls.o)
                0x000000000000e218                real_fputc
 .bss.real_fgetc
                0x000000000000e21c        0x4 /home/paul/RIOT/examples/LwM2M_Port/bin/native/cpu.a(syscalls.o)
                0x000000000000e21c                real_fgetc
 .bss.real_umask
                0x000000000000e220        0x4 /home/paul/RIOT/examples/LwM2M_Port/bin/native/cpu.a(syscalls.o)
                0x000000000000e220                real_umask
 .bss.real_writev
                0x000000000000e224        0x4 /home/paul/RIOT/examples/LwM2M_Port/bin/native/cpu.a(syscalls.o)
                0x000000000000e224                real_writev
 .bss.real_clock_gettime
                0x000000000000e228        0x4 /home/paul/RIOT/examples/LwM2M_Port/bin/native/cpu.a(syscalls.o)
                0x000000000000e228                real_clock_gettime
 .bss._native_in_malloc
                0x000000000000e22c        0x4 /home/paul/RIOT/examples/LwM2M_Port/bin/native/cpu.a(syscalls.o)
                0x000000000000e22c                _native_in_malloc
 .bss._native_in_calloc
                0x000000000000e230        0x4 /home/paul/RIOT/examples/LwM2M_Port/bin/native/cpu.a(syscalls.o)
                0x000000000000e230                _native_in_calloc
 .bss.native_interrupts_enabled
                0x000000000000e234        0x4 /home/paul/RIOT/examples/LwM2M_Port/bin/native/cpu.a(irq_cpu.o)
                0x000000000000e234                native_interrupts_enabled
 .bss._native_in_isr
                0x000000000000e238        0x4 /home/paul/RIOT/examples/LwM2M_Port/bin/native/cpu.a(irq_cpu.o)
                0x000000000000e238                _native_in_isr
 .bss._native_in_syscall
                0x000000000000e23c        0x4 /home/paul/RIOT/examples/LwM2M_Port/bin/native/cpu.a(irq_cpu.o)
                0x000000000000e23c                _native_in_syscall
 .bss._native_sig_set
                0x000000000000e240       0x80 /home/paul/RIOT/examples/LwM2M_Port/bin/native/cpu.a(irq_cpu.o)
 .bss._native_sig_set_dint
                0x000000000000e2c0       0x80 /home/paul/RIOT/examples/LwM2M_Port/bin/native/cpu.a(irq_cpu.o)
 .bss.__isr_stack
                0x000000000000e340     0x2000 /home/paul/RIOT/examples/LwM2M_Port/bin/native/cpu.a(irq_cpu.o)
                0x000000000000e340                __isr_stack
 .bss.native_isr_context
                0x0000000000010340      0x15c /home/paul/RIOT/examples/LwM2M_Port/bin/native/cpu.a(irq_cpu.o)
                0x0000000000010340                native_isr_context
 .bss._native_cur_ctx
                0x000000000001049c        0x4 /home/paul/RIOT/examples/LwM2M_Port/bin/native/cpu.a(irq_cpu.o)
                0x000000000001049c                _native_cur_ctx
 .bss._native_isr_ctx
                0x00000000000104a0        0x4 /home/paul/RIOT/examples/LwM2M_Port/bin/native/cpu.a(irq_cpu.o)
                0x00000000000104a0                _native_isr_ctx
 .bss._native_saved_eip
                0x00000000000104a4        0x4 /home/paul/RIOT/examples/LwM2M_Port/bin/native/cpu.a(irq_cpu.o)
                0x00000000000104a4                _native_saved_eip
 .bss._native_sigpend
                0x00000000000104a8        0x4 /home/paul/RIOT/examples/LwM2M_Port/bin/native/cpu.a(irq_cpu.o)
                0x00000000000104a8                _native_sigpend
 .bss._sig_pipefd
                0x00000000000104ac        0x8 /home/paul/RIOT/examples/LwM2M_Port/bin/native/cpu.a(irq_cpu.o)
                0x00000000000104ac                _sig_pipefd
 *fill*         0x00000000000104b4        0xc 
 .bss.native_irq_handlers
                0x00000000000104c0      0x3fc /home/paul/RIOT/examples/LwM2M_Port/bin/native/cpu.a(irq_cpu.o)
 *fill*         0x00000000000108bc        0x4 
 .bss.sigalt_stk
                0x00000000000108c0     0x2000 /home/paul/RIOT/examples/LwM2M_Port/bin/native/cpu.a(irq_cpu.o)
                0x00000000000108c0                sigalt_stk
 .bss.sigstk.5099
                0x00000000000128c0        0xc /home/paul/RIOT/examples/LwM2M_Port/bin/native/cpu.a(irq_cpu.o)
 *fill*         0x00000000000128cc       0x14 
 .bss.end_context
                0x00000000000128e0      0x15c /home/paul/RIOT/examples/LwM2M_Port/bin/native/cpu.a(native_cpu.o)
                0x00000000000128e0                end_context
 *fill*         0x0000000000012a3c        0x4 
 .bss.__end_stack
                0x0000000000012a40     0x2000 /home/paul/RIOT/examples/LwM2M_Port/bin/native/cpu.a(native_cpu.o)
                0x0000000000012a40                __end_stack
 .bss.tty_device_filenames
                0x0000000000014a40        0x4 /home/paul/RIOT/examples/LwM2M_Port/bin/native/periph.a(uart.o)
 *(COMMON)
                0x0000000000014a44                . = ALIGN ((. != 0x0)?0x4:0x1)
                0x0000000000014a44                . = ALIGN (0x4)
                0x0000000000014a44                . = SEGMENT_START ("ldata-segment", .)
                0x0000000000014a44                . = ALIGN (0x4)
                0x0000000000014a44                _end = .
                [!provide]                        PROVIDE (end = .)
                0x0000000000014a44                . = DATA_SEGMENT_END (.)

.stab
 *(.stab)

.stabstr
 *(.stabstr)

.stab.excl
 *(.stab.excl)

.stab.exclstr
 *(.stab.exclstr)

.stab.index
 *(.stab.index)

.stab.indexstr
 *(.stab.indexstr)

.comment        0x0000000000000000       0x24
 *(.comment)
 .comment       0x0000000000000000       0x24 /usr/lib/gcc/x86_64-linux-gnu/7/32/crtbeginS.o
                                         0x25 (size before relaxing)
 .comment       0x0000000000000024       0x25 /home/paul/RIOT/examples/LwM2M_Port/bin/native/cpu/startup.o
 .comment       0x0000000000000024       0x25 /home/paul/RIOT/examples/LwM2M_Port/bin/native/application_LwM2M.a(main.o)
 .comment       0x0000000000000024       0x25 /home/paul/RIOT/examples/LwM2M_Port/bin/native/M2M.a(m2mstring.o)
 .comment       0x0000000000000024       0x25 /home/paul/RIOT/examples/LwM2M_Port/bin/native/M2M.a(m2mbase.o)
 .comment       0x0000000000000024       0x25 /home/paul/RIOT/examples/LwM2M_Port/bin/native/M2M.a(m2mstringbufferbase.o)
 .comment       0x0000000000000024       0x25 /home/paul/RIOT/examples/LwM2M_Port/bin/native/M2M.a(m2msecurity.o)
 .comment       0x0000000000000024       0x25 /home/paul/RIOT/examples/LwM2M_Port/bin/native/M2M.a(m2mcallbackstorage.o)
 .comment       0x0000000000000024       0x25 /home/paul/RIOT/examples/LwM2M_Port/bin/native/M2M.a(m2mobjectinstance.o)
 .comment       0x0000000000000024       0x25 /home/paul/RIOT/examples/LwM2M_Port/bin/native/M2M.a(m2mtlvserializer.o)
 .comment       0x0000000000000024       0x25 /home/paul/RIOT/examples/LwM2M_Port/bin/native/M2M.a(m2mresourceinstance.o)
 .comment       0x0000000000000024       0x25 /home/paul/RIOT/examples/LwM2M_Port/bin/native/M2M.a(nsdlaccesshelper.o)
 .comment       0x0000000000000024       0x25 /home/paul/RIOT/examples/LwM2M_Port/bin/native/M2M.a(m2mresourcebase.o)
 .comment       0x0000000000000024       0x25 /home/paul/RIOT/examples/LwM2M_Port/bin/native/M2M.a(m2mreporthandler.o)
 .comment       0x0000000000000024       0x25 /home/paul/RIOT/examples/LwM2M_Port/bin/native/M2M.a(m2mtlvdeserializer.o)
 .comment       0x0000000000000024       0x25 /home/paul/RIOT/examples/LwM2M_Port/bin/native/M2M.a(m2mobject.o)
 .comment       0x0000000000000024       0x25 /home/paul/RIOT/examples/LwM2M_Port/bin/native/M2M.a(m2mblockmessage.o)
 .comment       0x0000000000000024       0x25 /home/paul/RIOT/examples/LwM2M_Port/bin/native/M2M.a(m2mnsdlinterface.o)
 .comment       0x0000000000000024       0x25 /home/paul/RIOT/examples/LwM2M_Port/bin/native/M2M.a(m2mdevice.o)
 .comment       0x0000000000000024       0x25 /home/paul/RIOT/examples/LwM2M_Port/bin/native/M2M.a(m2mresource.o)
 .comment       0x0000000000000024       0x25 /home/paul/RIOT/examples/LwM2M_Port/bin/native/M2M.a(m2mserver.o)
 .comment       0x0000000000000024       0x25 /home/paul/RIOT/examples/LwM2M_Port/bin/native/M2M.a(m2minterfacefactory.o)
 .comment       0x0000000000000024       0x25 /home/paul/RIOT/examples/LwM2M_Port/bin/native/M2M.a(m2mfirmware.o)
 .comment       0x0000000000000024       0x25 /home/paul/RIOT/examples/LwM2M_Port/bin/native/M2M.a(m2minterfaceimpl.o)
 .comment       0x0000000000000024       0x25 /home/paul/RIOT/examples/LwM2M_Port/bin/native/M2MEventLoop.a(event.o)
 .comment       0x0000000000000024       0x25 /home/paul/RIOT/examples/LwM2M_Port/bin/native/M2MEventLoop.a(system_timer.o)
 .comment       0x0000000000000024       0x25 /home/paul/RIOT/examples/LwM2M_Port/bin/native/M2MEventLoop.a(ns_timer.o)
 .comment       0x0000000000000024       0x25 /home/paul/RIOT/examples/LwM2M_Port/bin/native/M2MRIOT.a(m2mtimer.o)
 .comment       0x0000000000000024       0x25 /home/paul/RIOT/examples/LwM2M_Port/bin/native/M2MRIOT.a(m2mtimerpimpl.o)
 .comment       0x0000000000000024       0x25 /home/paul/RIOT/examples/LwM2M_Port/bin/native/M2MRIOT.a(m2mconnectionhandler.o)
 .comment       0x0000000000000024       0x25 /home/paul/RIOT/examples/LwM2M_Port/bin/native/M2MRIOT.a(m2mconnectionhandlerpimpl.o)
 .comment       0x0000000000000024       0x25 /home/paul/RIOT/examples/LwM2M_Port/bin/native/M2MUTIL.a(common_functions.o)
 .comment       0x0000000000000024       0x25 /home/paul/RIOT/examples/LwM2M_Port/bin/native/M2MUTIL.a(ns_list.o)
 .comment       0x0000000000000024       0x25 /home/paul/RIOT/examples/LwM2M_Port/bin/native/M2MUTIL.a(randLIB.o)
 .comment       0x0000000000000024       0x25 /home/paul/RIOT/examples/LwM2M_Port/bin/native/M2MUTIL.a(nsdynmemLIB.o)
 .comment       0x0000000000000024       0x25 /home/paul/RIOT/examples/LwM2M_Port/bin/native/MCOAP.a(sn_nsdl.o)
 .comment       0x0000000000000024       0x25 /home/paul/RIOT/examples/LwM2M_Port/bin/native/MCOAP.a(sn_grs.o)
 .comment       0x0000000000000024       0x25 /home/paul/RIOT/examples/LwM2M_Port/bin/native/board.a(board_init.o)
 .comment       0x0000000000000024       0x25 /home/paul/RIOT/examples/LwM2M_Port/bin/native/core.a(kernel_init.o)
 .comment       0x0000000000000024       0x25 /home/paul/RIOT/examples/LwM2M_Port/bin/native/core.a(assert.o)
 .comment       0x0000000000000024       0x25 /home/paul/RIOT/examples/LwM2M_Port/bin/native/core.a(thread.o)
 .comment       0x0000000000000024       0x25 /home/paul/RIOT/examples/LwM2M_Port/bin/native/core.a(panic.o)
 .comment       0x0000000000000024       0x25 /home/paul/RIOT/examples/LwM2M_Port/bin/native/core.a(sched.o)
 .comment       0x0000000000000024       0x25 /home/paul/RIOT/examples/LwM2M_Port/bin/native/cpu.a(syscalls.o)
 .comment       0x0000000000000024       0x25 /home/paul/RIOT/examples/LwM2M_Port/bin/native/cpu.a(irq_cpu.o)
 .comment       0x0000000000000024       0x25 /home/paul/RIOT/examples/LwM2M_Port/bin/native/cpu.a(native_cpu.o)
 .comment       0x0000000000000024       0x25 /home/paul/RIOT/examples/LwM2M_Port/bin/native/native-drivers.a(native-led.o)
 .comment       0x0000000000000024       0x25 /home/paul/RIOT/examples/LwM2M_Port/bin/native/periph.a(uart.o)
 .comment       0x0000000000000024       0x25 /home/paul/RIOT/examples/LwM2M_Port/bin/native/periph.a(pm.o)
 .comment       0x0000000000000024       0x25 /home/paul/RIOT/examples/LwM2M_Port/bin/native/periph_common.a(init.o)
 .comment       0x0000000000000024       0x25 /home/paul/RIOT/examples/LwM2M_Port/bin/native/COAP.a(sn_coap_parser.o)
 .comment       0x0000000000000024       0x25 /home/paul/RIOT/examples/LwM2M_Port/bin/native/COAP.a(sn_coap_builder.o)
 .comment       0x0000000000000024       0x25 /home/paul/RIOT/examples/LwM2M_Port/bin/native/COAP.a(sn_coap_header_check.o)
 .comment       0x0000000000000024       0x25 /home/paul/RIOT/examples/LwM2M_Port/bin/native/COAP.a(sn_coap_protocol.o)
 .comment       0x0000000000000024       0x25 /home/paul/RIOT/examples/LwM2M_Port/bin/native/auto_init.a(auto_init.o)
 .comment       0x0000000000000024       0x25 /home/paul/RIOT/examples/LwM2M_Port/bin/native/cpu.a(async_read.o)
 .comment       0x0000000000000024       0x25 /usr/lib/gcc/x86_64-linux-gnu/7/32/crtendS.o

.debug
 *(.debug)

.line
 *(.line)

.debug_srcinfo
 *(.debug_srcinfo)

.debug_sfnames
 *(.debug_sfnames)

.debug_aranges
 *(.debug_aranges)

.debug_pubnames
 *(.debug_pubnames)

.debug_info
 *(.debug_info .gnu.linkonce.wi.*)

.debug_abbrev
 *(.debug_abbrev)

.debug_line
 *(.debug_line .debug_line.* .debug_line_end)

.debug_frame
 *(.debug_frame)

.debug_str
 *(.debug_str)

.debug_loc
 *(.debug_loc)

.debug_macinfo
 *(.debug_macinfo)

.debug_weaknames
 *(.debug_weaknames)

.debug_funcnames
 *(.debug_funcnames)

.debug_typenames
 *(.debug_typenames)

.debug_varnames
 *(.debug_varnames)

.debug_pubtypes
 *(.debug_pubtypes)

.debug_ranges
 *(.debug_ranges)

.debug_macro
 *(.debug_macro)

.debug_addr
 *(.debug_addr)

.gnu.attributes
 *(.gnu.attributes)

/DISCARD/
 *(.note.GNU-stack)
 *(.gnu_debuglink)
 *(.gnu.lto_*)
OUTPUT(/home/paul/RIOT/examples/LwM2M_Port/bin/native/LwM2M.elf elf32-i386)
