Archive member included to satisfy reference by file (symbol)

/home/paul/RIOT/examples/LwM2M_Port/bin/native/application_LwM2M.a(main.o)
                              /usr/lib/gcc/x86_64-linux-gnu/7/../../../../lib32/Scrt1.o (main)
/home/paul/RIOT/examples/LwM2M_Port/bin/native/M2M.a(m2mstring.o)
                              /home/paul/RIOT/examples/LwM2M_Port/bin/native/application_LwM2M.a(main.o) (m2m::String::String())
/home/paul/RIOT/examples/LwM2M_Port/bin/native/M2M.a(m2mbase.o)
                              /home/paul/RIOT/examples/LwM2M_Port/bin/native/application_LwM2M.a(main.o) (M2MBase::uri_path() const)
/home/paul/RIOT/examples/LwM2M_Port/bin/native/M2M.a(m2mstringbufferbase.o)
                              /home/paul/RIOT/examples/LwM2M_Port/bin/native/M2M.a(m2mbase.o) (StringBufferBase::ensure_space(unsigned int, unsigned int) const)
/home/paul/RIOT/examples/LwM2M_Port/bin/native/M2M.a(m2msecurity.o)
                              /home/paul/RIOT/examples/LwM2M_Port/bin/native/application_LwM2M.a(main.o) (M2MSecurity::delete_instance())
/home/paul/RIOT/examples/LwM2M_Port/bin/native/M2M.a(m2mcallbackstorage.o)
                              /home/paul/RIOT/examples/LwM2M_Port/bin/native/M2M.a(m2mbase.o) (M2MCallbackStorage::add_callback(M2MBase const&, void*, M2MCallbackAssociation::M2MCallbackType, void*))
/home/paul/RIOT/examples/LwM2M_Port/bin/native/M2M.a(m2mobjectinstance.o)
                              /home/paul/RIOT/examples/LwM2M_Port/bin/native/M2M.a(m2msecurity.o) (M2MObjectInstance::resource(char const*) const)
/home/paul/RIOT/examples/LwM2M_Port/bin/native/M2M.a(m2minterfacefactory.o)
                              /home/paul/RIOT/examples/LwM2M_Port/bin/native/application_LwM2M.a(main.o) (M2MInterfaceFactory::create_interface(M2MInterfaceObserver&, m2m::String const&, m2m::String const&, int, unsigned short, m2m::String const&, M2MInterface::BindingMode, M2MInterface::NetworkStack, m2m::String const&))
/home/paul/RIOT/examples/LwM2M_Port/bin/native/M2M.a(m2mtlvserializer.o)
                              /home/paul/RIOT/examples/LwM2M_Port/bin/native/M2M.a(m2mobjectinstance.o) (M2MTLVSerializer::serialize(m2m::Vector<M2MResource*> const&, unsigned int&))
/home/paul/RIOT/examples/LwM2M_Port/bin/native/M2M.a(m2mresourceinstance.o)
                              /home/paul/RIOT/examples/LwM2M_Port/bin/native/M2M.a(m2mobjectinstance.o) (M2MResourceInstance::M2MResourceInstance(M2MResource&, m2m::String const&, M2MBase::Mode, m2m::String const&, M2MBase::DataType, char*, bool, bool))
/home/paul/RIOT/examples/LwM2M_Port/bin/native/M2M.a(m2mfirmware.o)
                              /home/paul/RIOT/examples/LwM2M_Port/bin/native/M2M.a(m2minterfacefactory.o) (M2MFirmware::get_instance())
/home/paul/RIOT/examples/LwM2M_Port/bin/native/M2M.a(m2minterfaceimpl.o)
                              /home/paul/RIOT/examples/LwM2M_Port/bin/native/M2M.a(m2minterfacefactory.o) (M2MInterfaceImpl::M2MInterfaceImpl(M2MInterfaceObserver&, m2m::String const&, m2m::String const&, int, unsigned short, m2m::String const&, M2MInterface::BindingMode, M2MInterface::NetworkStack, m2m::String const&))
/home/paul/RIOT/examples/LwM2M_Port/bin/native/M2M.a(nsdlaccesshelper.o)
                              /home/paul/RIOT/examples/LwM2M_Port/bin/native/M2M.a(m2mbase.o) (__nsdl_c_callback)
/home/paul/RIOT/examples/LwM2M_Port/bin/native/M2M.a(m2mresourcebase.o)
                              /home/paul/RIOT/examples/LwM2M_Port/bin/native/M2M.a(m2mresourceinstance.o) (M2MResourceBase::M2MResourceBase(m2m::String const&, M2MBase::Mode, m2m::String const&, M2MBase::DataType, char*, bool, bool))
/home/paul/RIOT/examples/LwM2M_Port/bin/native/M2M.a(m2mreporthandler.o)
                              /home/paul/RIOT/examples/LwM2M_Port/bin/native/M2M.a(m2mbase.o) (M2MReportHandler::M2MReportHandler(M2MReportObserver&))
/home/paul/RIOT/examples/LwM2M_Port/bin/native/M2M.a(m2mtlvdeserializer.o)
                              /home/paul/RIOT/examples/LwM2M_Port/bin/native/M2M.a(m2mobjectinstance.o) (M2MTLVDeserializer::deserialize_resources(unsigned char const*, unsigned int, M2MObjectInstance&, M2MTLVDeserializer::Operation))
/home/paul/RIOT/examples/LwM2M_Port/bin/native/M2M.a(m2mobject.o)
                              /home/paul/RIOT/examples/LwM2M_Port/bin/native/M2M.a(m2msecurity.o) (M2MObject::M2MObject(m2m::String const&, char*, bool))
/home/paul/RIOT/examples/LwM2M_Port/bin/native/M2M.a(m2mblockmessage.o)
                              /home/paul/RIOT/examples/LwM2M_Port/bin/native/M2M.a(m2mresourcebase.o) (M2MBlockMessage::M2MBlockMessage())
/home/paul/RIOT/examples/LwM2M_Port/bin/native/M2M.a(m2mnsdlinterface.o)
                              /home/paul/RIOT/examples/LwM2M_Port/bin/native/M2M.a(m2minterfaceimpl.o) (M2MNsdlInterface::M2MNsdlInterface(M2MNsdlObserver&, M2MConnectionHandler&))
/home/paul/RIOT/examples/LwM2M_Port/bin/native/M2M.a(m2mdevice.o)
                              /home/paul/RIOT/examples/LwM2M_Port/bin/native/M2M.a(m2minterfacefactory.o) (M2MDevice::get_instance())
/home/paul/RIOT/examples/LwM2M_Port/bin/native/M2M.a(m2mresource.o)
                              /home/paul/RIOT/examples/LwM2M_Port/bin/native/M2M.a(m2mobjectinstance.o) (M2MResource::M2MResource(M2MObjectInstance&, m2m::String const&, M2MBase::Mode, m2m::String const&, M2MBase::DataType, unsigned char const*, unsigned char, char*, bool, bool))
/home/paul/RIOT/examples/LwM2M_Port/bin/native/M2M.a(m2mserver.o)
                              /home/paul/RIOT/examples/LwM2M_Port/bin/native/M2M.a(m2minterfacefactory.o) (M2MServer::M2MServer())
/home/paul/RIOT/examples/LwM2M_Port/bin/native/M2MEventLoop.a(event.o)
                              /home/paul/RIOT/examples/LwM2M_Port/bin/native/M2M.a(m2mnsdlinterface.o) (eventOS_event_handler_create)
/home/paul/RIOT/examples/LwM2M_Port/bin/native/M2MEventLoop.a(system_timer.o)
                              /home/paul/RIOT/examples/LwM2M_Port/bin/native/M2MEventLoop.a(event.o) (timer_sys_init)
/home/paul/RIOT/examples/LwM2M_Port/bin/native/M2MEventLoop.a(ns_timer.o)
                              /home/paul/RIOT/examples/LwM2M_Port/bin/native/M2MEventLoop.a(system_timer.o) (eventOS_callback_timer_register)
/home/paul/RIOT/examples/LwM2M_Port/bin/native/M2MHAL.a(ns_event_loop.o)
                              /home/paul/RIOT/examples/LwM2M_Port/bin/native/M2M.a(m2mnsdlinterface.o) (eventOS_scheduler_mutex_wait)
/home/paul/RIOT/examples/LwM2M_Port/bin/native/M2MHAL.a(ns_hal_init.o)
                              /home/paul/RIOT/examples/LwM2M_Port/bin/native/M2M.a(m2mnsdlinterface.o) (ns_hal_init)
/home/paul/RIOT/examples/LwM2M_Port/bin/native/M2MHAL.a(arm_hal_interrupt.o)
                              /home/paul/RIOT/examples/LwM2M_Port/bin/native/M2MHAL.a(ns_hal_init.o) (platform_critical_init)
/home/paul/RIOT/examples/LwM2M_Port/bin/native/M2MRIOT.a(m2mtimer.o)
                              /home/paul/RIOT/examples/LwM2M_Port/bin/native/M2M.a(m2minterfaceimpl.o) (M2MTimer::M2MTimer(M2MTimerObserver&))
/home/paul/RIOT/examples/LwM2M_Port/bin/native/M2MRIOT.a(m2mtimerpimpl.o)
                              /home/paul/RIOT/examples/LwM2M_Port/bin/native/M2MRIOT.a(m2mtimer.o) (M2MTimerPimpl::M2MTimerPimpl(M2MTimerObserver&))
/home/paul/RIOT/examples/LwM2M_Port/bin/native/M2MRIOT.a(m2mconnectionhandler.o)
                              /home/paul/RIOT/examples/LwM2M_Port/bin/native/M2M.a(m2minterfaceimpl.o) (M2MConnectionHandler::M2MConnectionHandler(M2MConnectionObserver&, M2MConnectionSecurity*, M2MInterface::BindingMode, M2MInterface::NetworkStack))
/home/paul/RIOT/examples/LwM2M_Port/bin/native/M2MRIOT.a(m2mconnectionhandlerpimpl.o)
                              /home/paul/RIOT/examples/LwM2M_Port/bin/native/M2MRIOT.a(m2mconnectionhandler.o) (M2MConnectionHandlerPimpl::M2MConnectionHandlerPimpl(M2MConnectionHandler*, M2MConnectionObserver&, M2MConnectionSecurity*, M2MInterface::BindingMode, M2MInterface::NetworkStack))
/home/paul/RIOT/examples/LwM2M_Port/bin/native/M2MUTIL.a(common_functions.o)
                              /home/paul/RIOT/examples/LwM2M_Port/bin/native/M2M.a(m2mtlvserializer.o) (common_write_64_bit)
/home/paul/RIOT/examples/LwM2M_Port/bin/native/M2MUTIL.a(ns_list.o)
                              /home/paul/RIOT/examples/LwM2M_Port/bin/native/M2M.a(m2mnsdlinterface.o) (ns_list_init_)
/home/paul/RIOT/examples/LwM2M_Port/bin/native/M2MUTIL.a(nsdynmemLIB.o)
                              /home/paul/RIOT/examples/LwM2M_Port/bin/native/M2MHAL.a(ns_hal_init.o) (ns_dyn_mem_init)
/home/paul/RIOT/examples/LwM2M_Port/bin/native/M2MUTIL.a(randLIB.o)
                              /home/paul/RIOT/examples/LwM2M_Port/bin/native/M2M.a(m2minterfaceimpl.o) (randLIB_seed_random)
/home/paul/RIOT/examples/LwM2M_Port/bin/native/MCOAP.a(sn_nsdl.o)
                              /home/paul/RIOT/examples/LwM2M_Port/bin/native/M2M.a(m2mnsdlinterface.o) (sn_nsdl_destroy)
/home/paul/RIOT/examples/LwM2M_Port/bin/native/MCOAP.a(sn_grs.o)
                              /home/paul/RIOT/examples/LwM2M_Port/bin/native/MCOAP.a(sn_nsdl.o) (sn_grs_destroy)
/home/paul/RIOT/examples/LwM2M_Port/bin/native/board.a(board_init.o)
                              /home/paul/RIOT/examples/LwM2M_Port/bin/native/cpu/startup.o (board_init)
/home/paul/RIOT/examples/LwM2M_Port/bin/native/core.a(mutex.o)
                              /home/paul/RIOT/examples/LwM2M_Port/bin/native/M2MHAL.a(ns_event_loop.o) (_mutex_lock)
/home/paul/RIOT/examples/LwM2M_Port/bin/native/core.a(sched.o)
                              /home/paul/RIOT/examples/LwM2M_Port/bin/native/core.a(mutex.o) (sched_active_thread)
/home/paul/RIOT/examples/LwM2M_Port/bin/native/core.a(kernel_init.o)
                              /home/paul/RIOT/examples/LwM2M_Port/bin/native/cpu/startup.o (kernel_init)
/home/paul/RIOT/examples/LwM2M_Port/bin/native/core.a(assert.o)
                              /home/paul/RIOT/examples/LwM2M_Port/bin/native/cpu/startup.o (_assert_failure)
/home/paul/RIOT/examples/LwM2M_Port/bin/native/core.a(thread.o)
                              /home/paul/RIOT/examples/LwM2M_Port/bin/native/core.a(mutex.o) (thread_add_to_list)
/home/paul/RIOT/examples/LwM2M_Port/bin/native/core.a(panic.o)
                              /home/paul/RIOT/examples/LwM2M_Port/bin/native/core.a(assert.o) (assert_crash_message)
/home/paul/RIOT/examples/LwM2M_Port/bin/native/cpu.a(syscalls.o)
                              /home/paul/RIOT/examples/LwM2M_Port/bin/native/cpu/startup.o (real_exit)
/home/paul/RIOT/examples/LwM2M_Port/bin/native/cpu.a(irq_cpu.o)
                              /home/paul/RIOT/examples/LwM2M_Port/bin/native/cpu.a(syscalls.o) (native_interrupts_enabled)
/home/paul/RIOT/examples/LwM2M_Port/bin/native/cpu.a(native_cpu.o)
                              /home/paul/RIOT/examples/LwM2M_Port/bin/native/core.a(thread.o) (thread_stack_init)
/home/paul/RIOT/examples/LwM2M_Port/bin/native/cpu.a(tramp.o)
                              /home/paul/RIOT/examples/LwM2M_Port/bin/native/cpu.a(irq_cpu.o) (_native_sig_leave_tramp)
/home/paul/RIOT/examples/LwM2M_Port/bin/native/native-drivers.a(native-led.o)
                              /home/paul/RIOT/examples/LwM2M_Port/bin/native/board.a(board_init.o) (_native_LED_GREEN_ON)
/home/paul/RIOT/examples/LwM2M_Port/bin/native/periph.a(uart.o)
                              /home/paul/RIOT/examples/LwM2M_Port/bin/native/cpu/startup.o (tty_uart_setup)
/home/paul/RIOT/examples/LwM2M_Port/bin/native/periph.a(pm.o)
                              /home/paul/RIOT/examples/LwM2M_Port/bin/native/core.a(kernel_init.o) (pm_set_lowest)
/home/paul/RIOT/examples/LwM2M_Port/bin/native/sema.a(sema.o)
                              /home/paul/RIOT/examples/LwM2M_Port/bin/native/M2MHAL.a(ns_event_loop.o) (sema_create)
/home/paul/RIOT/examples/LwM2M_Port/bin/native/xtimer.a(xtimer_core.o)
                              /home/paul/RIOT/examples/LwM2M_Port/bin/native/cpu.a(syscalls.o) (_xtimer_now64)
/home/paul/RIOT/examples/LwM2M_Port/bin/native/xtimer.a(xtimer.o)
                              /home/paul/RIOT/examples/LwM2M_Port/bin/native/sema.a(sema.o) (xtimer_mutex_lock_timeout)
/home/paul/RIOT/examples/LwM2M_Port/bin/native/periph_common.a(init.o)
                              /home/paul/RIOT/examples/LwM2M_Port/bin/native/cpu/startup.o (periph_init)
/home/paul/RIOT/examples/LwM2M_Port/bin/native/COAP.a(sn_coap_parser.o)
                              /home/paul/RIOT/examples/LwM2M_Port/bin/native/MCOAP.a(sn_nsdl.o) (sn_coap_parser_init_message)
/home/paul/RIOT/examples/LwM2M_Port/bin/native/COAP.a(sn_coap_builder.o)
                              /home/paul/RIOT/examples/LwM2M_Port/bin/native/MCOAP.a(sn_nsdl.o) (sn_coap_build_response)
/home/paul/RIOT/examples/LwM2M_Port/bin/native/COAP.a(sn_coap_header_check.o)
                              /home/paul/RIOT/examples/LwM2M_Port/bin/native/COAP.a(sn_coap_builder.o) (sn_coap_header_validity_check)
/home/paul/RIOT/examples/LwM2M_Port/bin/native/COAP.a(sn_coap_protocol.o)
                              /home/paul/RIOT/examples/LwM2M_Port/bin/native/MCOAP.a(sn_nsdl.o) (sn_coap_protocol_destroy)
/home/paul/RIOT/examples/LwM2M_Port/bin/native/auto_init.a(auto_init.o)
                              /home/paul/RIOT/examples/LwM2M_Port/bin/native/core.a(kernel_init.o) (auto_init)
/home/paul/RIOT/examples/LwM2M_Port/bin/native/auto_init_gnrc_netif.a(auto_init_netdev_tap.o)
                              /home/paul/RIOT/examples/LwM2M_Port/bin/native/auto_init.a(auto_init.o) (auto_init_netdev_tap)
/home/paul/RIOT/examples/LwM2M_Port/bin/native/core.a(msg.o)
                              /home/paul/RIOT/examples/LwM2M_Port/bin/native/xtimer.a(xtimer.o) (msg_send_int)
/home/paul/RIOT/examples/LwM2M_Port/bin/native/cpu.a(async_read.o)
                              /home/paul/RIOT/examples/LwM2M_Port/bin/native/periph.a(uart.o) (native_async_read_setup)
/home/paul/RIOT/examples/LwM2M_Port/bin/native/div.a(div.o)
                              /home/paul/RIOT/examples/LwM2M_Port/bin/native/xtimer.a(xtimer.o) (_div_mulhi64)
/home/paul/RIOT/examples/LwM2M_Port/bin/native/gnrc_ipv6.a(gnrc_ipv6.o)
                              /home/paul/RIOT/examples/LwM2M_Port/bin/native/auto_init.a(auto_init.o) (gnrc_ipv6_init)
/home/paul/RIOT/examples/LwM2M_Port/bin/native/gnrc_ipv6_nib.a(nib.o)
                              /home/paul/RIOT/examples/LwM2M_Port/bin/native/auto_init.a(auto_init.o) (gnrc_ipv6_nib_init)
/home/paul/RIOT/examples/LwM2M_Port/bin/native/gnrc_ipv6_nib.a(_nib-arsm.o)
                              /home/paul/RIOT/examples/LwM2M_Port/bin/native/gnrc_ipv6_nib.a(nib.o) (_handle_sl2ao)
/home/paul/RIOT/examples/LwM2M_Port/bin/native/gnrc_ipv6_nib.a(_nib-internal.o)
                              /home/paul/RIOT/examples/LwM2M_Port/bin/native/gnrc_ipv6_nib.a(nib.o) (_nib_offl_clear)
/home/paul/RIOT/examples/LwM2M_Port/bin/native/gnrc_ndp.a(gnrc_ndp.o)
                              /home/paul/RIOT/examples/LwM2M_Port/bin/native/gnrc_ipv6_nib.a(nib.o) (gnrc_ndp_nbr_adv_build)
/home/paul/RIOT/examples/LwM2M_Port/bin/native/gnrc_netapi.a(gnrc_netapi.o)
                              /home/paul/RIOT/examples/LwM2M_Port/bin/native/gnrc_ipv6.a(gnrc_ipv6.o) (gnrc_netapi_dispatch)
/home/paul/RIOT/examples/LwM2M_Port/bin/native/gnrc_netif.a(gnrc_netif.o)
                              /home/paul/RIOT/examples/LwM2M_Port/bin/native/gnrc_ipv6.a(gnrc_ipv6.o) (gnrc_netif_numof)
/home/paul/RIOT/examples/LwM2M_Port/bin/native/gnrc_netif.a(gnrc_netif_ethernet.o)
                              /home/paul/RIOT/examples/LwM2M_Port/bin/native/auto_init_gnrc_netif.a(auto_init_netdev_tap.o) (gnrc_netif_ethernet_create)
/home/paul/RIOT/examples/LwM2M_Port/bin/native/gnrc_netif_hdr.a(gnrc_netif_hdr.o)
                              /home/paul/RIOT/examples/LwM2M_Port/bin/native/gnrc_ipv6.a(gnrc_ipv6.o) (gnrc_netif_hdr_build)
/home/paul/RIOT/examples/LwM2M_Port/bin/native/gnrc_netreg.a(gnrc_netreg.o)
                              /home/paul/RIOT/examples/LwM2M_Port/bin/native/gnrc_ipv6.a(gnrc_ipv6.o) (gnrc_netreg_register)
/home/paul/RIOT/examples/LwM2M_Port/bin/native/gnrc_pkt.a(gnrc_pkt.o)
                              /home/paul/RIOT/examples/LwM2M_Port/bin/native/gnrc_ipv6.a(gnrc_ipv6.o) (gnrc_pktsnip_search_type)
/home/paul/RIOT/examples/LwM2M_Port/bin/native/gnrc_pktbuf.a(gnrc_pktbuf.o)
                              /home/paul/RIOT/examples/LwM2M_Port/bin/native/gnrc_ipv6.a(gnrc_ipv6.o) (gnrc_pktbuf_remove_snip)
/home/paul/RIOT/examples/LwM2M_Port/bin/native/gnrc_pktbuf_static.a(gnrc_pktbuf_static.o)
                              /home/paul/RIOT/examples/LwM2M_Port/bin/native/auto_init.a(auto_init.o) (gnrc_pktbuf_init)
/home/paul/RIOT/examples/LwM2M_Port/bin/native/gnrc_udp.a(gnrc_udp.o)
                              /home/paul/RIOT/examples/LwM2M_Port/bin/native/gnrc_netreg.a(gnrc_netreg.o) (gnrc_udp_calc_csum)
/home/paul/RIOT/examples/LwM2M_Port/bin/native/inet_csum.a(inet_csum.o)
                              /home/paul/RIOT/examples/LwM2M_Port/bin/native/gnrc_udp.a(gnrc_udp.o) (inet_csum_slice)
/home/paul/RIOT/examples/LwM2M_Port/bin/native/ipv6_addr.a(ipv6_addr.o)
                              /home/paul/RIOT/examples/LwM2M_Port/bin/native/gnrc_ipv6.a(gnrc_ipv6.o) (ipv6_addr_unspecified)
/home/paul/RIOT/examples/LwM2M_Port/bin/native/ipv6_addr.a(ipv6_addr_to_str.o)
                              /home/paul/RIOT/examples/LwM2M_Port/bin/native/ipv6_addr.a(ipv6_addr.o) (ipv6_addr_to_str)
/home/paul/RIOT/examples/LwM2M_Port/bin/native/netdev_tap.a(netdev_tap.o)
                              /home/paul/RIOT/examples/LwM2M_Port/bin/native/auto_init_gnrc_netif.a(auto_init_netdev_tap.o) (netdev_tap_setup)
/home/paul/RIOT/examples/LwM2M_Port/bin/native/periph.a(timer.o)
                              /home/paul/RIOT/examples/LwM2M_Port/bin/native/xtimer.a(xtimer_core.o) (timer_init)
/home/paul/RIOT/examples/LwM2M_Port/bin/native/random.a(random.o)
                              /home/paul/RIOT/examples/LwM2M_Port/bin/native/auto_init.a(auto_init.o) (auto_init_random)
/home/paul/RIOT/examples/LwM2M_Port/bin/native/random.a(tinymt32.o)
                              /home/paul/RIOT/examples/LwM2M_Port/bin/native/random.a(random.o) (random_init)
/home/paul/RIOT/examples/LwM2M_Port/bin/native/tinymt32.a(tinymt32.o)
                              /home/paul/RIOT/examples/LwM2M_Port/bin/native/random.a(tinymt32.o) (tinymt32_init)
/home/paul/RIOT/examples/LwM2M_Port/bin/native/core.a(rmutex.o)
                              /home/paul/RIOT/examples/LwM2M_Port/bin/native/gnrc_netif.a(gnrc_netif.o) (rmutex_lock)
/home/paul/RIOT/examples/LwM2M_Port/bin/native/core.a(mbox.o)
                              /home/paul/RIOT/examples/LwM2M_Port/bin/native/gnrc_netapi.a(gnrc_netapi.o) (_mbox_put)
/home/paul/RIOT/examples/LwM2M_Port/bin/native/evtimer.a(evtimer.o)
                              /home/paul/RIOT/examples/LwM2M_Port/bin/native/gnrc_ipv6_nib.a(nib.o) (evtimer_add)
/home/paul/RIOT/examples/LwM2M_Port/bin/native/gnrc_icmpv6.a(gnrc_icmpv6.o)
                              /home/paul/RIOT/examples/LwM2M_Port/bin/native/gnrc_ipv6.a(gnrc_ipv6.o) (gnrc_icmpv6_demux)
/home/paul/RIOT/examples/LwM2M_Port/bin/native/gnrc_ipv6_hdr.a(gnrc_ipv6_hdr.o)
                              /home/paul/RIOT/examples/LwM2M_Port/bin/native/gnrc_ndp.a(gnrc_ndp.o) (gnrc_ipv6_hdr_build)
/home/paul/RIOT/examples/LwM2M_Port/bin/native/gnrc_ipv6_nib.a(nib_pl.o)
                              /home/paul/RIOT/examples/LwM2M_Port/bin/native/gnrc_netif.a(gnrc_netif.o) (gnrc_ipv6_nib_pl_set)
/home/paul/RIOT/examples/LwM2M_Port/bin/native/iolist.a(iolist.o)
                              /home/paul/RIOT/examples/LwM2M_Port/bin/native/netdev_tap.a(netdev_tap.o) (iolist_count)
/home/paul/RIOT/examples/LwM2M_Port/bin/native/luid.a(luid.o)
                              /home/paul/RIOT/examples/LwM2M_Port/bin/native/random.a(random.o) (luid_get)
/home/paul/RIOT/examples/LwM2M_Port/bin/native/netdev_eth.a(netdev_eth.o)
                              /home/paul/RIOT/examples/LwM2M_Port/bin/native/netdev_tap.a(netdev_tap.o) (netdev_eth_get)
/home/paul/RIOT/examples/LwM2M_Port/bin/native/periph.a(cpuid.o)
                              /home/paul/RIOT/examples/LwM2M_Port/bin/native/luid.a(luid.o) (cpuid_get)
/usr/lib32/libc_nonshared.a(elf-init.oS)
                              /usr/lib/gcc/x86_64-linux-gnu/7/../../../../lib32/Scrt1.o (__libc_csu_init)
/usr/lib32/libc_nonshared.a(stack_chk_fail_local.oS)
                              /home/paul/RIOT/examples/LwM2M_Port/bin/native/cpu/startup.o (__stack_chk_fail_local)

As-needed library included to satisfy reference by file (symbol)

libdl.so.2                    /home/paul/RIOT/examples/LwM2M_Port/bin/native/cpu.a(syscalls.o) (dlsym@@GLIBC_2.0)
libstdc++.so.6                /home/paul/RIOT/examples/LwM2M_Port/bin/native/application_LwM2M.a(main.o) (std::__cxx11::basic_string<char, std::char_traits<char>, std::allocator<char> >::~basic_string()@@GLIBCXX_3.4.21)
libgcc_s.so.1                 /home/paul/RIOT/examples/LwM2M_Port/bin/native/M2M.a(m2mstring.o) (__moddi3@@GLIBC_2.0)
libc.so.6                     /home/paul/RIOT/examples/LwM2M_Port/bin/native/ipv6_addr.a(ipv6_addr_to_str.o) (strcpy@@GLIBC_2.0)
/home/paul/RIOT/examples/LwM2M_Port/bin/native/cpu.a(tramp.o): dynamic relocation against `_native_isr_ctx' in read-only section `.text'

Discarded input sections

 .rodata        0x0000000000000000        0x4 /usr/lib/gcc/x86_64-linux-gnu/7/../../../../lib32/Scrt1.o
 .data          0x0000000000000000        0x4 /usr/lib/gcc/x86_64-linux-gnu/7/../../../../lib32/Scrt1.o
 .bss           0x0000000000000000        0x0 /usr/lib/gcc/x86_64-linux-gnu/7/../../../../lib32/Scrt1.o
 .note.GNU-stack
                0x0000000000000000        0x0 /usr/lib/gcc/x86_64-linux-gnu/7/../../../../lib32/Scrt1.o
 .text          0x0000000000000000        0x0 /usr/lib/gcc/x86_64-linux-gnu/7/../../../../lib32/crti.o
 .data          0x0000000000000000        0x0 /usr/lib/gcc/x86_64-linux-gnu/7/../../../../lib32/crti.o
 .bss           0x0000000000000000        0x0 /usr/lib/gcc/x86_64-linux-gnu/7/../../../../lib32/crti.o
 .note.GNU-stack
                0x0000000000000000        0x0 /usr/lib/gcc/x86_64-linux-gnu/7/../../../../lib32/crti.o
 .group         0x0000000000000000        0x8 /usr/lib/gcc/x86_64-linux-gnu/7/32/crtbeginS.o
 .group         0x0000000000000000        0x8 /usr/lib/gcc/x86_64-linux-gnu/7/32/crtbeginS.o
 .data          0x0000000000000000        0x0 /usr/lib/gcc/x86_64-linux-gnu/7/32/crtbeginS.o
 .text.__x86.get_pc_thunk.bx
                0x0000000000000000        0x4 /usr/lib/gcc/x86_64-linux-gnu/7/32/crtbeginS.o
 .note.GNU-stack
                0x0000000000000000        0x0 /usr/lib/gcc/x86_64-linux-gnu/7/32/crtbeginS.o
 .group         0x0000000000000000        0x8 /home/paul/RIOT/examples/LwM2M_Port/bin/native/cpu/startup.o
 .text          0x0000000000000000        0x0 /home/paul/RIOT/examples/LwM2M_Port/bin/native/cpu/startup.o
 .data          0x0000000000000000        0x0 /home/paul/RIOT/examples/LwM2M_Port/bin/native/cpu/startup.o
 .bss           0x0000000000000000        0x0 /home/paul/RIOT/examples/LwM2M_Port/bin/native/cpu/startup.o
 .bss._native_unix_socket_path
                0x0000000000000000        0x4 /home/paul/RIOT/examples/LwM2M_Port/bin/native/cpu/startup.o
 .text.__x86.get_pc_thunk.bx
                0x0000000000000000        0x4 /home/paul/RIOT/examples/LwM2M_Port/bin/native/cpu/startup.o
 .note.GNU-stack
                0x0000000000000000        0x0 /home/paul/RIOT/examples/LwM2M_Port/bin/native/cpu/startup.o
 .group         0x0000000000000000        0xc /home/paul/RIOT/examples/LwM2M_Port/bin/native/application_LwM2M.a(main.o)
 .group         0x0000000000000000        0xc /home/paul/RIOT/examples/LwM2M_Port/bin/native/application_LwM2M.a(main.o)
 .group         0x0000000000000000        0xc /home/paul/RIOT/examples/LwM2M_Port/bin/native/application_LwM2M.a(main.o)
 .group         0x0000000000000000        0xc /home/paul/RIOT/examples/LwM2M_Port/bin/native/application_LwM2M.a(main.o)
 .group         0x0000000000000000        0xc /home/paul/RIOT/examples/LwM2M_Port/bin/native/application_LwM2M.a(main.o)
 .group         0x0000000000000000        0xc /home/paul/RIOT/examples/LwM2M_Port/bin/native/application_LwM2M.a(main.o)
 .group         0x0000000000000000        0xc /home/paul/RIOT/examples/LwM2M_Port/bin/native/application_LwM2M.a(main.o)
 .group         0x0000000000000000        0xc /home/paul/RIOT/examples/LwM2M_Port/bin/native/application_LwM2M.a(main.o)
 .group         0x0000000000000000        0xc /home/paul/RIOT/examples/LwM2M_Port/bin/native/application_LwM2M.a(main.o)
 .group         0x0000000000000000       0x14 /home/paul/RIOT/examples/LwM2M_Port/bin/native/application_LwM2M.a(main.o)
 .group         0x0000000000000000        0xc /home/paul/RIOT/examples/LwM2M_Port/bin/native/application_LwM2M.a(main.o)
 .group         0x0000000000000000        0xc /home/paul/RIOT/examples/LwM2M_Port/bin/native/application_LwM2M.a(main.o)
 .group         0x0000000000000000        0xc /home/paul/RIOT/examples/LwM2M_Port/bin/native/application_LwM2M.a(main.o)
 .group         0x0000000000000000        0x8 /home/paul/RIOT/examples/LwM2M_Port/bin/native/application_LwM2M.a(main.o)
 .group         0x0000000000000000        0x8 /home/paul/RIOT/examples/LwM2M_Port/bin/native/application_LwM2M.a(main.o)
 .text          0x0000000000000000        0x0 /home/paul/RIOT/examples/LwM2M_Port/bin/native/application_LwM2M.a(main.o)
 .data          0x0000000000000000        0x0 /home/paul/RIOT/examples/LwM2M_Port/bin/native/application_LwM2M.a(main.o)
 .bss           0x0000000000000000        0x0 /home/paul/RIOT/examples/LwM2M_Port/bin/native/application_LwM2M.a(main.o)
 .rodata._ZStL19piecewise_construct
                0x0000000000000000        0x1 /home/paul/RIOT/examples/LwM2M_Port/bin/native/application_LwM2M.a(main.o)
 .text.__x86.get_pc_thunk.bx
                0x0000000000000000        0x4 /home/paul/RIOT/examples/LwM2M_Port/bin/native/application_LwM2M.a(main.o)
 .note.GNU-stack
                0x0000000000000000        0x0 /home/paul/RIOT/examples/LwM2M_Port/bin/native/application_LwM2M.a(main.o)
 .group         0x0000000000000000        0xc /home/paul/RIOT/examples/LwM2M_Port/bin/native/M2M.a(m2mstring.o)
 .group         0x0000000000000000        0xc /home/paul/RIOT/examples/LwM2M_Port/bin/native/M2M.a(m2mstring.o)
 .group         0x0000000000000000        0xc /home/paul/RIOT/examples/LwM2M_Port/bin/native/M2M.a(m2mstring.o)
 .group         0x0000000000000000        0xc /home/paul/RIOT/examples/LwM2M_Port/bin/native/M2M.a(m2mstring.o)
 .group         0x0000000000000000        0xc /home/paul/RIOT/examples/LwM2M_Port/bin/native/M2M.a(m2mstring.o)
 .group         0x0000000000000000        0xc /home/paul/RIOT/examples/LwM2M_Port/bin/native/M2M.a(m2mstring.o)
 .group         0x0000000000000000        0xc /home/paul/RIOT/examples/LwM2M_Port/bin/native/M2M.a(m2mstring.o)
 .group         0x0000000000000000        0x8 /home/paul/RIOT/examples/LwM2M_Port/bin/native/M2M.a(m2mstring.o)
 .group         0x0000000000000000        0x8 /home/paul/RIOT/examples/LwM2M_Port/bin/native/M2M.a(m2mstring.o)
 .text          0x0000000000000000        0x0 /home/paul/RIOT/examples/LwM2M_Port/bin/native/M2M.a(m2mstring.o)
 .data          0x0000000000000000        0x0 /home/paul/RIOT/examples/LwM2M_Port/bin/native/M2M.a(m2mstring.o)
 .bss           0x0000000000000000        0x0 /home/paul/RIOT/examples/LwM2M_Port/bin/native/M2M.a(m2mstring.o)
 .rodata._ZStL19piecewise_construct
                0x0000000000000000        0x1 /home/paul/RIOT/examples/LwM2M_Port/bin/native/M2M.a(m2mstring.o)
 .rodata._ZN3m2m6String4nposE
                0x0000000000000000        0x4 /home/paul/RIOT/examples/LwM2M_Port/bin/native/M2M.a(m2mstring.o)
 .text._ZN3m2m6StringC2ERKS0_
                0x0000000000000000       0xa1 /home/paul/RIOT/examples/LwM2M_Port/bin/native/M2M.a(m2mstring.o)
 .text._ZN3m2m6StringpLERKS0_
                0x0000000000000000       0xa9 /home/paul/RIOT/examples/LwM2M_Port/bin/native/M2M.a(m2mstring.o)
 .text._ZN3m2m6StringpLEPKc
                0x0000000000000000      0x128 /home/paul/RIOT/examples/LwM2M_Port/bin/native/M2M.a(m2mstring.o)
 .text._ZN3m2m6StringpLEc
                0x0000000000000000       0x52 /home/paul/RIOT/examples/LwM2M_Port/bin/native/M2M.a(m2mstring.o)
 .text._ZN3m2m6String9push_backEc
                0x0000000000000000       0xba /home/paul/RIOT/examples/LwM2M_Port/bin/native/M2M.a(m2mstring.o)
 .text._ZNK3m2m6StringeqEPKc
                0x0000000000000000       0x81 /home/paul/RIOT/examples/LwM2M_Port/bin/native/M2M.a(m2mstring.o)
 .text._ZNK3m2m6StringeqERKS0_
                0x0000000000000000       0x67 /home/paul/RIOT/examples/LwM2M_Port/bin/native/M2M.a(m2mstring.o)
 .text._ZNK3m2m6String2atEj
                0x0000000000000000       0x6b /home/paul/RIOT/examples/LwM2M_Port/bin/native/M2M.a(m2mstring.o)
 .text._ZN3m2m6String5eraseEjj
                0x0000000000000000       0xb6 /home/paul/RIOT/examples/LwM2M_Port/bin/native/M2M.a(m2mstring.o)
 .text._ZN3m2m6String6appendEPKcj
                0x0000000000000000       0xc7 /home/paul/RIOT/examples/LwM2M_Port/bin/native/M2M.a(m2mstring.o)
 .text._ZNK3m2m6String7compareEjjRKS0_
                0x0000000000000000       0xf5 /home/paul/RIOT/examples/LwM2M_Port/bin/native/M2M.a(m2mstring.o)
 .text._ZN3m2m6String6resizeEj
                0x0000000000000000       0x4e /home/paul/RIOT/examples/LwM2M_Port/bin/native/M2M.a(m2mstring.o)
 .text._ZN3m2m6String6resizeEjc
                0x0000000000000000       0xbf /home/paul/RIOT/examples/LwM2M_Port/bin/native/M2M.a(m2mstring.o)
 .text._ZN3m2m6String4swapERS0_
                0x0000000000000000       0x80 /home/paul/RIOT/examples/LwM2M_Port/bin/native/M2M.a(m2mstring.o)
 .text._ZN3m2mltERKNS_6StringES2_
                0x0000000000000000       0x70 /home/paul/RIOT/examples/LwM2M_Port/bin/native/M2M.a(m2mstring.o)
 .text._ZN3m2m6String24convert_integer_to_arrayExRhPKhj
                0x0000000000000000      0x1dd /home/paul/RIOT/examples/LwM2M_Port/bin/native/M2M.a(m2mstring.o)
 .text._ZSt4moveIRjEONSt16remove_referenceIT_E4typeEOS2_
                0x0000000000000000       0x37 /home/paul/RIOT/examples/LwM2M_Port/bin/native/M2M.a(m2mstring.o)
 .text._ZSt4swapIjENSt9enable_ifIXsrSt6__and_IJSt6__not_ISt15__is_tuple_likeIT_EESt21is_move_constructibleIS4_ESt18is_move_assignableIS4_EEE5valueEvE4typeERS4_SE_
                0x0000000000000000       0x79 /home/paul/RIOT/examples/LwM2M_Port/bin/native/M2M.a(m2mstring.o)
 .text._ZSt4moveIRPcEONSt16remove_referenceIT_E4typeEOS3_
                0x0000000000000000       0x37 /home/paul/RIOT/examples/LwM2M_Port/bin/native/M2M.a(m2mstring.o)
 .text._ZSt4swapIPcENSt9enable_ifIXsrSt6__and_IJSt6__not_ISt15__is_tuple_likeIT_EESt21is_move_constructibleIS5_ESt18is_move_assignableIS5_EEE5valueEvE4typeERS5_SF_
                0x0000000000000000       0x79 /home/paul/RIOT/examples/LwM2M_Port/bin/native/M2M.a(m2mstring.o)
 .text.__x86.get_pc_thunk.ax
                0x0000000000000000        0x4 /home/paul/RIOT/examples/LwM2M_Port/bin/native/M2M.a(m2mstring.o)
 .text.__x86.get_pc_thunk.bx
                0x0000000000000000        0x4 /home/paul/RIOT/examples/LwM2M_Port/bin/native/M2M.a(m2mstring.o)
 .note.GNU-stack
                0x0000000000000000        0x0 /home/paul/RIOT/examples/LwM2M_Port/bin/native/M2M.a(m2mstring.o)
 .group         0x0000000000000000        0xc /home/paul/RIOT/examples/LwM2M_Port/bin/native/M2M.a(m2mbase.o)
 .group         0x0000000000000000        0xc /home/paul/RIOT/examples/LwM2M_Port/bin/native/M2M.a(m2mbase.o)
 .group         0x0000000000000000        0xc /home/paul/RIOT/examples/LwM2M_Port/bin/native/M2M.a(m2mbase.o)
 .group         0x0000000000000000        0xc /home/paul/RIOT/examples/LwM2M_Port/bin/native/M2M.a(m2mbase.o)
 .group         0x0000000000000000        0xc /home/paul/RIOT/examples/LwM2M_Port/bin/native/M2M.a(m2mbase.o)
 .group         0x0000000000000000        0xc /home/paul/RIOT/examples/LwM2M_Port/bin/native/M2M.a(m2mbase.o)
 .group         0x0000000000000000        0xc /home/paul/RIOT/examples/LwM2M_Port/bin/native/M2M.a(m2mbase.o)
 .group         0x0000000000000000        0xc /home/paul/RIOT/examples/LwM2M_Port/bin/native/M2M.a(m2mbase.o)
 .group         0x0000000000000000        0xc /home/paul/RIOT/examples/LwM2M_Port/bin/native/M2M.a(m2mbase.o)
 .group         0x0000000000000000        0xc /home/paul/RIOT/examples/LwM2M_Port/bin/native/M2M.a(m2mbase.o)
 .group         0x0000000000000000        0xc /home/paul/RIOT/examples/LwM2M_Port/bin/native/M2M.a(m2mbase.o)
 .group         0x0000000000000000        0xc /home/paul/RIOT/examples/LwM2M_Port/bin/native/M2M.a(m2mbase.o)
 .group         0x0000000000000000        0xc /home/paul/RIOT/examples/LwM2M_Port/bin/native/M2M.a(m2mbase.o)
 .group         0x0000000000000000        0xc /home/paul/RIOT/examples/LwM2M_Port/bin/native/M2M.a(m2mbase.o)
 .group         0x0000000000000000        0xc /home/paul/RIOT/examples/LwM2M_Port/bin/native/M2M.a(m2mbase.o)
 .group         0x0000000000000000        0xc /home/paul/RIOT/examples/LwM2M_Port/bin/native/M2M.a(m2mbase.o)
 .group         0x0000000000000000        0xc /home/paul/RIOT/examples/LwM2M_Port/bin/native/M2M.a(m2mbase.o)
 .group         0x0000000000000000        0xc /home/paul/RIOT/examples/LwM2M_Port/bin/native/M2M.a(m2mbase.o)
 .group         0x0000000000000000        0xc /home/paul/RIOT/examples/LwM2M_Port/bin/native/M2M.a(m2mbase.o)
 .group         0x0000000000000000        0xc /home/paul/RIOT/examples/LwM2M_Port/bin/native/M2M.a(m2mbase.o)
 .group         0x0000000000000000        0xc /home/paul/RIOT/examples/LwM2M_Port/bin/native/M2M.a(m2mbase.o)
 .group         0x0000000000000000        0xc /home/paul/RIOT/examples/LwM2M_Port/bin/native/M2M.a(m2mbase.o)
 .group         0x0000000000000000        0xc /home/paul/RIOT/examples/LwM2M_Port/bin/native/M2M.a(m2mbase.o)
 .group         0x0000000000000000        0xc /home/paul/RIOT/examples/LwM2M_Port/bin/native/M2M.a(m2mbase.o)
 .group         0x0000000000000000        0xc /home/paul/RIOT/examples/LwM2M_Port/bin/native/M2M.a(m2mbase.o)
 .group         0x0000000000000000        0xc /home/paul/RIOT/examples/LwM2M_Port/bin/native/M2M.a(m2mbase.o)
 .group         0x0000000000000000        0xc /home/paul/RIOT/examples/LwM2M_Port/bin/native/M2M.a(m2mbase.o)
 .group         0x0000000000000000        0xc /home/paul/RIOT/examples/LwM2M_Port/bin/native/M2M.a(m2mbase.o)
 .group         0x0000000000000000        0xc /home/paul/RIOT/examples/LwM2M_Port/bin/native/M2M.a(m2mbase.o)
 .group         0x0000000000000000        0xc /home/paul/RIOT/examples/LwM2M_Port/bin/native/M2M.a(m2mbase.o)
 .group         0x0000000000000000        0xc /home/paul/RIOT/examples/LwM2M_Port/bin/native/M2M.a(m2mbase.o)
 .group         0x0000000000000000        0xc /home/paul/RIOT/examples/LwM2M_Port/bin/native/M2M.a(m2mbase.o)
 .group         0x0000000000000000        0x8 /home/paul/RIOT/examples/LwM2M_Port/bin/native/M2M.a(m2mbase.o)
 .group         0x0000000000000000        0x8 /home/paul/RIOT/examples/LwM2M_Port/bin/native/M2M.a(m2mbase.o)
 .group         0x0000000000000000        0x8 /home/paul/RIOT/examples/LwM2M_Port/bin/native/M2M.a(m2mbase.o)
 .group         0x0000000000000000        0x8 /home/paul/RIOT/examples/LwM2M_Port/bin/native/M2M.a(m2mbase.o)
 .text          0x0000000000000000        0x0 /home/paul/RIOT/examples/LwM2M_Port/bin/native/M2M.a(m2mbase.o)
 .data          0x0000000000000000        0x0 /home/paul/RIOT/examples/LwM2M_Port/bin/native/M2M.a(m2mbase.o)
 .bss           0x0000000000000000        0x0 /home/paul/RIOT/examples/LwM2M_Port/bin/native/M2M.a(m2mbase.o)
 .text._ZNK3m2m6String5c_strEv
                0x0000000000000000       0x39 /home/paul/RIOT/examples/LwM2M_Port/bin/native/M2M.a(m2mbase.o)
 .rodata._ZL16MAX_VALUE_LENGTH
                0x0000000000000000        0x4 /home/paul/RIOT/examples/LwM2M_Port/bin/native/M2M.a(m2mbase.o)
 .rodata._ZL13BUFFER_LENGTH
                0x0000000000000000        0x4 /home/paul/RIOT/examples/LwM2M_Port/bin/native/M2M.a(m2mbase.o)
 .rodata._ZL25MINIMUM_REGISTRATION_TIME
                0x0000000000000000        0x1 /home/paul/RIOT/examples/LwM2M_Port/bin/native/M2M.a(m2mbase.o)
 .rodata._ZL16ONE_SECOND_TIMER
                0x0000000000000000        0x1 /home/paul/RIOT/examples/LwM2M_Port/bin/native/M2M.a(m2mbase.o)
 .rodata._ZL25MAX_ALLOWED_STRING_LENGTH
                0x0000000000000000        0x1 /home/paul/RIOT/examples/LwM2M_Port/bin/native/M2M.a(m2mbase.o)
 .rodata._ZL31MAX_ALLOWED_ERROR_STRING_LENGTH
                0x0000000000000000        0x1 /home/paul/RIOT/examples/LwM2M_Port/bin/native/M2M.a(m2mbase.o)
 .rodata._ZL16OPTIMUM_LIFETIME
                0x0000000000000000        0x2 /home/paul/RIOT/examples/LwM2M_Port/bin/native/M2M.a(m2mbase.o)
 .rodata._ZL15REDUCE_LIFETIME
                0x0000000000000000        0x2 /home/paul/RIOT/examples/LwM2M_Port/bin/native/M2M.a(m2mbase.o)
 .rodata._ZL16REDUCTION_FACTOR
                0x0000000000000000        0x4 /home/paul/RIOT/examples/LwM2M_Port/bin/native/M2M.a(m2mbase.o)
 .rodata._ZL13TYPE_RESOURCE
                0x0000000000000000        0x1 /home/paul/RIOT/examples/LwM2M_Port/bin/native/M2M.a(m2mbase.o)
 .rodata._ZL22TYPE_MULTIPLE_RESOURCE
                0x0000000000000000        0x1 /home/paul/RIOT/examples/LwM2M_Port/bin/native/M2M.a(m2mbase.o)
 .rodata._ZL22TYPE_RESOURCE_INSTANCE
                0x0000000000000000        0x1 /home/paul/RIOT/examples/LwM2M_Port/bin/native/M2M.a(m2mbase.o)
 .rodata._ZL20TYPE_OBJECT_INSTANCE
                0x0000000000000000        0x1 /home/paul/RIOT/examples/LwM2M_Port/bin/native/M2M.a(m2mbase.o)
 .rodata._ZL3ID8
                0x0000000000000000        0x1 /home/paul/RIOT/examples/LwM2M_Port/bin/native/M2M.a(m2mbase.o)
 .rodata._ZL4ID16
                0x0000000000000000        0x1 /home/paul/RIOT/examples/LwM2M_Port/bin/native/M2M.a(m2mbase.o)
 .rodata._ZL7LENGTH8
                0x0000000000000000        0x1 /home/paul/RIOT/examples/LwM2M_Port/bin/native/M2M.a(m2mbase.o)
 .rodata._ZL8LENGTH16
                0x0000000000000000        0x1 /home/paul/RIOT/examples/LwM2M_Port/bin/native/M2M.a(m2mbase.o)
 .rodata._ZL8LENGTH24
                0x0000000000000000        0x1 /home/paul/RIOT/examples/LwM2M_Port/bin/native/M2M.a(m2mbase.o)
 .rodata._ZL32COAP_CONTENT_OMA_PLAIN_TEXT_TYPE
                0x0000000000000000        0x1 /home/paul/RIOT/examples/LwM2M_Port/bin/native/M2M.a(m2mbase.o)
 .rodata._ZL29COAP_CONTENT_OMA_TLV_TYPE_OLD
                0x0000000000000000        0x1 /home/paul/RIOT/examples/LwM2M_Port/bin/native/M2M.a(m2mbase.o)
 .rodata._ZL25COAP_CONTENT_OMA_TLV_TYPE
                0x0000000000000000        0x2 /home/paul/RIOT/examples/LwM2M_Port/bin/native/M2M.a(m2mbase.o)
 .rodata._ZL26COAP_CONTENT_OMA_JSON_TYPE
                0x0000000000000000        0x2 /home/paul/RIOT/examples/LwM2M_Port/bin/native/M2M.a(m2mbase.o)
 .rodata._ZL28COAP_CONTENT_OMA_OPAQUE_TYPE
                0x0000000000000000        0x1 /home/paul/RIOT/examples/LwM2M_Port/bin/native/M2M.a(m2mbase.o)
 .rodata._ZL18MAX_UNINT_16_COUNT
                0x0000000000000000        0x2 /home/paul/RIOT/examples/LwM2M_Port/bin/native/M2M.a(m2mbase.o)
 .text._ZN7M2MBaseC2EPKNS_16lwm2m_parametersE
                0x0000000000000000       0x7e /home/paul/RIOT/examples/LwM2M_Port/bin/native/M2M.a(m2mbase.o)
 .text._ZN7M2MBaseD0Ev
                0x0000000000000000       0x57 /home/paul/RIOT/examples/LwM2M_Port/bin/native/M2M.a(m2mbase.o)
 .text._ZN7M2MBase11create_pathERK9M2MObjectPKc
                0x0000000000000000       0x4c /home/paul/RIOT/examples/LwM2M_Port/bin/native/M2M.a(m2mbase.o)
 .text._ZN7M2MBase11create_pathERK11M2MResourcePKc
                0x0000000000000000       0x4c /home/paul/RIOT/examples/LwM2M_Port/bin/native/M2M.a(m2mbase.o)
 .text._ZN7M2MBase25set_interface_descriptionEPKc
                0x0000000000000000       0xd6 /home/paul/RIOT/examples/LwM2M_Port/bin/native/M2M.a(m2mbase.o)
 .text._ZN7M2MBase25set_interface_descriptionERKN3m2m6StringE
                0x0000000000000000       0x90 /home/paul/RIOT/examples/LwM2M_Port/bin/native/M2M.a(m2mbase.o)
 .text._ZN7M2MBase19set_auto_observableEb
                0x0000000000000000       0x5c /home/paul/RIOT/examples/LwM2M_Port/bin/native/M2M.a(m2mbase.o)
 .text._ZN7M2MBase11set_max_ageEj
                0x0000000000000000       0x46 /home/paul/RIOT/examples/LwM2M_Port/bin/native/M2M.a(m2mbase.o)
 .text._ZNK7M2MBase21interface_descriptionEv
                0x0000000000000000       0x43 /home/paul/RIOT/examples/LwM2M_Port/bin/native/M2M.a(m2mbase.o)
 .text._ZN7M2MBase11memory_freeEPv
                0x0000000000000000       0x4a /home/paul/RIOT/examples/LwM2M_Port/bin/native/M2M.a(m2mbase.o)
 .text._ZN7M2MBase22validate_string_lengthEPKcjj
                0x0000000000000000       0x7a /home/paul/RIOT/examples/LwM2M_Port/bin/native/M2M.a(m2mbase.o)
 .text._ZN7M2MBase12register_uriEv
                0x0000000000000000       0x47 /home/paul/RIOT/examples/LwM2M_Port/bin/native/M2M.a(m2mbase.o)
 .text._ZN7M2MBase10is_integerERKN3m2m6StringE
                0x0000000000000000       0xc5 /home/paul/RIOT/examples/LwM2M_Port/bin/native/M2M.a(m2mbase.o)
 .text._ZN7M2MBase26set_value_updated_functionE3FP1IvPKcE
                0x0000000000000000       0xad /home/paul/RIOT/examples/LwM2M_Port/bin/native/M2M.a(m2mbase.o)
 .text._ZN7M2MBase26set_value_updated_functionEPFvPKcE
                0x0000000000000000       0x61 /home/paul/RIOT/examples/LwM2M_Port/bin/native/M2M.a(m2mbase.o)
 .text._ZN7M2MBase10build_pathER12StringBufferILi142EEPKctS4_t
                0x0000000000000000      0x117 /home/paul/RIOT/examples/LwM2M_Port/bin/native/M2M.a(m2mbase.o)
 .text._ZN7M2MBase10build_pathER12StringBufferILi136EEPKctS4_
                0x0000000000000000       0xeb /home/paul/RIOT/examples/LwM2M_Port/bin/native/M2M.a(m2mbase.o)
 .text._ZN7M2MBase10build_pathER12StringBufferILi71EEPKct
                0x0000000000000000       0xb1 /home/paul/RIOT/examples/LwM2M_Port/bin/native/M2M.a(m2mbase.o)
 .text._ZN7M2MBase35set_notification_delivery_status_cbEPFvRKS_26NotificationDeliveryStatusPvES3_
                0x0000000000000000       0x68 /home/paul/RIOT/examples/LwM2M_Port/bin/native/M2M.a(m2mbase.o)
 .text._ZNK12StringBufferILi142EE12ensure_spaceEj
                0x0000000000000000       0x58 /home/paul/RIOT/examples/LwM2M_Port/bin/native/M2M.a(m2mbase.o)
 .text._ZN12StringBufferILi142EE6appendEPKc
                0x0000000000000000       0x5c /home/paul/RIOT/examples/LwM2M_Port/bin/native/M2M.a(m2mbase.o)
 .text._ZN12StringBufferILi142EE6appendEc
                0x0000000000000000       0x60 /home/paul/RIOT/examples/LwM2M_Port/bin/native/M2M.a(m2mbase.o)
 .text._ZN12StringBufferILi142EE10append_intEt
                0x0000000000000000       0x61 /home/paul/RIOT/examples/LwM2M_Port/bin/native/M2M.a(m2mbase.o)
 .text._ZNK12StringBufferILi136EE12ensure_spaceEj
                0x0000000000000000       0x58 /home/paul/RIOT/examples/LwM2M_Port/bin/native/M2M.a(m2mbase.o)
 .text._ZN12StringBufferILi136EE6appendEPKc
                0x0000000000000000       0x5c /home/paul/RIOT/examples/LwM2M_Port/bin/native/M2M.a(m2mbase.o)
 .text._ZN12StringBufferILi136EE6appendEc
                0x0000000000000000       0x60 /home/paul/RIOT/examples/LwM2M_Port/bin/native/M2M.a(m2mbase.o)
 .text._ZN12StringBufferILi136EE10append_intEt
                0x0000000000000000       0x61 /home/paul/RIOT/examples/LwM2M_Port/bin/native/M2M.a(m2mbase.o)
 .text._ZNK12StringBufferILi71EE12ensure_spaceEj
                0x0000000000000000       0x55 /home/paul/RIOT/examples/LwM2M_Port/bin/native/M2M.a(m2mbase.o)
 .text._ZN12StringBufferILi71EE6appendEPKc
                0x0000000000000000       0x59 /home/paul/RIOT/examples/LwM2M_Port/bin/native/M2M.a(m2mbase.o)
 .text._ZN12StringBufferILi71EE6appendEc
                0x0000000000000000       0x5d /home/paul/RIOT/examples/LwM2M_Port/bin/native/M2M.a(m2mbase.o)
 .text._ZN12StringBufferILi71EE10append_intEt
                0x0000000000000000       0x5e /home/paul/RIOT/examples/LwM2M_Port/bin/native/M2M.a(m2mbase.o)
 .text.__x86.get_pc_thunk.ax
                0x0000000000000000        0x4 /home/paul/RIOT/examples/LwM2M_Port/bin/native/M2M.a(m2mbase.o)
 .text.__x86.get_pc_thunk.dx
                0x0000000000000000        0x4 /home/paul/RIOT/examples/LwM2M_Port/bin/native/M2M.a(m2mbase.o)
 .text.__x86.get_pc_thunk.bx
                0x0000000000000000        0x4 /home/paul/RIOT/examples/LwM2M_Port/bin/native/M2M.a(m2mbase.o)
 .note.GNU-stack
                0x0000000000000000        0x0 /home/paul/RIOT/examples/LwM2M_Port/bin/native/M2M.a(m2mbase.o)
 .group         0x0000000000000000        0x8 /home/paul/RIOT/examples/LwM2M_Port/bin/native/M2M.a(m2mstringbufferbase.o)
 .group         0x0000000000000000        0x8 /home/paul/RIOT/examples/LwM2M_Port/bin/native/M2M.a(m2mstringbufferbase.o)
 .group         0x0000000000000000        0x8 /home/paul/RIOT/examples/LwM2M_Port/bin/native/M2M.a(m2mstringbufferbase.o)
 .text          0x0000000000000000        0x0 /home/paul/RIOT/examples/LwM2M_Port/bin/native/M2M.a(m2mstringbufferbase.o)
 .data          0x0000000000000000        0x0 /home/paul/RIOT/examples/LwM2M_Port/bin/native/M2M.a(m2mstringbufferbase.o)
 .bss           0x0000000000000000        0x0 /home/paul/RIOT/examples/LwM2M_Port/bin/native/M2M.a(m2mstringbufferbase.o)
 .text._ZNK16StringBufferBase12find_last_ofEPKcc
                0x0000000000000000       0x78 /home/paul/RIOT/examples/LwM2M_Port/bin/native/M2M.a(m2mstringbufferbase.o)
 .text.__x86.get_pc_thunk.ax
                0x0000000000000000        0x4 /home/paul/RIOT/examples/LwM2M_Port/bin/native/M2M.a(m2mstringbufferbase.o)
 .text.__x86.get_pc_thunk.cx
                0x0000000000000000        0x4 /home/paul/RIOT/examples/LwM2M_Port/bin/native/M2M.a(m2mstringbufferbase.o)
 .text.__x86.get_pc_thunk.bx
                0x0000000000000000        0x4 /home/paul/RIOT/examples/LwM2M_Port/bin/native/M2M.a(m2mstringbufferbase.o)
 .note.GNU-stack
                0x0000000000000000        0x0 /home/paul/RIOT/examples/LwM2M_Port/bin/native/M2M.a(m2mstringbufferbase.o)
 .group         0x0000000000000000        0xc /home/paul/RIOT/examples/LwM2M_Port/bin/native/M2M.a(m2msecurity.o)
 .group         0x0000000000000000        0xc /home/paul/RIOT/examples/LwM2M_Port/bin/native/M2M.a(m2msecurity.o)
 .group         0x0000000000000000        0xc /home/paul/RIOT/examples/LwM2M_Port/bin/native/M2M.a(m2msecurity.o)
 .group         0x0000000000000000        0xc /home/paul/RIOT/examples/LwM2M_Port/bin/native/M2M.a(m2msecurity.o)
 .group         0x0000000000000000        0xc /home/paul/RIOT/examples/LwM2M_Port/bin/native/M2M.a(m2msecurity.o)
 .group         0x0000000000000000        0xc /home/paul/RIOT/examples/LwM2M_Port/bin/native/M2M.a(m2msecurity.o)
 .group         0x0000000000000000        0xc /home/paul/RIOT/examples/LwM2M_Port/bin/native/M2M.a(m2msecurity.o)
 .group         0x0000000000000000        0xc /home/paul/RIOT/examples/LwM2M_Port/bin/native/M2M.a(m2msecurity.o)
 .group         0x0000000000000000        0xc /home/paul/RIOT/examples/LwM2M_Port/bin/native/M2M.a(m2msecurity.o)
 .group         0x0000000000000000        0xc /home/paul/RIOT/examples/LwM2M_Port/bin/native/M2M.a(m2msecurity.o)
 .group         0x0000000000000000        0xc /home/paul/RIOT/examples/LwM2M_Port/bin/native/M2M.a(m2msecurity.o)
 .group         0x0000000000000000        0xc /home/paul/RIOT/examples/LwM2M_Port/bin/native/M2M.a(m2msecurity.o)
 .group         0x0000000000000000        0x8 /home/paul/RIOT/examples/LwM2M_Port/bin/native/M2M.a(m2msecurity.o)
 .group         0x0000000000000000        0x8 /home/paul/RIOT/examples/LwM2M_Port/bin/native/M2M.a(m2msecurity.o)
 .text          0x0000000000000000        0x0 /home/paul/RIOT/examples/LwM2M_Port/bin/native/M2M.a(m2msecurity.o)
 .data          0x0000000000000000        0x0 /home/paul/RIOT/examples/LwM2M_Port/bin/native/M2M.a(m2msecurity.o)
 .bss           0x0000000000000000        0x0 /home/paul/RIOT/examples/LwM2M_Port/bin/native/M2M.a(m2msecurity.o)
 .text._ZNK3m2m6String6lengthEv
                0x0000000000000000       0x3a /home/paul/RIOT/examples/LwM2M_Port/bin/native/M2M.a(m2msecurity.o)
 .text._ZNK3m2m6String5emptyEv
                0x0000000000000000       0x3f /home/paul/RIOT/examples/LwM2M_Port/bin/native/M2M.a(m2msecurity.o)
 .text._ZNK3m2m6String5c_strEv
                0x0000000000000000       0x39 /home/paul/RIOT/examples/LwM2M_Port/bin/native/M2M.a(m2msecurity.o)
 .rodata._ZL16MAX_VALUE_LENGTH
                0x0000000000000000        0x4 /home/paul/RIOT/examples/LwM2M_Port/bin/native/M2M.a(m2msecurity.o)
 .rodata._ZL13BUFFER_LENGTH
                0x0000000000000000        0x4 /home/paul/RIOT/examples/LwM2M_Port/bin/native/M2M.a(m2msecurity.o)
 .rodata._ZL25MINIMUM_REGISTRATION_TIME
                0x0000000000000000        0x1 /home/paul/RIOT/examples/LwM2M_Port/bin/native/M2M.a(m2msecurity.o)
 .rodata._ZL16ONE_SECOND_TIMER
                0x0000000000000000        0x1 /home/paul/RIOT/examples/LwM2M_Port/bin/native/M2M.a(m2msecurity.o)
 .rodata._ZL25MAX_ALLOWED_STRING_LENGTH
                0x0000000000000000        0x1 /home/paul/RIOT/examples/LwM2M_Port/bin/native/M2M.a(m2msecurity.o)
 .rodata._ZL31MAX_ALLOWED_ERROR_STRING_LENGTH
                0x0000000000000000        0x1 /home/paul/RIOT/examples/LwM2M_Port/bin/native/M2M.a(m2msecurity.o)
 .rodata._ZL16OPTIMUM_LIFETIME
                0x0000000000000000        0x2 /home/paul/RIOT/examples/LwM2M_Port/bin/native/M2M.a(m2msecurity.o)
 .rodata._ZL15REDUCE_LIFETIME
                0x0000000000000000        0x2 /home/paul/RIOT/examples/LwM2M_Port/bin/native/M2M.a(m2msecurity.o)
 .rodata._ZL16REDUCTION_FACTOR
                0x0000000000000000        0x4 /home/paul/RIOT/examples/LwM2M_Port/bin/native/M2M.a(m2msecurity.o)
 .rodata._ZL13TYPE_RESOURCE
                0x0000000000000000        0x1 /home/paul/RIOT/examples/LwM2M_Port/bin/native/M2M.a(m2msecurity.o)
 .rodata._ZL22TYPE_MULTIPLE_RESOURCE
                0x0000000000000000        0x1 /home/paul/RIOT/examples/LwM2M_Port/bin/native/M2M.a(m2msecurity.o)
 .rodata._ZL22TYPE_RESOURCE_INSTANCE
                0x0000000000000000        0x1 /home/paul/RIOT/examples/LwM2M_Port/bin/native/M2M.a(m2msecurity.o)
 .rodata._ZL20TYPE_OBJECT_INSTANCE
                0x0000000000000000        0x1 /home/paul/RIOT/examples/LwM2M_Port/bin/native/M2M.a(m2msecurity.o)
 .rodata._ZL3ID8
                0x0000000000000000        0x1 /home/paul/RIOT/examples/LwM2M_Port/bin/native/M2M.a(m2msecurity.o)
 .rodata._ZL4ID16
                0x0000000000000000        0x1 /home/paul/RIOT/examples/LwM2M_Port/bin/native/M2M.a(m2msecurity.o)
 .rodata._ZL7LENGTH8
                0x0000000000000000        0x1 /home/paul/RIOT/examples/LwM2M_Port/bin/native/M2M.a(m2msecurity.o)
 .rodata._ZL8LENGTH16
                0x0000000000000000        0x1 /home/paul/RIOT/examples/LwM2M_Port/bin/native/M2M.a(m2msecurity.o)
 .rodata._ZL8LENGTH24
                0x0000000000000000        0x1 /home/paul/RIOT/examples/LwM2M_Port/bin/native/M2M.a(m2msecurity.o)
 .rodata._ZL32COAP_CONTENT_OMA_PLAIN_TEXT_TYPE
                0x0000000000000000        0x1 /home/paul/RIOT/examples/LwM2M_Port/bin/native/M2M.a(m2msecurity.o)
 .rodata._ZL29COAP_CONTENT_OMA_TLV_TYPE_OLD
                0x0000000000000000        0x1 /home/paul/RIOT/examples/LwM2M_Port/bin/native/M2M.a(m2msecurity.o)
 .rodata._ZL25COAP_CONTENT_OMA_TLV_TYPE
                0x0000000000000000        0x2 /home/paul/RIOT/examples/LwM2M_Port/bin/native/M2M.a(m2msecurity.o)
 .rodata._ZL26COAP_CONTENT_OMA_JSON_TYPE
                0x0000000000000000        0x2 /home/paul/RIOT/examples/LwM2M_Port/bin/native/M2M.a(m2msecurity.o)
 .rodata._ZL28COAP_CONTENT_OMA_OPAQUE_TYPE
                0x0000000000000000        0x1 /home/paul/RIOT/examples/LwM2M_Port/bin/native/M2M.a(m2msecurity.o)
 .rodata._ZL18MAX_UNINT_16_COUNT
                0x0000000000000000        0x2 /home/paul/RIOT/examples/LwM2M_Port/bin/native/M2M.a(m2msecurity.o)
 .text._ZN11M2MSecurity25remove_security_instancesEv
                0x0000000000000000       0xaa /home/paul/RIOT/examples/LwM2M_Port/bin/native/M2M.a(m2msecurity.o)
 .text._ZN11M2MSecurity15create_resourceENS_16SecurityResourceEjt
                0x0000000000000000      0x1a8 /home/paul/RIOT/examples/LwM2M_Port/bin/native/M2M.a(m2msecurity.o)
 .text._ZN11M2MSecurity15delete_resourceENS_16SecurityResourceEt
                0x0000000000000000      0x111 /home/paul/RIOT/examples/LwM2M_Port/bin/native/M2M.a(m2msecurity.o)
 .text._ZN11M2MSecurity18set_resource_valueENS_16SecurityResourceERKN3m2m6StringEt
                0x0000000000000000       0xb2 /home/paul/RIOT/examples/LwM2M_Port/bin/native/M2M.a(m2msecurity.o)
 .text._ZN11M2MSecurity18set_resource_valueENS_16SecurityResourceEjt
                0x0000000000000000       0xb5 /home/paul/RIOT/examples/LwM2M_Port/bin/native/M2M.a(m2msecurity.o)
 .text._ZN11M2MSecurity18set_resource_valueENS_16SecurityResourceEPKhtt
                0x0000000000000000       0xb0 /home/paul/RIOT/examples/LwM2M_Port/bin/native/M2M.a(m2msecurity.o)
 .text._ZNK11M2MSecurity21resource_value_bufferENS_16SecurityResourceERPht
                0x0000000000000000       0x9f /home/paul/RIOT/examples/LwM2M_Port/bin/native/M2M.a(m2msecurity.o)
 .text._ZNK11M2MSecurity21resource_value_bufferENS_16SecurityResourceERPKht
                0x0000000000000000       0xb1 /home/paul/RIOT/examples/LwM2M_Port/bin/native/M2M.a(m2msecurity.o)
 .text._ZNK11M2MSecurity19is_resource_presentENS_16SecurityResourceEt
                0x0000000000000000       0x6e /home/paul/RIOT/examples/LwM2M_Port/bin/native/M2M.a(m2msecurity.o)
 .text._ZNK11M2MSecurity20total_resource_countEt
                0x0000000000000000       0x87 /home/paul/RIOT/examples/LwM2M_Port/bin/native/M2M.a(m2msecurity.o)
 .text.__x86.get_pc_thunk.ax
                0x0000000000000000        0x4 /home/paul/RIOT/examples/LwM2M_Port/bin/native/M2M.a(m2msecurity.o)
 .text.__x86.get_pc_thunk.bx
                0x0000000000000000        0x4 /home/paul/RIOT/examples/LwM2M_Port/bin/native/M2M.a(m2msecurity.o)
 .note.GNU-stack
                0x0000000000000000        0x0 /home/paul/RIOT/examples/LwM2M_Port/bin/native/M2M.a(m2msecurity.o)
 .group         0x0000000000000000        0xc /home/paul/RIOT/examples/LwM2M_Port/bin/native/M2M.a(m2mcallbackstorage.o)
 .group         0x0000000000000000        0xc /home/paul/RIOT/examples/LwM2M_Port/bin/native/M2M.a(m2mcallbackstorage.o)
 .group         0x0000000000000000        0xc /home/paul/RIOT/examples/LwM2M_Port/bin/native/M2M.a(m2mcallbackstorage.o)
 .group         0x0000000000000000        0xc /home/paul/RIOT/examples/LwM2M_Port/bin/native/M2M.a(m2mcallbackstorage.o)
 .group         0x0000000000000000        0xc /home/paul/RIOT/examples/LwM2M_Port/bin/native/M2M.a(m2mcallbackstorage.o)
 .group         0x0000000000000000        0xc /home/paul/RIOT/examples/LwM2M_Port/bin/native/M2M.a(m2mcallbackstorage.o)
 .group         0x0000000000000000        0xc /home/paul/RIOT/examples/LwM2M_Port/bin/native/M2M.a(m2mcallbackstorage.o)
 .group         0x0000000000000000        0xc /home/paul/RIOT/examples/LwM2M_Port/bin/native/M2M.a(m2mcallbackstorage.o)
 .group         0x0000000000000000        0xc /home/paul/RIOT/examples/LwM2M_Port/bin/native/M2M.a(m2mcallbackstorage.o)
 .group         0x0000000000000000        0xc /home/paul/RIOT/examples/LwM2M_Port/bin/native/M2M.a(m2mcallbackstorage.o)
 .group         0x0000000000000000        0xc /home/paul/RIOT/examples/LwM2M_Port/bin/native/M2M.a(m2mcallbackstorage.o)
 .group         0x0000000000000000        0x8 /home/paul/RIOT/examples/LwM2M_Port/bin/native/M2M.a(m2mcallbackstorage.o)
 .group         0x0000000000000000        0x8 /home/paul/RIOT/examples/LwM2M_Port/bin/native/M2M.a(m2mcallbackstorage.o)
 .group         0x0000000000000000        0x8 /home/paul/RIOT/examples/LwM2M_Port/bin/native/M2M.a(m2mcallbackstorage.o)
 .text          0x0000000000000000        0x0 /home/paul/RIOT/examples/LwM2M_Port/bin/native/M2M.a(m2mcallbackstorage.o)
 .data          0x0000000000000000        0x0 /home/paul/RIOT/examples/LwM2M_Port/bin/native/M2M.a(m2mcallbackstorage.o)
 .bss           0x0000000000000000        0x0 /home/paul/RIOT/examples/LwM2M_Port/bin/native/M2M.a(m2mcallbackstorage.o)
 .text._ZN18M2MCallbackStorage15delete_instanceEv
                0x0000000000000000       0x67 /home/paul/RIOT/examples/LwM2M_Port/bin/native/M2M.a(m2mcallbackstorage.o)
 .text._ZN18M2MCallbackStorageD2Ev
                0x0000000000000000       0x44 /home/paul/RIOT/examples/LwM2M_Port/bin/native/M2M.a(m2mcallbackstorage.o)
 .text._ZN3m2m6VectorI22M2MCallbackAssociationED2Ev
                0x0000000000000000       0x58 /home/paul/RIOT/examples/LwM2M_Port/bin/native/M2M.a(m2mcallbackstorage.o)
 .text.__x86.get_pc_thunk.ax
                0x0000000000000000        0x4 /home/paul/RIOT/examples/LwM2M_Port/bin/native/M2M.a(m2mcallbackstorage.o)
 .note.GNU-stack
                0x0000000000000000        0x0 /home/paul/RIOT/examples/LwM2M_Port/bin/native/M2M.a(m2mcallbackstorage.o)
 .group         0x0000000000000000        0xc /home/paul/RIOT/examples/LwM2M_Port/bin/native/M2M.a(m2mobjectinstance.o)
 .group         0x0000000000000000        0xc /home/paul/RIOT/examples/LwM2M_Port/bin/native/M2M.a(m2mobjectinstance.o)
 .group         0x0000000000000000        0xc /home/paul/RIOT/examples/LwM2M_Port/bin/native/M2M.a(m2mobjectinstance.o)
 .group         0x0000000000000000        0xc /home/paul/RIOT/examples/LwM2M_Port/bin/native/M2M.a(m2mobjectinstance.o)
 .group         0x0000000000000000        0xc /home/paul/RIOT/examples/LwM2M_Port/bin/native/M2M.a(m2mobjectinstance.o)
 .group         0x0000000000000000        0xc /home/paul/RIOT/examples/LwM2M_Port/bin/native/M2M.a(m2mobjectinstance.o)
 .group         0x0000000000000000        0xc /home/paul/RIOT/examples/LwM2M_Port/bin/native/M2M.a(m2mobjectinstance.o)
 .group         0x0000000000000000        0xc /home/paul/RIOT/examples/LwM2M_Port/bin/native/M2M.a(m2mobjectinstance.o)
 .group         0x0000000000000000        0xc /home/paul/RIOT/examples/LwM2M_Port/bin/native/M2M.a(m2mobjectinstance.o)
 .group         0x0000000000000000        0xc /home/paul/RIOT/examples/LwM2M_Port/bin/native/M2M.a(m2mobjectinstance.o)
 .group         0x0000000000000000        0xc /home/paul/RIOT/examples/LwM2M_Port/bin/native/M2M.a(m2mobjectinstance.o)
 .group         0x0000000000000000        0xc /home/paul/RIOT/examples/LwM2M_Port/bin/native/M2M.a(m2mobjectinstance.o)
 .group         0x0000000000000000        0xc /home/paul/RIOT/examples/LwM2M_Port/bin/native/M2M.a(m2mobjectinstance.o)
 .group         0x0000000000000000        0xc /home/paul/RIOT/examples/LwM2M_Port/bin/native/M2M.a(m2mobjectinstance.o)
 .group         0x0000000000000000        0xc /home/paul/RIOT/examples/LwM2M_Port/bin/native/M2M.a(m2mobjectinstance.o)
 .group         0x0000000000000000        0xc /home/paul/RIOT/examples/LwM2M_Port/bin/native/M2M.a(m2mobjectinstance.o)
 .group         0x0000000000000000        0xc /home/paul/RIOT/examples/LwM2M_Port/bin/native/M2M.a(m2mobjectinstance.o)
 .group         0x0000000000000000        0xc /home/paul/RIOT/examples/LwM2M_Port/bin/native/M2M.a(m2mobjectinstance.o)
 .group         0x0000000000000000        0xc /home/paul/RIOT/examples/LwM2M_Port/bin/native/M2M.a(m2mobjectinstance.o)
 .group         0x0000000000000000        0xc /home/paul/RIOT/examples/LwM2M_Port/bin/native/M2M.a(m2mobjectinstance.o)
 .group         0x0000000000000000        0xc /home/paul/RIOT/examples/LwM2M_Port/bin/native/M2M.a(m2mobjectinstance.o)
 .group         0x0000000000000000        0xc /home/paul/RIOT/examples/LwM2M_Port/bin/native/M2M.a(m2mobjectinstance.o)
 .group         0x0000000000000000        0xc /home/paul/RIOT/examples/LwM2M_Port/bin/native/M2M.a(m2mobjectinstance.o)
 .group         0x0000000000000000        0xc /home/paul/RIOT/examples/LwM2M_Port/bin/native/M2M.a(m2mobjectinstance.o)
 .group         0x0000000000000000        0xc /home/paul/RIOT/examples/LwM2M_Port/bin/native/M2M.a(m2mobjectinstance.o)
 .group         0x0000000000000000        0x8 /home/paul/RIOT/examples/LwM2M_Port/bin/native/M2M.a(m2mobjectinstance.o)
 .group         0x0000000000000000        0x8 /home/paul/RIOT/examples/LwM2M_Port/bin/native/M2M.a(m2mobjectinstance.o)
 .text          0x0000000000000000        0x0 /home/paul/RIOT/examples/LwM2M_Port/bin/native/M2M.a(m2mobjectinstance.o)
 .data          0x0000000000000000        0x0 /home/paul/RIOT/examples/LwM2M_Port/bin/native/M2M.a(m2mobjectinstance.o)
 .bss           0x0000000000000000        0x0 /home/paul/RIOT/examples/LwM2M_Port/bin/native/M2M.a(m2mobjectinstance.o)
 .text._ZNK3m2m6String5c_strEv
                0x0000000000000000       0x39 /home/paul/RIOT/examples/LwM2M_Port/bin/native/M2M.a(m2mobjectinstance.o)
 .text._ZN16StringBufferBaseC2Ev
                0x0000000000000000       0x3e /home/paul/RIOT/examples/LwM2M_Port/bin/native/M2M.a(m2mobjectinstance.o)
 .rodata._ZL16MAX_VALUE_LENGTH
                0x0000000000000000        0x4 /home/paul/RIOT/examples/LwM2M_Port/bin/native/M2M.a(m2mobjectinstance.o)
 .rodata._ZL13BUFFER_LENGTH
                0x0000000000000000        0x4 /home/paul/RIOT/examples/LwM2M_Port/bin/native/M2M.a(m2mobjectinstance.o)
 .rodata._ZL25MINIMUM_REGISTRATION_TIME
                0x0000000000000000        0x1 /home/paul/RIOT/examples/LwM2M_Port/bin/native/M2M.a(m2mobjectinstance.o)
 .rodata._ZL16ONE_SECOND_TIMER
                0x0000000000000000        0x1 /home/paul/RIOT/examples/LwM2M_Port/bin/native/M2M.a(m2mobjectinstance.o)
 .rodata._ZL25MAX_ALLOWED_STRING_LENGTH
                0x0000000000000000        0x1 /home/paul/RIOT/examples/LwM2M_Port/bin/native/M2M.a(m2mobjectinstance.o)
 .rodata._ZL31MAX_ALLOWED_ERROR_STRING_LENGTH
                0x0000000000000000        0x1 /home/paul/RIOT/examples/LwM2M_Port/bin/native/M2M.a(m2mobjectinstance.o)
 .rodata._ZL16OPTIMUM_LIFETIME
                0x0000000000000000        0x2 /home/paul/RIOT/examples/LwM2M_Port/bin/native/M2M.a(m2mobjectinstance.o)
 .rodata._ZL15REDUCE_LIFETIME
                0x0000000000000000        0x2 /home/paul/RIOT/examples/LwM2M_Port/bin/native/M2M.a(m2mobjectinstance.o)
 .rodata._ZL16REDUCTION_FACTOR
                0x0000000000000000        0x4 /home/paul/RIOT/examples/LwM2M_Port/bin/native/M2M.a(m2mobjectinstance.o)
 .rodata._ZL13TYPE_RESOURCE
                0x0000000000000000        0x1 /home/paul/RIOT/examples/LwM2M_Port/bin/native/M2M.a(m2mobjectinstance.o)
 .rodata._ZL22TYPE_MULTIPLE_RESOURCE
                0x0000000000000000        0x1 /home/paul/RIOT/examples/LwM2M_Port/bin/native/M2M.a(m2mobjectinstance.o)
 .rodata._ZL22TYPE_RESOURCE_INSTANCE
                0x0000000000000000        0x1 /home/paul/RIOT/examples/LwM2M_Port/bin/native/M2M.a(m2mobjectinstance.o)
 .rodata._ZL20TYPE_OBJECT_INSTANCE
                0x0000000000000000        0x1 /home/paul/RIOT/examples/LwM2M_Port/bin/native/M2M.a(m2mobjectinstance.o)
 .rodata._ZL3ID8
                0x0000000000000000        0x1 /home/paul/RIOT/examples/LwM2M_Port/bin/native/M2M.a(m2mobjectinstance.o)
 .rodata._ZL4ID16
                0x0000000000000000        0x1 /home/paul/RIOT/examples/LwM2M_Port/bin/native/M2M.a(m2mobjectinstance.o)
 .rodata._ZL7LENGTH8
                0x0000000000000000        0x1 /home/paul/RIOT/examples/LwM2M_Port/bin/native/M2M.a(m2mobjectinstance.o)
 .rodata._ZL8LENGTH16
                0x0000000000000000        0x1 /home/paul/RIOT/examples/LwM2M_Port/bin/native/M2M.a(m2mobjectinstance.o)
 .rodata._ZL8LENGTH24
                0x0000000000000000        0x1 /home/paul/RIOT/examples/LwM2M_Port/bin/native/M2M.a(m2mobjectinstance.o)
 .rodata._ZL32COAP_CONTENT_OMA_PLAIN_TEXT_TYPE
                0x0000000000000000        0x1 /home/paul/RIOT/examples/LwM2M_Port/bin/native/M2M.a(m2mobjectinstance.o)
 .rodata._ZL29COAP_CONTENT_OMA_TLV_TYPE_OLD
                0x0000000000000000        0x1 /home/paul/RIOT/examples/LwM2M_Port/bin/native/M2M.a(m2mobjectinstance.o)
 .rodata._ZL25COAP_CONTENT_OMA_TLV_TYPE
                0x0000000000000000        0x2 /home/paul/RIOT/examples/LwM2M_Port/bin/native/M2M.a(m2mobjectinstance.o)
 .rodata._ZL26COAP_CONTENT_OMA_JSON_TYPE
                0x0000000000000000        0x2 /home/paul/RIOT/examples/LwM2M_Port/bin/native/M2M.a(m2mobjectinstance.o)
 .rodata._ZL28COAP_CONTENT_OMA_OPAQUE_TYPE
                0x0000000000000000        0x1 /home/paul/RIOT/examples/LwM2M_Port/bin/native/M2M.a(m2mobjectinstance.o)
 .rodata._ZL18MAX_UNINT_16_COUNT
                0x0000000000000000        0x2 /home/paul/RIOT/examples/LwM2M_Port/bin/native/M2M.a(m2mobjectinstance.o)
 .text._ZN17M2MObjectInstanceC2ER9M2MObjectPKN7M2MBase16lwm2m_parametersE
                0x0000000000000000       0xa2 /home/paul/RIOT/examples/LwM2M_Port/bin/native/M2M.a(m2mobjectinstance.o)
 .text._ZN17M2MObjectInstance22create_static_resourceEPKN7M2MBase16lwm2m_parametersEN15M2MResourceBase12ResourceTypeE
                0x0000000000000000      0x10f /home/paul/RIOT/examples/LwM2M_Port/bin/native/M2M.a(m2mobjectinstance.o)
 .text._ZN17M2MObjectInstance22create_static_resourceERKN3m2m6StringES3_N15M2MResourceBase12ResourceTypeEPKhhbb
                0x0000000000000000      0x18d /home/paul/RIOT/examples/LwM2M_Port/bin/native/M2M.a(m2mobjectinstance.o)
 .text._ZN17M2MObjectInstance23create_dynamic_resourceEPKN7M2MBase16lwm2m_parametersEN15M2MResourceBase12ResourceTypeEb
                0x0000000000000000      0x117 /home/paul/RIOT/examples/LwM2M_Port/bin/native/M2M.a(m2mobjectinstance.o)
 .text._ZN17M2MObjectInstance31create_static_resource_instanceERKN3m2m6StringES3_N15M2MResourceBase12ResourceTypeEPKhhtb
                0x0000000000000000      0x298 /home/paul/RIOT/examples/LwM2M_Port/bin/native/M2M.a(m2mobjectinstance.o)
 .text._ZN17M2MObjectInstance15remove_resourceERKN3m2m6StringE
                0x0000000000000000       0x57 /home/paul/RIOT/examples/LwM2M_Port/bin/native/M2M.a(m2mobjectinstance.o)
 .text._ZN17M2MObjectInstance24remove_resource_instanceERKN3m2m6StringEt
                0x0000000000000000      0x1dc /home/paul/RIOT/examples/LwM2M_Port/bin/native/M2M.a(m2mobjectinstance.o)
 .text._ZNK17M2MObjectInstance14resource_countEv
                0x0000000000000000       0xca /home/paul/RIOT/examples/LwM2M_Port/bin/native/M2M.a(m2mobjectinstance.o)
 .text._ZNK17M2MObjectInstance14resource_countERKN3m2m6StringE
                0x0000000000000000       0x57 /home/paul/RIOT/examples/LwM2M_Port/bin/native/M2M.a(m2mobjectinstance.o)
 .text._ZNK17M2MObjectInstance14resource_countEPKc
                0x0000000000000000      0x100 /home/paul/RIOT/examples/LwM2M_Port/bin/native/M2M.a(m2mobjectinstance.o)
 .text._ZN3m2m6VectorIP19M2MResourceInstanceEC2ERKS3_
                0x0000000000000000       0x56 /home/paul/RIOT/examples/LwM2M_Port/bin/native/M2M.a(m2mobjectinstance.o)
 .text._ZNK3m2m6VectorIP11M2MResourceE4sizeEv
                0x0000000000000000       0x39 /home/paul/RIOT/examples/LwM2M_Port/bin/native/M2M.a(m2mobjectinstance.o)
 .text._ZN3m2m6VectorIP19M2MResourceInstanceEaSERKS3_
                0x0000000000000000      0x104 /home/paul/RIOT/examples/LwM2M_Port/bin/native/M2M.a(m2mobjectinstance.o)
 .text._ZNK3m2m6VectorIP19M2MResourceInstanceE8capacityEv
                0x0000000000000000       0x3a /home/paul/RIOT/examples/LwM2M_Port/bin/native/M2M.a(m2mobjectinstance.o)
 .text.__x86.get_pc_thunk.ax
                0x0000000000000000        0x4 /home/paul/RIOT/examples/LwM2M_Port/bin/native/M2M.a(m2mobjectinstance.o)
 .text.__x86.get_pc_thunk.bx
                0x0000000000000000        0x4 /home/paul/RIOT/examples/LwM2M_Port/bin/native/M2M.a(m2mobjectinstance.o)
 .note.GNU-stack
                0x0000000000000000        0x0 /home/paul/RIOT/examples/LwM2M_Port/bin/native/M2M.a(m2mobjectinstance.o)
 .group         0x0000000000000000        0xc /home/paul/RIOT/examples/LwM2M_Port/bin/native/M2M.a(m2minterfacefactory.o)
 .group         0x0000000000000000        0xc /home/paul/RIOT/examples/LwM2M_Port/bin/native/M2M.a(m2minterfacefactory.o)
 .group         0x0000000000000000        0xc /home/paul/RIOT/examples/LwM2M_Port/bin/native/M2M.a(m2minterfacefactory.o)
 .group         0x0000000000000000        0x8 /home/paul/RIOT/examples/LwM2M_Port/bin/native/M2M.a(m2minterfacefactory.o)
 .group         0x0000000000000000        0x8 /home/paul/RIOT/examples/LwM2M_Port/bin/native/M2M.a(m2minterfacefactory.o)
 .text          0x0000000000000000        0x0 /home/paul/RIOT/examples/LwM2M_Port/bin/native/M2M.a(m2minterfacefactory.o)
 .data          0x0000000000000000        0x0 /home/paul/RIOT/examples/LwM2M_Port/bin/native/M2M.a(m2minterfacefactory.o)
 .bss           0x0000000000000000        0x0 /home/paul/RIOT/examples/LwM2M_Port/bin/native/M2M.a(m2minterfacefactory.o)
 .text._ZNK3m2m6String4sizeEv
                0x0000000000000000       0x3a /home/paul/RIOT/examples/LwM2M_Port/bin/native/M2M.a(m2minterfacefactory.o)
 .text._ZNK3m2m6String5emptyEv
                0x0000000000000000       0x3f /home/paul/RIOT/examples/LwM2M_Port/bin/native/M2M.a(m2minterfacefactory.o)
 .text._ZNK3m2m6String5c_strEv
                0x0000000000000000       0x39 /home/paul/RIOT/examples/LwM2M_Port/bin/native/M2M.a(m2minterfacefactory.o)
 .rodata._ZL16MAX_VALUE_LENGTH
                0x0000000000000000        0x4 /home/paul/RIOT/examples/LwM2M_Port/bin/native/M2M.a(m2minterfacefactory.o)
 .rodata._ZL13BUFFER_LENGTH
                0x0000000000000000        0x4 /home/paul/RIOT/examples/LwM2M_Port/bin/native/M2M.a(m2minterfacefactory.o)
 .rodata._ZL25MINIMUM_REGISTRATION_TIME
                0x0000000000000000        0x1 /home/paul/RIOT/examples/LwM2M_Port/bin/native/M2M.a(m2minterfacefactory.o)
 .rodata._ZL16ONE_SECOND_TIMER
                0x0000000000000000        0x1 /home/paul/RIOT/examples/LwM2M_Port/bin/native/M2M.a(m2minterfacefactory.o)
 .rodata._ZL25MAX_ALLOWED_STRING_LENGTH
                0x0000000000000000        0x1 /home/paul/RIOT/examples/LwM2M_Port/bin/native/M2M.a(m2minterfacefactory.o)
 .rodata._ZL31MAX_ALLOWED_ERROR_STRING_LENGTH
                0x0000000000000000        0x1 /home/paul/RIOT/examples/LwM2M_Port/bin/native/M2M.a(m2minterfacefactory.o)
 .rodata._ZL16OPTIMUM_LIFETIME
                0x0000000000000000        0x2 /home/paul/RIOT/examples/LwM2M_Port/bin/native/M2M.a(m2minterfacefactory.o)
 .rodata._ZL15REDUCE_LIFETIME
                0x0000000000000000        0x2 /home/paul/RIOT/examples/LwM2M_Port/bin/native/M2M.a(m2minterfacefactory.o)
 .rodata._ZL16REDUCTION_FACTOR
                0x0000000000000000        0x4 /home/paul/RIOT/examples/LwM2M_Port/bin/native/M2M.a(m2minterfacefactory.o)
 .rodata._ZL13TYPE_RESOURCE
                0x0000000000000000        0x1 /home/paul/RIOT/examples/LwM2M_Port/bin/native/M2M.a(m2minterfacefactory.o)
 .rodata._ZL22TYPE_MULTIPLE_RESOURCE
                0x0000000000000000        0x1 /home/paul/RIOT/examples/LwM2M_Port/bin/native/M2M.a(m2minterfacefactory.o)
 .rodata._ZL22TYPE_RESOURCE_INSTANCE
                0x0000000000000000        0x1 /home/paul/RIOT/examples/LwM2M_Port/bin/native/M2M.a(m2minterfacefactory.o)
 .rodata._ZL20TYPE_OBJECT_INSTANCE
                0x0000000000000000        0x1 /home/paul/RIOT/examples/LwM2M_Port/bin/native/M2M.a(m2minterfacefactory.o)
 .rodata._ZL3ID8
                0x0000000000000000        0x1 /home/paul/RIOT/examples/LwM2M_Port/bin/native/M2M.a(m2minterfacefactory.o)
 .rodata._ZL4ID16
                0x0000000000000000        0x1 /home/paul/RIOT/examples/LwM2M_Port/bin/native/M2M.a(m2minterfacefactory.o)
 .rodata._ZL7LENGTH8
                0x0000000000000000        0x1 /home/paul/RIOT/examples/LwM2M_Port/bin/native/M2M.a(m2minterfacefactory.o)
 .rodata._ZL8LENGTH16
                0x0000000000000000        0x1 /home/paul/RIOT/examples/LwM2M_Port/bin/native/M2M.a(m2minterfacefactory.o)
 .rodata._ZL8LENGTH24
                0x0000000000000000        0x1 /home/paul/RIOT/examples/LwM2M_Port/bin/native/M2M.a(m2minterfacefactory.o)
 .rodata._ZL32COAP_CONTENT_OMA_PLAIN_TEXT_TYPE
                0x0000000000000000        0x1 /home/paul/RIOT/examples/LwM2M_Port/bin/native/M2M.a(m2minterfacefactory.o)
 .rodata._ZL29COAP_CONTENT_OMA_TLV_TYPE_OLD
                0x0000000000000000        0x1 /home/paul/RIOT/examples/LwM2M_Port/bin/native/M2M.a(m2minterfacefactory.o)
 .rodata._ZL25COAP_CONTENT_OMA_TLV_TYPE
                0x0000000000000000        0x2 /home/paul/RIOT/examples/LwM2M_Port/bin/native/M2M.a(m2minterfacefactory.o)
 .rodata._ZL26COAP_CONTENT_OMA_JSON_TYPE
                0x0000000000000000        0x2 /home/paul/RIOT/examples/LwM2M_Port/bin/native/M2M.a(m2minterfacefactory.o)
 .rodata._ZL28COAP_CONTENT_OMA_OPAQUE_TYPE
                0x0000000000000000        0x1 /home/paul/RIOT/examples/LwM2M_Port/bin/native/M2M.a(m2minterfacefactory.o)
 .rodata._ZL18MAX_UNINT_16_COUNT
                0x0000000000000000        0x2 /home/paul/RIOT/examples/LwM2M_Port/bin/native/M2M.a(m2minterfacefactory.o)
 .text._ZN19M2MInterfaceFactory15create_securityEN11M2MSecurity10ServerTypeE
                0x0000000000000000       0x47 /home/paul/RIOT/examples/LwM2M_Port/bin/native/M2M.a(m2minterfacefactory.o)
 .text._ZN19M2MInterfaceFactory13create_serverEv
                0x0000000000000000       0x57 /home/paul/RIOT/examples/LwM2M_Port/bin/native/M2M.a(m2minterfacefactory.o)
 .text._ZN19M2MInterfaceFactory15create_firmwareEv
                0x0000000000000000       0x41 /home/paul/RIOT/examples/LwM2M_Port/bin/native/M2M.a(m2minterfacefactory.o)
 .text._ZN19M2MInterfaceFactory13create_objectERKN3m2m6StringE
                0x0000000000000000       0xc8 /home/paul/RIOT/examples/LwM2M_Port/bin/native/M2M.a(m2minterfacefactory.o)
 .text.__x86.get_pc_thunk.ax
                0x0000000000000000        0x4 /home/paul/RIOT/examples/LwM2M_Port/bin/native/M2M.a(m2minterfacefactory.o)
 .text.__x86.get_pc_thunk.bx
                0x0000000000000000        0x4 /home/paul/RIOT/examples/LwM2M_Port/bin/native/M2M.a(m2minterfacefactory.o)
 .note.GNU-stack
                0x0000000000000000        0x0 /home/paul/RIOT/examples/LwM2M_Port/bin/native/M2M.a(m2minterfacefactory.o)
 .group         0x0000000000000000        0xc /home/paul/RIOT/examples/LwM2M_Port/bin/native/M2M.a(m2mtlvserializer.o)
 .group         0x0000000000000000        0xc /home/paul/RIOT/examples/LwM2M_Port/bin/native/M2M.a(m2mtlvserializer.o)
 .group         0x0000000000000000        0xc /home/paul/RIOT/examples/LwM2M_Port/bin/native/M2M.a(m2mtlvserializer.o)
 .group         0x0000000000000000        0xc /home/paul/RIOT/examples/LwM2M_Port/bin/native/M2M.a(m2mtlvserializer.o)
 .group         0x0000000000000000        0xc /home/paul/RIOT/examples/LwM2M_Port/bin/native/M2M.a(m2mtlvserializer.o)
 .group         0x0000000000000000        0xc /home/paul/RIOT/examples/LwM2M_Port/bin/native/M2M.a(m2mtlvserializer.o)
 .group         0x0000000000000000        0xc /home/paul/RIOT/examples/LwM2M_Port/bin/native/M2M.a(m2mtlvserializer.o)
 .group         0x0000000000000000        0xc /home/paul/RIOT/examples/LwM2M_Port/bin/native/M2M.a(m2mtlvserializer.o)
 .group         0x0000000000000000        0xc /home/paul/RIOT/examples/LwM2M_Port/bin/native/M2M.a(m2mtlvserializer.o)
 .group         0x0000000000000000        0xc /home/paul/RIOT/examples/LwM2M_Port/bin/native/M2M.a(m2mtlvserializer.o)
 .group         0x0000000000000000        0xc /home/paul/RIOT/examples/LwM2M_Port/bin/native/M2M.a(m2mtlvserializer.o)
 .group         0x0000000000000000        0xc /home/paul/RIOT/examples/LwM2M_Port/bin/native/M2M.a(m2mtlvserializer.o)
 .group         0x0000000000000000        0x8 /home/paul/RIOT/examples/LwM2M_Port/bin/native/M2M.a(m2mtlvserializer.o)
 .group         0x0000000000000000        0x8 /home/paul/RIOT/examples/LwM2M_Port/bin/native/M2M.a(m2mtlvserializer.o)
 .text          0x0000000000000000        0x0 /home/paul/RIOT/examples/LwM2M_Port/bin/native/M2M.a(m2mtlvserializer.o)
 .data          0x0000000000000000        0x0 /home/paul/RIOT/examples/LwM2M_Port/bin/native/M2M.a(m2mtlvserializer.o)
 .bss           0x0000000000000000        0x0 /home/paul/RIOT/examples/LwM2M_Port/bin/native/M2M.a(m2mtlvserializer.o)
 .rodata._ZL16MAX_VALUE_LENGTH
                0x0000000000000000        0x4 /home/paul/RIOT/examples/LwM2M_Port/bin/native/M2M.a(m2mtlvserializer.o)
 .rodata._ZL13BUFFER_LENGTH
                0x0000000000000000        0x4 /home/paul/RIOT/examples/LwM2M_Port/bin/native/M2M.a(m2mtlvserializer.o)
 .rodata._ZL25MINIMUM_REGISTRATION_TIME
                0x0000000000000000        0x1 /home/paul/RIOT/examples/LwM2M_Port/bin/native/M2M.a(m2mtlvserializer.o)
 .rodata._ZL16ONE_SECOND_TIMER
                0x0000000000000000        0x1 /home/paul/RIOT/examples/LwM2M_Port/bin/native/M2M.a(m2mtlvserializer.o)
 .rodata._ZL25MAX_ALLOWED_STRING_LENGTH
                0x0000000000000000        0x1 /home/paul/RIOT/examples/LwM2M_Port/bin/native/M2M.a(m2mtlvserializer.o)
 .rodata._ZL31MAX_ALLOWED_ERROR_STRING_LENGTH
                0x0000000000000000        0x1 /home/paul/RIOT/examples/LwM2M_Port/bin/native/M2M.a(m2mtlvserializer.o)
 .rodata._ZL16OPTIMUM_LIFETIME
                0x0000000000000000        0x2 /home/paul/RIOT/examples/LwM2M_Port/bin/native/M2M.a(m2mtlvserializer.o)
 .rodata._ZL15REDUCE_LIFETIME
                0x0000000000000000        0x2 /home/paul/RIOT/examples/LwM2M_Port/bin/native/M2M.a(m2mtlvserializer.o)
 .rodata._ZL16REDUCTION_FACTOR
                0x0000000000000000        0x4 /home/paul/RIOT/examples/LwM2M_Port/bin/native/M2M.a(m2mtlvserializer.o)
 .rodata._ZL13TYPE_RESOURCE
                0x0000000000000000        0x1 /home/paul/RIOT/examples/LwM2M_Port/bin/native/M2M.a(m2mtlvserializer.o)
 .rodata._ZL22TYPE_MULTIPLE_RESOURCE
                0x0000000000000000        0x1 /home/paul/RIOT/examples/LwM2M_Port/bin/native/M2M.a(m2mtlvserializer.o)
 .rodata._ZL22TYPE_RESOURCE_INSTANCE
                0x0000000000000000        0x1 /home/paul/RIOT/examples/LwM2M_Port/bin/native/M2M.a(m2mtlvserializer.o)
 .rodata._ZL20TYPE_OBJECT_INSTANCE
                0x0000000000000000        0x1 /home/paul/RIOT/examples/LwM2M_Port/bin/native/M2M.a(m2mtlvserializer.o)
 .rodata._ZL3ID8
                0x0000000000000000        0x1 /home/paul/RIOT/examples/LwM2M_Port/bin/native/M2M.a(m2mtlvserializer.o)
 .rodata._ZL4ID16
                0x0000000000000000        0x1 /home/paul/RIOT/examples/LwM2M_Port/bin/native/M2M.a(m2mtlvserializer.o)
 .rodata._ZL7LENGTH8
                0x0000000000000000        0x1 /home/paul/RIOT/examples/LwM2M_Port/bin/native/M2M.a(m2mtlvserializer.o)
 .rodata._ZL8LENGTH16
                0x0000000000000000        0x1 /home/paul/RIOT/examples/LwM2M_Port/bin/native/M2M.a(m2mtlvserializer.o)
 .rodata._ZL8LENGTH24
                0x0000000000000000        0x1 /home/paul/RIOT/examples/LwM2M_Port/bin/native/M2M.a(m2mtlvserializer.o)
 .rodata._ZL32COAP_CONTENT_OMA_PLAIN_TEXT_TYPE
                0x0000000000000000        0x1 /home/paul/RIOT/examples/LwM2M_Port/bin/native/M2M.a(m2mtlvserializer.o)
 .rodata._ZL29COAP_CONTENT_OMA_TLV_TYPE_OLD
                0x0000000000000000        0x1 /home/paul/RIOT/examples/LwM2M_Port/bin/native/M2M.a(m2mtlvserializer.o)
 .rodata._ZL25COAP_CONTENT_OMA_TLV_TYPE
                0x0000000000000000        0x2 /home/paul/RIOT/examples/LwM2M_Port/bin/native/M2M.a(m2mtlvserializer.o)
 .rodata._ZL26COAP_CONTENT_OMA_JSON_TYPE
                0x0000000000000000        0x2 /home/paul/RIOT/examples/LwM2M_Port/bin/native/M2M.a(m2mtlvserializer.o)
 .rodata._ZL28COAP_CONTENT_OMA_OPAQUE_TYPE
                0x0000000000000000        0x1 /home/paul/RIOT/examples/LwM2M_Port/bin/native/M2M.a(m2mtlvserializer.o)
 .rodata._ZL18MAX_UNINT_16_COUNT
[...]
                0x000000000006080c                _sig_pipefd
 *fill*         0x0000000000060814        0xc 
 .bss.native_irq_handlers
                0x0000000000060820      0x3fc /home/paul/RIOT/examples/LwM2M_Port/bin/native/cpu.a(irq_cpu.o)
 *fill*         0x0000000000060c1c        0x4 
 .bss.sigalt_stk
                0x0000000000060c20     0x2000 /home/paul/RIOT/examples/LwM2M_Port/bin/native/cpu.a(irq_cpu.o)
                0x0000000000060c20                sigalt_stk
 .bss.sigstk.5099
                0x0000000000062c20        0xc /home/paul/RIOT/examples/LwM2M_Port/bin/native/cpu.a(irq_cpu.o)
 *fill*         0x0000000000062c2c       0x14 
 .bss.end_context
                0x0000000000062c40      0x15c /home/paul/RIOT/examples/LwM2M_Port/bin/native/cpu.a(native_cpu.o)
                0x0000000000062c40                end_context
 *fill*         0x0000000000062d9c        0x4 
 .bss.__end_stack
                0x0000000000062da0     0x2000 /home/paul/RIOT/examples/LwM2M_Port/bin/native/cpu.a(native_cpu.o)
                0x0000000000062da0                __end_stack
 .bss.tty_device_filenames
                0x0000000000064da0        0x4 /home/paul/RIOT/examples/LwM2M_Port/bin/native/periph.a(uart.o)
 .bss._in_handler
                0x0000000000064da4        0x4 /home/paul/RIOT/examples/LwM2M_Port/bin/native/xtimer.a(xtimer_core.o)
 .bss._long_cnt
                0x0000000000064da8        0x4 /home/paul/RIOT/examples/LwM2M_Port/bin/native/xtimer.a(xtimer_core.o)
 .bss.timer_list_head
                0x0000000000064dac        0x4 /home/paul/RIOT/examples/LwM2M_Port/bin/native/xtimer.a(xtimer_core.o)
 .bss.overflow_list_head
                0x0000000000064db0        0x4 /home/paul/RIOT/examples/LwM2M_Port/bin/native/xtimer.a(xtimer_core.o)
 .bss.long_list_head
                0x0000000000064db4        0x4 /home/paul/RIOT/examples/LwM2M_Port/bin/native/xtimer.a(xtimer_core.o)
 .bss.message_id
                0x0000000000064db8        0x2 /home/paul/RIOT/examples/LwM2M_Port/bin/native/COAP.a(sn_coap_protocol.o)
 *fill*         0x0000000000064dba        0x6 
 .bss.netdev_tap
                0x0000000000064dc0       0x28 /home/paul/RIOT/examples/LwM2M_Port/bin/native/auto_init_gnrc_netif.a(auto_init_netdev_tap.o)
 *fill*         0x0000000000064de8       0x18 
 .bss._netdev_eth_stack
                0x0000000000064e00     0x2000 /home/paul/RIOT/examples/LwM2M_Port/bin/native/auto_init_gnrc_netif.a(auto_init_netdev_tap.o)
 .bss._next_index
                0x0000000000066e00        0x4 /home/paul/RIOT/examples/LwM2M_Port/bin/native/cpu.a(async_read.o)
 .bss._fds      0x0000000000066e04        0x8 /home/paul/RIOT/examples/LwM2M_Port/bin/native/cpu.a(async_read.o)
 .bss._args     0x0000000000066e0c        0x8 /home/paul/RIOT/examples/LwM2M_Port/bin/native/cpu.a(async_read.o)
 .bss._native_async_read_callbacks
                0x0000000000066e14        0x8 /home/paul/RIOT/examples/LwM2M_Port/bin/native/cpu.a(async_read.o)
 *fill*         0x0000000000066e1c        0x4 
 .bss._stack    0x0000000000066e20     0x2000 /home/paul/RIOT/examples/LwM2M_Port/bin/native/gnrc_ipv6.a(gnrc_ipv6.o)
 .bss.gnrc_ipv6_pid
                0x0000000000068e20        0x2 /home/paul/RIOT/examples/LwM2M_Port/bin/native/gnrc_ipv6.a(gnrc_ipv6.o)
                0x0000000000068e20                gnrc_ipv6_pid
 *fill*         0x0000000000068e22       0x1e 
 .bss._queue_pool
                0x0000000000068e40       0x20 /home/paul/RIOT/examples/LwM2M_Port/bin/native/gnrc_ipv6_nib.a(nib.o)
 .bss._prime_def_router
                0x0000000000068e60        0x4 /home/paul/RIOT/examples/LwM2M_Port/bin/native/gnrc_ipv6_nib.a(_nib-internal.o)
                0x0000000000068e60                _prime_def_router
 .bss._next_removable
                0x0000000000068e64        0x4 /home/paul/RIOT/examples/LwM2M_Port/bin/native/gnrc_ipv6_nib.a(_nib-internal.o)
 *fill*         0x0000000000068e68       0x18 
 .bss._nodes    0x0000000000068e80      0x120 /home/paul/RIOT/examples/LwM2M_Port/bin/native/gnrc_ipv6_nib.a(_nib-internal.o)
 .bss._dsts     0x0000000000068fa0      0x200 /home/paul/RIOT/examples/LwM2M_Port/bin/native/gnrc_ipv6_nib.a(_nib-internal.o)
 .bss._def_routers
                0x00000000000691a0       0x14 /home/paul/RIOT/examples/LwM2M_Port/bin/native/gnrc_ipv6_nib.a(_nib-internal.o)
 .bss._nib_mutex
                0x00000000000691b4        0x4 /home/paul/RIOT/examples/LwM2M_Port/bin/native/gnrc_ipv6_nib.a(_nib-internal.o)
                0x00000000000691b4                _nib_mutex
 .bss._nib_evtimer
                0x00000000000691b8       0x1c /home/paul/RIOT/examples/LwM2M_Port/bin/native/gnrc_ipv6_nib.a(_nib-internal.o)
                0x00000000000691b8                _nib_evtimer
 *fill*         0x00000000000691d4        0xc 
 .bss._netifs   0x00000000000691e0       0x98 /home/paul/RIOT/examples/LwM2M_Port/bin/native/gnrc_netif.a(gnrc_netif.o)
 .bss.netreg    0x0000000000069278       0x10 /home/paul/RIOT/examples/LwM2M_Port/bin/native/gnrc_netreg.a(gnrc_netreg.o)
 .bss._mutex    0x0000000000069288        0x4 /home/paul/RIOT/examples/LwM2M_Port/bin/native/gnrc_pktbuf_static.a(gnrc_pktbuf_static.o)
 *fill*         0x000000000006928c       0x14 
 .bss._pktbuf   0x00000000000692a0     0x1800 /home/paul/RIOT/examples/LwM2M_Port/bin/native/gnrc_pktbuf_static.a(gnrc_pktbuf_static.o)
 .bss._first_unused
                0x000000000006aaa0        0x4 /home/paul/RIOT/examples/LwM2M_Port/bin/native/gnrc_pktbuf_static.a(gnrc_pktbuf_static.o)
 .bss.max_byte_count
                0x000000000006aaa4        0x2 /home/paul/RIOT/examples/LwM2M_Port/bin/native/gnrc_pktbuf_static.a(gnrc_pktbuf_static.o)
 .bss._pid      0x000000000006aaa6        0x2 /home/paul/RIOT/examples/LwM2M_Port/bin/native/gnrc_udp.a(gnrc_udp.o)
 *fill*         0x000000000006aaa8       0x18 
 .bss._stack    0x000000000006aac0     0x2000 /home/paul/RIOT/examples/LwM2M_Port/bin/native/gnrc_udp.a(gnrc_udp.o)
 .bss.buf.5569  0x000000000006cac0      0x5ea /home/paul/RIOT/examples/LwM2M_Port/bin/native/netdev_tap.a(netdev_tap.o)
 *fill*         0x000000000006d0aa        0x2 
 .bss.time_null
                0x000000000006d0ac        0x4 /home/paul/RIOT/examples/LwM2M_Port/bin/native/periph.a(timer.o)
 .bss._callback
                0x000000000006d0b0        0x4 /home/paul/RIOT/examples/LwM2M_Port/bin/native/periph.a(timer.o)
 .bss._cb_arg   0x000000000006d0b4        0x4 /home/paul/RIOT/examples/LwM2M_Port/bin/native/periph.a(timer.o)
 .bss.itv       0x000000000006d0b8       0x10 /home/paul/RIOT/examples/LwM2M_Port/bin/native/periph.a(timer.o)
 .bss._random   0x000000000006d0c8       0x1c /home/paul/RIOT/examples/LwM2M_Port/bin/native/random.a(tinymt32.o)
 *(COMMON)
                0x000000000006d0e4                . = ALIGN ((. != 0x0)?0x4:0x1)
                0x000000000006d0e4                . = ALIGN (0x4)
                0x000000000006d0e4                . = SEGMENT_START ("ldata-segment", .)
                0x000000000006d0e4                . = ALIGN (0x4)
                0x000000000006d0e4                _end = .
                [!provide]                        PROVIDE (end = .)
                0x000000000006d0e4                . = DATA_SEGMENT_END (.)

.stab
 *(.stab)

.stabstr
 *(.stabstr)

.stab.excl
 *(.stab.excl)

.stab.exclstr
 *(.stab.exclstr)

.stab.index
 *(.stab.index)

.stab.indexstr
 *(.stab.indexstr)

.comment        0x0000000000000000       0x24
 *(.comment)
 .comment       0x0000000000000000       0x24 /usr/lib/gcc/x86_64-linux-gnu/7/32/crtbeginS.o
                                         0x25 (size before relaxing)
 .comment       0x0000000000000024       0x25 /home/paul/RIOT/examples/LwM2M_Port/bin/native/cpu/startup.o
 .comment       0x0000000000000024       0x25 /home/paul/RIOT/examples/LwM2M_Port/bin/native/application_LwM2M.a(main.o)
 .comment       0x0000000000000024       0x25 /home/paul/RIOT/examples/LwM2M_Port/bin/native/M2M.a(m2mstring.o)
 .comment       0x0000000000000024       0x25 /home/paul/RIOT/examples/LwM2M_Port/bin/native/M2M.a(m2mbase.o)
 .comment       0x0000000000000024       0x25 /home/paul/RIOT/examples/LwM2M_Port/bin/native/M2M.a(m2mstringbufferbase.o)
 .comment       0x0000000000000024       0x25 /home/paul/RIOT/examples/LwM2M_Port/bin/native/M2M.a(m2msecurity.o)
 .comment       0x0000000000000024       0x25 /home/paul/RIOT/examples/LwM2M_Port/bin/native/M2M.a(m2mcallbackstorage.o)
 .comment       0x0000000000000024       0x25 /home/paul/RIOT/examples/LwM2M_Port/bin/native/M2M.a(m2mobjectinstance.o)
 .comment       0x0000000000000024       0x25 /home/paul/RIOT/examples/LwM2M_Port/bin/native/M2M.a(m2minterfacefactory.o)
 .comment       0x0000000000000024       0x25 /home/paul/RIOT/examples/LwM2M_Port/bin/native/M2M.a(m2mtlvserializer.o)
 .comment       0x0000000000000024       0x25 /home/paul/RIOT/examples/LwM2M_Port/bin/native/M2M.a(m2mresourceinstance.o)
 .comment       0x0000000000000024       0x25 /home/paul/RIOT/examples/LwM2M_Port/bin/native/M2M.a(m2mfirmware.o)
 .comment       0x0000000000000024       0x25 /home/paul/RIOT/examples/LwM2M_Port/bin/native/M2M.a(m2minterfaceimpl.o)
 .comment       0x0000000000000024       0x25 /home/paul/RIOT/examples/LwM2M_Port/bin/native/M2M.a(nsdlaccesshelper.o)
 .comment       0x0000000000000024       0x25 /home/paul/RIOT/examples/LwM2M_Port/bin/native/M2M.a(m2mresourcebase.o)
 .comment       0x0000000000000024       0x25 /home/paul/RIOT/examples/LwM2M_Port/bin/native/M2M.a(m2mreporthandler.o)
 .comment       0x0000000000000024       0x25 /home/paul/RIOT/examples/LwM2M_Port/bin/native/M2M.a(m2mtlvdeserializer.o)
 .comment       0x0000000000000024       0x25 /home/paul/RIOT/examples/LwM2M_Port/bin/native/M2M.a(m2mobject.o)
 .comment       0x0000000000000024       0x25 /home/paul/RIOT/examples/LwM2M_Port/bin/native/M2M.a(m2mblockmessage.o)
 .comment       0x0000000000000024       0x25 /home/paul/RIOT/examples/LwM2M_Port/bin/native/M2M.a(m2mnsdlinterface.o)
 .comment       0x0000000000000024       0x25 /home/paul/RIOT/examples/LwM2M_Port/bin/native/M2M.a(m2mdevice.o)
 .comment       0x0000000000000024       0x25 /home/paul/RIOT/examples/LwM2M_Port/bin/native/M2M.a(m2mresource.o)
 .comment       0x0000000000000024       0x25 /home/paul/RIOT/examples/LwM2M_Port/bin/native/M2M.a(m2mserver.o)
 .comment       0x0000000000000024       0x25 /home/paul/RIOT/examples/LwM2M_Port/bin/native/M2MEventLoop.a(event.o)
 .comment       0x0000000000000024       0x25 /home/paul/RIOT/examples/LwM2M_Port/bin/native/M2MEventLoop.a(system_timer.o)
 .comment       0x0000000000000024       0x25 /home/paul/RIOT/examples/LwM2M_Port/bin/native/M2MEventLoop.a(ns_timer.o)
 .comment       0x0000000000000024       0x25 /home/paul/RIOT/examples/LwM2M_Port/bin/native/M2MHAL.a(ns_event_loop.o)
 .comment       0x0000000000000024       0x25 /home/paul/RIOT/examples/LwM2M_Port/bin/native/M2MHAL.a(ns_hal_init.o)
 .comment       0x0000000000000024       0x25 /home/paul/RIOT/examples/LwM2M_Port/bin/native/M2MHAL.a(arm_hal_interrupt.o)
 .comment       0x0000000000000024       0x25 /home/paul/RIOT/examples/LwM2M_Port/bin/native/M2MRIOT.a(m2mtimer.o)
 .comment       0x0000000000000024       0x25 /home/paul/RIOT/examples/LwM2M_Port/bin/native/M2MRIOT.a(m2mtimerpimpl.o)
 .comment       0x0000000000000024       0x25 /home/paul/RIOT/examples/LwM2M_Port/bin/native/M2MRIOT.a(m2mconnectionhandler.o)
 .comment       0x0000000000000024       0x25 /home/paul/RIOT/examples/LwM2M_Port/bin/native/M2MRIOT.a(m2mconnectionhandlerpimpl.o)
 .comment       0x0000000000000024       0x25 /home/paul/RIOT/examples/LwM2M_Port/bin/native/M2MUTIL.a(common_functions.o)
 .comment       0x0000000000000024       0x25 /home/paul/RIOT/examples/LwM2M_Port/bin/native/M2MUTIL.a(ns_list.o)
 .comment       0x0000000000000024       0x25 /home/paul/RIOT/examples/LwM2M_Port/bin/native/M2MUTIL.a(nsdynmemLIB.o)
 .comment       0x0000000000000024       0x25 /home/paul/RIOT/examples/LwM2M_Port/bin/native/M2MUTIL.a(randLIB.o)
 .comment       0x0000000000000024       0x25 /home/paul/RIOT/examples/LwM2M_Port/bin/native/MCOAP.a(sn_nsdl.o)
 .comment       0x0000000000000024       0x25 /home/paul/RIOT/examples/LwM2M_Port/bin/native/MCOAP.a(sn_grs.o)
 .comment       0x0000000000000024       0x25 /home/paul/RIOT/examples/LwM2M_Port/bin/native/board.a(board_init.o)
 .comment       0x0000000000000024       0x25 /home/paul/RIOT/examples/LwM2M_Port/bin/native/core.a(mutex.o)
 .comment       0x0000000000000024       0x25 /home/paul/RIOT/examples/LwM2M_Port/bin/native/core.a(sched.o)
 .comment       0x0000000000000024       0x25 /home/paul/RIOT/examples/LwM2M_Port/bin/native/core.a(kernel_init.o)
 .comment       0x0000000000000024       0x25 /home/paul/RIOT/examples/LwM2M_Port/bin/native/core.a(assert.o)
 .comment       0x0000000000000024       0x25 /home/paul/RIOT/examples/LwM2M_Port/bin/native/core.a(thread.o)
 .comment       0x0000000000000024       0x25 /home/paul/RIOT/examples/LwM2M_Port/bin/native/core.a(panic.o)
 .comment       0x0000000000000024       0x25 /home/paul/RIOT/examples/LwM2M_Port/bin/native/cpu.a(syscalls.o)
 .comment       0x0000000000000024       0x25 /home/paul/RIOT/examples/LwM2M_Port/bin/native/cpu.a(irq_cpu.o)
 .comment       0x0000000000000024       0x25 /home/paul/RIOT/examples/LwM2M_Port/bin/native/cpu.a(native_cpu.o)
 .comment       0x0000000000000024       0x25 /home/paul/RIOT/examples/LwM2M_Port/bin/native/native-drivers.a(native-led.o)
 .comment       0x0000000000000024       0x25 /home/paul/RIOT/examples/LwM2M_Port/bin/native/periph.a(uart.o)
 .comment       0x0000000000000024       0x25 /home/paul/RIOT/examples/LwM2M_Port/bin/native/periph.a(pm.o)
 .comment       0x0000000000000024       0x25 /home/paul/RIOT/examples/LwM2M_Port/bin/native/sema.a(sema.o)
 .comment       0x0000000000000024       0x25 /home/paul/RIOT/examples/LwM2M_Port/bin/native/xtimer.a(xtimer_core.o)
 .comment       0x0000000000000024       0x25 /home/paul/RIOT/examples/LwM2M_Port/bin/native/xtimer.a(xtimer.o)
 .comment       0x0000000000000024       0x25 /home/paul/RIOT/examples/LwM2M_Port/bin/native/periph_common.a(init.o)
 .comment       0x0000000000000024       0x25 /home/paul/RIOT/examples/LwM2M_Port/bin/native/COAP.a(sn_coap_parser.o)
 .comment       0x0000000000000024       0x25 /home/paul/RIOT/examples/LwM2M_Port/bin/native/COAP.a(sn_coap_builder.o)
 .comment       0x0000000000000024       0x25 /home/paul/RIOT/examples/LwM2M_Port/bin/native/COAP.a(sn_coap_header_check.o)
 .comment       0x0000000000000024       0x25 /home/paul/RIOT/examples/LwM2M_Port/bin/native/COAP.a(sn_coap_protocol.o)
 .comment       0x0000000000000024       0x25 /home/paul/RIOT/examples/LwM2M_Port/bin/native/auto_init.a(auto_init.o)
 .comment       0x0000000000000024       0x25 /home/paul/RIOT/examples/LwM2M_Port/bin/native/auto_init_gnrc_netif.a(auto_init_netdev_tap.o)
 .comment       0x0000000000000024       0x25 /home/paul/RIOT/examples/LwM2M_Port/bin/native/core.a(msg.o)
 .comment       0x0000000000000024       0x25 /home/paul/RIOT/examples/LwM2M_Port/bin/native/cpu.a(async_read.o)
 .comment       0x0000000000000024       0x25 /home/paul/RIOT/examples/LwM2M_Port/bin/native/div.a(div.o)
 .comment       0x0000000000000024       0x25 /home/paul/RIOT/examples/LwM2M_Port/bin/native/gnrc_ipv6.a(gnrc_ipv6.o)
 .comment       0x0000000000000024       0x25 /home/paul/RIOT/examples/LwM2M_Port/bin/native/gnrc_ipv6_nib.a(nib.o)
 .comment       0x0000000000000024       0x25 /home/paul/RIOT/examples/LwM2M_Port/bin/native/gnrc_ipv6_nib.a(_nib-arsm.o)
 .comment       0x0000000000000024       0x25 /home/paul/RIOT/examples/LwM2M_Port/bin/native/gnrc_ipv6_nib.a(_nib-internal.o)
 .comment       0x0000000000000024       0x25 /home/paul/RIOT/examples/LwM2M_Port/bin/native/gnrc_ndp.a(gnrc_ndp.o)
 .comment       0x0000000000000024       0x25 /home/paul/RIOT/examples/LwM2M_Port/bin/native/gnrc_netapi.a(gnrc_netapi.o)
 .comment       0x0000000000000024       0x25 /home/paul/RIOT/examples/LwM2M_Port/bin/native/gnrc_netif.a(gnrc_netif.o)
 .comment       0x0000000000000024       0x25 /home/paul/RIOT/examples/LwM2M_Port/bin/native/gnrc_netif.a(gnrc_netif_ethernet.o)
 .comment       0x0000000000000024       0x25 /home/paul/RIOT/examples/LwM2M_Port/bin/native/gnrc_netif_hdr.a(gnrc_netif_hdr.o)
 .comment       0x0000000000000024       0x25 /home/paul/RIOT/examples/LwM2M_Port/bin/native/gnrc_netreg.a(gnrc_netreg.o)
 .comment       0x0000000000000024       0x25 /home/paul/RIOT/examples/LwM2M_Port/bin/native/gnrc_pkt.a(gnrc_pkt.o)
 .comment       0x0000000000000024       0x25 /home/paul/RIOT/examples/LwM2M_Port/bin/native/gnrc_pktbuf.a(gnrc_pktbuf.o)
 .comment       0x0000000000000024       0x25 /home/paul/RIOT/examples/LwM2M_Port/bin/native/gnrc_pktbuf_static.a(gnrc_pktbuf_static.o)
 .comment       0x0000000000000024       0x25 /home/paul/RIOT/examples/LwM2M_Port/bin/native/gnrc_udp.a(gnrc_udp.o)
 .comment       0x0000000000000024       0x25 /home/paul/RIOT/examples/LwM2M_Port/bin/native/inet_csum.a(inet_csum.o)
 .comment       0x0000000000000024       0x25 /home/paul/RIOT/examples/LwM2M_Port/bin/native/ipv6_addr.a(ipv6_addr.o)
 .comment       0x0000000000000024       0x25 /home/paul/RIOT/examples/LwM2M_Port/bin/native/ipv6_addr.a(ipv6_addr_to_str.o)
 .comment       0x0000000000000024       0x25 /home/paul/RIOT/examples/LwM2M_Port/bin/native/netdev_tap.a(netdev_tap.o)
 .comment       0x0000000000000024       0x25 /home/paul/RIOT/examples/LwM2M_Port/bin/native/periph.a(timer.o)
 .comment       0x0000000000000024       0x25 /home/paul/RIOT/examples/LwM2M_Port/bin/native/random.a(random.o)
 .comment       0x0000000000000024       0x25 /home/paul/RIOT/examples/LwM2M_Port/bin/native/random.a(tinymt32.o)
 .comment       0x0000000000000024       0x25 /home/paul/RIOT/examples/LwM2M_Port/bin/native/tinymt32.a(tinymt32.o)
 .comment       0x0000000000000024       0x25 /home/paul/RIOT/examples/LwM2M_Port/bin/native/core.a(rmutex.o)
 .comment       0x0000000000000024       0x25 /home/paul/RIOT/examples/LwM2M_Port/bin/native/core.a(mbox.o)
 .comment       0x0000000000000024       0x25 /home/paul/RIOT/examples/LwM2M_Port/bin/native/evtimer.a(evtimer.o)
 .comment       0x0000000000000024       0x25 /home/paul/RIOT/examples/LwM2M_Port/bin/native/gnrc_icmpv6.a(gnrc_icmpv6.o)
 .comment       0x0000000000000024       0x25 /home/paul/RIOT/examples/LwM2M_Port/bin/native/gnrc_ipv6_hdr.a(gnrc_ipv6_hdr.o)
 .comment       0x0000000000000024       0x25 /home/paul/RIOT/examples/LwM2M_Port/bin/native/gnrc_ipv6_nib.a(nib_pl.o)
 .comment       0x0000000000000024       0x25 /home/paul/RIOT/examples/LwM2M_Port/bin/native/iolist.a(iolist.o)
 .comment       0x0000000000000024       0x25 /home/paul/RIOT/examples/LwM2M_Port/bin/native/luid.a(luid.o)
 .comment       0x0000000000000024       0x25 /home/paul/RIOT/examples/LwM2M_Port/bin/native/netdev_eth.a(netdev_eth.o)
 .comment       0x0000000000000024       0x25 /home/paul/RIOT/examples/LwM2M_Port/bin/native/periph.a(cpuid.o)
 .comment       0x0000000000000024       0x25 /usr/lib/gcc/x86_64-linux-gnu/7/32/crtendS.o

.debug
 *(.debug)

.line
 *(.line)

.debug_srcinfo
 *(.debug_srcinfo)

.debug_sfnames
 *(.debug_sfnames)

.debug_aranges
 *(.debug_aranges)

.debug_pubnames
 *(.debug_pubnames)

.debug_info
 *(.debug_info .gnu.linkonce.wi.*)

.debug_abbrev
 *(.debug_abbrev)

.debug_line
 *(.debug_line .debug_line.* .debug_line_end)

.debug_frame
 *(.debug_frame)

.debug_str
 *(.debug_str)

.debug_loc
 *(.debug_loc)

.debug_macinfo
 *(.debug_macinfo)

.debug_weaknames
 *(.debug_weaknames)

.debug_funcnames
 *(.debug_funcnames)

.debug_typenames
 *(.debug_typenames)

.debug_varnames
 *(.debug_varnames)

.debug_pubtypes
 *(.debug_pubtypes)

.debug_ranges
 *(.debug_ranges)

.debug_macro
 *(.debug_macro)

.debug_addr
 *(.debug_addr)

.gnu.attributes
 *(.gnu.attributes)

/DISCARD/
 *(.note.GNU-stack)
 *(.gnu_debuglink)
 *(.gnu.lto_*)
OUTPUT(/home/paul/RIOT/examples/LwM2M_Port/bin/native/LwM2M.elf elf32-i386)
